#
# Copyright (C) 2017-2019 Dremio Corporation
#
# Licensed under the Apache License, Version 2.0 (the "License");
# you may not use this file except in compliance with the License.
# You may obtain a copy of the License at
#
#     http://www.apache.org/licenses/LICENSE-2.0
#
# Unless required by applicable law or agreed to in writing, software
# distributed under the License is distributed on an "AS IS" BASIS,
# WITHOUT WARRANTIES OR CONDITIONS OF ANY KIND, either express or implied.
# See the License for the specific language governing permissions and
# limitations under the License.
#

---
 -
  description: "CURSOR IN MIDDLE QUERY"
  input: "SELECT DEPTNO, (SELECT ^ , (SELECT * FROM SALGRADE) FROM EMP) FROM DEPT"
  output:
   -
    column:
      name: "DEPTNO"
      type: "INTEGER"
    tableAlias: "DEPT"
   -
    column:
      name: "NAME"
      type: "VARCHAR"
    tableAlias: "DEPT"
   -
    column:
      name: "COMM"
      type: "INTEGER"
    tableAlias: "EMP"
   -
    column:
      name: "DEPTNO"
      type: "INTEGER"
    tableAlias: "EMP"
   -
    column:
      name: "EMPNO"
      type: "INTEGER"
    tableAlias: "EMP"
   -
    column:
      name: "ENAME"
      type: "VARCHAR"
    tableAlias: "EMP"
   -
    column:
      name: "HIREDATE"
      type: "TIMESTAMP"
    tableAlias: "EMP"
   -
    column:
      name: "JOB"
      type: "VARCHAR"
    tableAlias: "EMP"
   -
    column:
      name: "MGR"
      type: "INTEGER"
    tableAlias: "EMP"
   -
    column:
      name: "SAL"
      type: "INTEGER"
    tableAlias: "EMP"
   -
    column:
      name: "SLACKER"
      type: "BOOLEAN"
    tableAlias: "EMP"
 -
  description: "CURSOR IN INNER QUERY"
  input: "SELECT DEPTNO, (SELECT MAX(EMP.SAL), ^ FROM EMP) FROM DEPT"
  output:
   -
    column:
      name: "DEPTNO"
      type: "INTEGER"
    tableAlias: "DEPT"
   -
    column:
      name: "NAME"
      type: "VARCHAR"
    tableAlias: "DEPT"
   -
    column:
      name: "COMM"
      type: "INTEGER"
    tableAlias: "EMP"
   -
    column:
      name: "DEPTNO"
      type: "INTEGER"
    tableAlias: "EMP"
   -
    column:
      name: "EMPNO"
      type: "INTEGER"
    tableAlias: "EMP"
   -
    column:
      name: "ENAME"
      type: "VARCHAR"
    tableAlias: "EMP"
   -
    column:
      name: "HIREDATE"
      type: "TIMESTAMP"
    tableAlias: "EMP"
   -
    column:
      name: "JOB"
      type: "VARCHAR"
    tableAlias: "EMP"
   -
    column:
      name: "MGR"
      type: "INTEGER"
    tableAlias: "EMP"
   -
    column:
      name: "SAL"
      type: "INTEGER"
    tableAlias: "EMP"
   -
    column:
      name: "SLACKER"
      type: "BOOLEAN"
    tableAlias: "EMP"
 -
  description: "CURSOR IN OUTER QUERY"
  input: "SELECT DEPTNO, ^ , (SELECT MAX(EMP.SAL) FROM EMP) FROM DEPT"
  output:
   -
    column:
      name: "DEPTNO"
      type: "INTEGER"
    tableAlias: "DEPT"
   -
    column:
      name: "NAME"
      type: "VARCHAR"
    tableAlias: "DEPT"
 -
  description: "CURSOR IN MIDDLE QUERY"
  input: "SELECT DEPTNO, (SELECT ^ , (SELECT * FROM SALGRADE) FROM EMP) FROM DEPT"
  output:
   -
    column:
      name: "DEPTNO"
      type: "INTEGER"
    tableAlias: "DEPT"
   -
    column:
      name: "NAME"
      type: "VARCHAR"
    tableAlias: "DEPT"
   -
    column:
      name: "COMM"
      type: "INTEGER"
    tableAlias: "EMP"
   -
    column:
      name: "DEPTNO"
      type: "INTEGER"
    tableAlias: "EMP"
   -
    column:
      name: "EMPNO"
      type: "INTEGER"
    tableAlias: "EMP"
   -
    column:
      name: "ENAME"
      type: "VARCHAR"
    tableAlias: "EMP"
   -
    column:
      name: "HIREDATE"
      type: "TIMESTAMP"
    tableAlias: "EMP"
   -
    column:
      name: "JOB"
      type: "VARCHAR"
    tableAlias: "EMP"
   -
    column:
      name: "MGR"
      type: "INTEGER"
    tableAlias: "EMP"
   -
    column:
      name: "SAL"
      type: "INTEGER"
    tableAlias: "EMP"
   -
    column:
      name: "SLACKER"
      type: "BOOLEAN"
    tableAlias: "EMP"
 -
  description: "SUBQUERY AS FROM CLAUSE"
  input: "SELECT * FROM (SELECT ^ FROM EMP)"
  output:
   -
    column:
      name: "COMM"
      type: "INTEGER"
    tableAlias: "EMP"
   -
    column:
      name: "DEPTNO"
      type: "INTEGER"
    tableAlias: "EMP"
   -
    column:
      name: "EMPNO"
      type: "INTEGER"
    tableAlias: "EMP"
   -
    column:
      name: "ENAME"
      type: "VARCHAR"
    tableAlias: "EMP"
   -
    column:
      name: "HIREDATE"
      type: "TIMESTAMP"
    tableAlias: "EMP"
   -
    column:
      name: "JOB"
      type: "VARCHAR"
    tableAlias: "EMP"
   -
    column:
      name: "MGR"
      type: "INTEGER"
    tableAlias: "EMP"
   -
    column:
      name: "SAL"
      type: "INTEGER"
    tableAlias: "EMP"
   -
    column:
      name: "SLACKER"
      type: "BOOLEAN"
    tableAlias: "EMP"
