#
# Copyright (C) 2017-2019 Dremio Corporation
#
# Licensed under the Apache License, Version 2.0 (the "License");
# you may not use this file except in compliance with the License.
# You may obtain a copy of the License at
#
#     http://www.apache.org/licenses/LICENSE-2.0
#
# Unless required by applicable law or agreed to in writing, software
# distributed under the License is distributed on an "AS IS" BASIS,
# WITHOUT WARRANTIES OR CONDITIONS OF ANY KIND, either express or implied.
# See the License for the specific language governing permissions and
# limitations under the License.
#

---
 -
  description: "EMPTY STRING"
  input:
    corpus: ""
    position: 0
  output:
   -
    image: "\a"
    kind: 841
 -
  description: "END OF TOKEN"
  input:
    corpus: "HELLO"
    position: 5
  output:
   -
    image: "HELLO\a"
    kind: 837
 -
  description: "START OF TOKEN"
  input:
    corpus: "HELLO"
    position: 0
  output:
   -
    image: "\a"
    kind: 841
   -
    image: "HELLO"
    kind: 837
 -
  description: "Unattached Bell Character"
  input:
    corpus: "HELLO "
    position: 6
  output:
   -
    image: "HELLO"
    kind: 837
   -
    image: "\a"
    kind: 841
