#
# Copyright (C) 2017-2019 Dremio Corporation
#
# Licensed under the Apache License, Version 2.0 (the "License");
# you may not use this file except in compliance with the License.
# You may obtain a copy of the License at
#
#     http://www.apache.org/licenses/LICENSE-2.0
#
# Unless required by applicable law or agreed to in writing, software
# distributed under the License is distributed on an "AS IS" BASIS,
# WITHOUT WARRANTIES OR CONDITIONS OF ANY KIND, either express or implied.
# See the License for the specific language governing permissions and
# limitations under the License.
#

---
 -
  description: "DELETE"
  input: "DELETE ^"
  output:
    completions:
     -
      kind: "Keyword"
      label: "FROM"
    functionContext: null
    hasMoreResults: false
 -
  description: "DELETE + PARTIAL FROM"
  input: "DELETE FR^"
  output:
    completions:
     -
      kind: "Keyword"
      label: "FROM"
    functionContext: null
    hasMoreResults: false
 -
  description: "DELETE + FROM"
  input: "DELETE FROM ^"
  output:
    completions:
     -
      data:
        name: "DEPT"
        type: "Physical Dataset"
      insertText: "DEPT"
      kind: "CatalogEntry"
      label: "DEPT"
     -
      data:
        name: "EMP"
        type: "Physical Dataset"
      insertText: "EMP"
      kind: "CatalogEntry"
      label: "EMP"
     -
      data:
        name: "physical dataset"
        type: "Physical Dataset"
      insertText: "\"physical dataset\""
      kind: "CatalogEntry"
      label: "physical dataset"
     -
      data:
        name: "SALGRADE"
        type: "Virtual Dataset"
      insertText: "SALGRADE"
      kind: "CatalogEntry"
      label: "SALGRADE"
     -
      data:
        name: "virtual dataset"
        type: "Virtual Dataset"
      insertText: "\"virtual dataset\""
      kind: "CatalogEntry"
      label: "virtual dataset"
    functionContext: null
    hasMoreResults: true
 -
  description: "DELETE + FROM + TABLE"
  input: "DELETE FROM EMP ^"
  output:
    completions:
     -
      kind: "Keyword"
      label: "WHERE"
     -
      kind: "Keyword"
      label: ";"
     -
      kind: "Keyword"
      label: "USING"
    functionContext: null
    hasMoreResults: false
 -
  description: "DELETE + FROM + TABLE + AS"
  input: "DELETE FROM EMP AS ^"
  output:
    completions: []
    functionContext: null
    hasMoreResults: false
 -
  description: "DELETE + FROM + TABLE + AS + ALIAS"
  input: "DELETE FROM EMP AS e ^"
  output:
    completions:
     -
      kind: "Keyword"
      label: "WHERE"
     -
      kind: "Keyword"
      label: "USING"
     -
      kind: "Keyword"
      label: ";"
    functionContext: null
    hasMoreResults: false
 -
  description: "DELETE + FROM + TABLE + WHERE"
  input: "DELETE FROM EMP WHERE ^"
  output:
    completions:
     -
      data:
        column:
          name: "COMM"
          type: "INTEGER"
        tableAlias: "EMP"
      detail: "column (INTEGER) in EMP"
      insertText: "EMP.COMM"
      kind: "Column"
      label: "COMM"
     -
      data:
        column:
          name: "DEPTNO"
          type: "INTEGER"
        tableAlias: "EMP"
      detail: "column (INTEGER) in EMP"
      insertText: "EMP.DEPTNO"
      kind: "Column"
      label: "DEPTNO"
     -
      data:
        column:
          name: "EMPNO"
          type: "INTEGER"
        tableAlias: "EMP"
      detail: "column (INTEGER) in EMP"
      insertText: "EMP.EMPNO"
      kind: "Column"
      label: "EMPNO"
     -
      data:
        column:
          name: "ENAME"
          type: "VARCHAR"
        tableAlias: "EMP"
      detail: "column (VARCHAR) in EMP"
      insertText: "EMP.ENAME"
      kind: "Column"
      label: "ENAME"
     -
      data:
        column:
          name: "HIREDATE"
          type: "TIMESTAMP"
        tableAlias: "EMP"
      detail: "column (TIMESTAMP) in EMP"
      insertText: "EMP.HIREDATE"
      kind: "Column"
      label: "HIREDATE"
    functionContext: null
    hasMoreResults: true
 -
  description: "DELETE + FROM + TABLE + WHERE + CONDITION"
  input: "DELETE FROM EMP WHERE EMP.NAME = 'Brandon' ^"
  output:
    completions:
     -
      kind: "Keyword"
      label: "!="
     -
      kind: "Keyword"
      label: "%"
     -
      kind: "Keyword"
      label: "*"
     -
      kind: "Keyword"
      label: "+"
     -
      kind: "Keyword"
      label: "-"
    functionContext: null
    hasMoreResults: true
