#
# Copyright (C) 2017-2019 Dremio Corporation
#
# Licensed under the Apache License, Version 2.0 (the "License");
# you may not use this file except in compliance with the License.
# You may obtain a copy of the License at
#
#     http://www.apache.org/licenses/LICENSE-2.0
#
# Unless required by applicable law or agreed to in writing, software
# distributed under the License is distributed on an "AS IS" BASIS,
# WITHOUT WARRANTIES OR CONDITIONS OF ANY KIND, either express or implied.
# See the License for the specific language governing permissions and
# limitations under the License.
#

---
 -
  description: "ONLY NAME"
  input: "ANY_VALUE"
  output: "FAILED TO PARSE"
 -
  description: "NAME WITH ALL"
  input: "ANY_VALUE(ALL "
  output: "NAME: ANY_VALUE"
 -
  description: "NAME WITH DISTINCT"
  input: "ANY_VALUE(DISTINCT "
  output: "NAME: ANY_VALUE"
 -
  description: "NAME WITH DISTINCT VALUE"
  input: "ANY_VALUE(DISTINCT EMP.NUMBER "
  output:
   - "NAME: ANY_VALUE"
   - "PARAMETER: EMP . NUMBER "
 -
  description: "NAME WITH ALL VALUE"
  input: "ANY_VALUE(ALL EMP.NUMBER "
  output:
   - "NAME: ANY_VALUE"
   - "PARAMETER: EMP . NUMBER "
 -
  description: "NAME WITH VALUE"
  input: "ANY_VALUE(EMP.NUMBER"
  output:
   - "NAME: ANY_VALUE"
   - "PARAMETER: EMP . NUMBER "
 -
  description: "COMPLETE FUNCTION WITH DISTINCT"
  input: "ANY_VALUE(DISTINCT EMP.NUMBER)"
  output:
   - "NAME: ANY_VALUE"
   - "PARAMETER: EMP . NUMBER "
 -
  description: "COMPLETE FUNCTION WITH ALL"
  input: "ANY_VALUE(ALL EMP.NUMBER)"
  output:
   - "NAME: ANY_VALUE"
   - "PARAMETER: EMP . NUMBER "
 -
  description: "COMPLETE FUNCTION WITH VALUE"
  input: "ANY_VALUE(EMP.NUMBER)"
  output:
   - "NAME: ANY_VALUE"
   - "PARAMETER: EMP . NUMBER "
 -
  description: "ONLY NAME"
  input: "AVG"
  output: "FAILED TO PARSE"
 -
  description: "NAME WITH ALL"
  input: "AVG(ALL "
  output: "NAME: AVG"
 -
  description: "NAME WITH DISTINCT"
  input: "AVG(DISTINCT "
  output: "NAME: AVG"
 -
  description: "NAME WITH DISTINCT VALUE"
  input: "AVG(DISTINCT EMP.NUMBER "
  output:
   - "NAME: AVG"
   - "PARAMETER: EMP . NUMBER "
 -
  description: "NAME WITH ALL VALUE"
  input: "AVG(ALL EMP.NUMBER "
  output:
   - "NAME: AVG"
   - "PARAMETER: EMP . NUMBER "
 -
  description: "NAME WITH VALUE"
  input: "AVG(EMP.NUMBER"
  output:
   - "NAME: AVG"
   - "PARAMETER: EMP . NUMBER "
 -
  description: "COMPLETE FUNCTION WITH DISTINCT"
  input: "AVG(DISTINCT EMP.NUMBER)"
  output:
   - "NAME: AVG"
   - "PARAMETER: EMP . NUMBER "
 -
  description: "COMPLETE FUNCTION WITH ALL"
  input: "AVG(ALL EMP.NUMBER)"
  output:
   - "NAME: AVG"
   - "PARAMETER: EMP . NUMBER "
 -
  description: "COMPLETE FUNCTION WITH VALUE"
  input: "AVG(EMP.NUMBER)"
  output:
   - "NAME: AVG"
   - "PARAMETER: EMP . NUMBER "
 -
  description: "ONLY NAME"
  input: "BIT_AND"
  output: "FAILED TO PARSE"
 -
  description: "NAME WITH ALL"
  input: "BIT_AND(ALL "
  output: "NAME: BIT_AND"
 -
  description: "NAME WITH DISTINCT"
  input: "BIT_AND(DISTINCT "
  output: "NAME: BIT_AND"
 -
  description: "NAME WITH DISTINCT VALUE"
  input: "BIT_AND(DISTINCT EMP.NUMBER "
  output:
   - "NAME: BIT_AND"
   - "PARAMETER: EMP . NUMBER "
 -
  description: "NAME WITH ALL VALUE"
  input: "BIT_AND(ALL EMP.NUMBER "
  output:
   - "NAME: BIT_AND"
   - "PARAMETER: EMP . NUMBER "
 -
  description: "NAME WITH VALUE"
  input: "BIT_AND(EMP.NUMBER"
  output:
   - "NAME: BIT_AND"
   - "PARAMETER: EMP . NUMBER "
 -
  description: "COMPLETE FUNCTION WITH DISTINCT"
  input: "BIT_AND(DISTINCT EMP.NUMBER)"
  output:
   - "NAME: BIT_AND"
   - "PARAMETER: EMP . NUMBER "
 -
  description: "COMPLETE FUNCTION WITH ALL"
  input: "BIT_AND(ALL EMP.NUMBER)"
  output:
   - "NAME: BIT_AND"
   - "PARAMETER: EMP . NUMBER "
 -
  description: "COMPLETE FUNCTION WITH VALUE"
  input: "BIT_AND(EMP.NUMBER)"
  output:
   - "NAME: BIT_AND"
   - "PARAMETER: EMP . NUMBER "
 -
  description: "ONLY NAME"
  input: "BIT_OR"
  output: "FAILED TO PARSE"
 -
  description: "NAME WITH ALL"
  input: "BIT_OR(ALL "
  output: "NAME: BIT_OR"
 -
  description: "NAME WITH DISTINCT"
  input: "BIT_OR(DISTINCT "
  output: "NAME: BIT_OR"
 -
  description: "NAME WITH DISTINCT VALUE"
  input: "BIT_OR(DISTINCT EMP.NUMBER "
  output:
   - "NAME: BIT_OR"
   - "PARAMETER: EMP . NUMBER "
 -
  description: "NAME WITH ALL VALUE"
  input: "BIT_OR(ALL EMP.NUMBER "
  output:
   - "NAME: BIT_OR"
   - "PARAMETER: EMP . NUMBER "
 -
  description: "NAME WITH VALUE"
  input: "BIT_OR(EMP.NUMBER"
  output:
   - "NAME: BIT_OR"
   - "PARAMETER: EMP . NUMBER "
 -
  description: "COMPLETE FUNCTION WITH DISTINCT"
  input: "BIT_OR(DISTINCT EMP.NUMBER)"
  output:
   - "NAME: BIT_OR"
   - "PARAMETER: EMP . NUMBER "
 -
  description: "COMPLETE FUNCTION WITH ALL"
  input: "BIT_OR(ALL EMP.NUMBER)"
  output:
   - "NAME: BIT_OR"
   - "PARAMETER: EMP . NUMBER "
 -
  description: "COMPLETE FUNCTION WITH VALUE"
  input: "BIT_OR(EMP.NUMBER)"
  output:
   - "NAME: BIT_OR"
   - "PARAMETER: EMP . NUMBER "
 -
  description: "ONLY NAME"
  input: "BIT_XOR"
  output: "FAILED TO PARSE"
 -
  description: "NAME WITH ALL"
  input: "BIT_XOR(ALL "
  output: "NAME: BIT_XOR"
 -
  description: "NAME WITH DISTINCT"
  input: "BIT_XOR(DISTINCT "
  output: "NAME: BIT_XOR"
 -
  description: "NAME WITH DISTINCT VALUE"
  input: "BIT_XOR(DISTINCT EMP.NUMBER "
  output:
   - "NAME: BIT_XOR"
   - "PARAMETER: EMP . NUMBER "
 -
  description: "NAME WITH ALL VALUE"
  input: "BIT_XOR(ALL EMP.NUMBER "
  output:
   - "NAME: BIT_XOR"
   - "PARAMETER: EMP . NUMBER "
 -
  description: "NAME WITH VALUE"
  input: "BIT_XOR(EMP.NUMBER"
  output:
   - "NAME: BIT_XOR"
   - "PARAMETER: EMP . NUMBER "
 -
  description: "COMPLETE FUNCTION WITH DISTINCT"
  input: "BIT_XOR(DISTINCT EMP.NUMBER)"
  output:
   - "NAME: BIT_XOR"
   - "PARAMETER: EMP . NUMBER "
 -
  description: "COMPLETE FUNCTION WITH ALL"
  input: "BIT_XOR(ALL EMP.NUMBER)"
  output:
   - "NAME: BIT_XOR"
   - "PARAMETER: EMP . NUMBER "
 -
  description: "COMPLETE FUNCTION WITH VALUE"
  input: "BIT_XOR(EMP.NUMBER)"
  output:
   - "NAME: BIT_XOR"
   - "PARAMETER: EMP . NUMBER "
 -
  description: "ONLY NAME"
  input: "COUNT"
  output: "FAILED TO PARSE"
 -
  description: "NAME WITH ALL"
  input: "COUNT(ALL "
  output: "NAME: COUNT"
 -
  description: "NAME WITH DISTINCT"
  input: "COUNT(DISTINCT "
  output: "NAME: COUNT"
 -
  description: "NAME WITH DISTINCT VALUE"
  input: "COUNT(DISTINCT EMP.NUMBER "
  output:
   - "NAME: COUNT"
   - "PARAMETER: EMP . NUMBER "
 -
  description: "NAME WITH ALL VALUE"
  input: "COUNT(ALL EMP.NUMBER "
  output:
   - "NAME: COUNT"
   - "PARAMETER: EMP . NUMBER "
 -
  description: "NAME WITH VALUE"
  input: "COUNT(EMP.NUMBER"
  output:
   - "NAME: COUNT"
   - "PARAMETER: EMP . NUMBER "
 -
  description: "COMPLETE FUNCTION WITH DISTINCT"
  input: "COUNT(DISTINCT EMP.NUMBER)"
  output:
   - "NAME: COUNT"
   - "PARAMETER: EMP . NUMBER "
 -
  description: "COMPLETE FUNCTION WITH ALL"
  input: "COUNT(ALL EMP.NUMBER)"
  output:
   - "NAME: COUNT"
   - "PARAMETER: EMP . NUMBER "
 -
  description: "COMPLETE FUNCTION WITH VALUE"
  input: "COUNT(EMP.NUMBER)"
  output:
   - "NAME: COUNT"
   - "PARAMETER: EMP . NUMBER "
 -
  description: "ONLY NAME"
  input: "COLLECT"
  output: "FAILED TO PARSE"
 -
  description: "NAME WITH ALL"
  input: "COLLECT(ALL "
  output: "NAME: COLLECT"
 -
  description: "NAME WITH DISTINCT"
  input: "COLLECT(DISTINCT "
  output: "NAME: COLLECT"
 -
  description: "NAME WITH DISTINCT VALUE"
  input: "COLLECT(DISTINCT EMP.NUMBER "
  output:
   - "NAME: COLLECT"
   - "PARAMETER: EMP . NUMBER "
 -
  description: "NAME WITH ALL VALUE"
  input: "COLLECT(ALL EMP.NUMBER "
  output:
   - "NAME: COLLECT"
   - "PARAMETER: EMP . NUMBER "
 -
  description: "NAME WITH VALUE"
  input: "COLLECT(EMP.NUMBER"
  output:
   - "NAME: COLLECT"
   - "PARAMETER: EMP . NUMBER "
 -
  description: "COMPLETE FUNCTION WITH DISTINCT"
  input: "COLLECT(DISTINCT EMP.NUMBER)"
  output:
   - "NAME: COLLECT"
   - "PARAMETER: EMP . NUMBER "
 -
  description: "COMPLETE FUNCTION WITH ALL"
  input: "COLLECT(ALL EMP.NUMBER)"
  output:
   - "NAME: COLLECT"
   - "PARAMETER: EMP . NUMBER "
 -
  description: "COMPLETE FUNCTION WITH VALUE"
  input: "COLLECT(EMP.NUMBER)"
  output:
   - "NAME: COLLECT"
   - "PARAMETER: EMP . NUMBER "
 -
  description: "ONLY NAME"
  input: "MAX"
  output: "FAILED TO PARSE"
 -
  description: "NAME WITH ALL"
  input: "MAX(ALL "
  output: "NAME: MAX"
 -
  description: "NAME WITH DISTINCT"
  input: "MAX(DISTINCT "
  output: "NAME: MAX"
 -
  description: "NAME WITH DISTINCT VALUE"
  input: "MAX(DISTINCT EMP.NUMBER "
  output:
   - "NAME: MAX"
   - "PARAMETER: EMP . NUMBER "
 -
  description: "NAME WITH ALL VALUE"
  input: "MAX(ALL EMP.NUMBER "
  output:
   - "NAME: MAX"
   - "PARAMETER: EMP . NUMBER "
 -
  description: "NAME WITH VALUE"
  input: "MAX(EMP.NUMBER"
  output:
   - "NAME: MAX"
   - "PARAMETER: EMP . NUMBER "
 -
  description: "COMPLETE FUNCTION WITH DISTINCT"
  input: "MAX(DISTINCT EMP.NUMBER)"
  output:
   - "NAME: MAX"
   - "PARAMETER: EMP . NUMBER "
 -
  description: "COMPLETE FUNCTION WITH ALL"
  input: "MAX(ALL EMP.NUMBER)"
  output:
   - "NAME: MAX"
   - "PARAMETER: EMP . NUMBER "
 -
  description: "COMPLETE FUNCTION WITH VALUE"
  input: "MAX(EMP.NUMBER)"
  output:
   - "NAME: MAX"
   - "PARAMETER: EMP . NUMBER "
 -
  description: "ONLY NAME"
  input: "MIN"
  output: "FAILED TO PARSE"
 -
  description: "NAME WITH ALL"
  input: "MIN(ALL "
  output: "NAME: MIN"
 -
  description: "NAME WITH DISTINCT"
  input: "MIN(DISTINCT "
  output: "NAME: MIN"
 -
  description: "NAME WITH DISTINCT VALUE"
  input: "MIN(DISTINCT EMP.NUMBER "
  output:
   - "NAME: MIN"
   - "PARAMETER: EMP . NUMBER "
 -
  description: "NAME WITH ALL VALUE"
  input: "MIN(ALL EMP.NUMBER "
  output:
   - "NAME: MIN"
   - "PARAMETER: EMP . NUMBER "
 -
  description: "NAME WITH VALUE"
  input: "MIN(EMP.NUMBER"
  output:
   - "NAME: MIN"
   - "PARAMETER: EMP . NUMBER "
 -
  description: "COMPLETE FUNCTION WITH DISTINCT"
  input: "MIN(DISTINCT EMP.NUMBER)"
  output:
   - "NAME: MIN"
   - "PARAMETER: EMP . NUMBER "
 -
  description: "COMPLETE FUNCTION WITH ALL"
  input: "MIN(ALL EMP.NUMBER)"
  output:
   - "NAME: MIN"
   - "PARAMETER: EMP . NUMBER "
 -
  description: "COMPLETE FUNCTION WITH VALUE"
  input: "MIN(EMP.NUMBER)"
  output:
   - "NAME: MIN"
   - "PARAMETER: EMP . NUMBER "
 -
  description: "ONLY NAME"
  input: "STDDEV"
  output: "FAILED TO PARSE"
 -
  description: "NAME WITH ALL"
  input: "STDDEV(ALL "
  output: "NAME: STDDEV"
 -
  description: "NAME WITH DISTINCT"
  input: "STDDEV(DISTINCT "
  output: "NAME: STDDEV"
 -
  description: "NAME WITH DISTINCT VALUE"
  input: "STDDEV(DISTINCT EMP.NUMBER "
  output:
   - "NAME: STDDEV"
   - "PARAMETER: EMP . NUMBER "
 -
  description: "NAME WITH ALL VALUE"
  input: "STDDEV(ALL EMP.NUMBER "
  output:
   - "NAME: STDDEV"
   - "PARAMETER: EMP . NUMBER "
 -
  description: "NAME WITH VALUE"
  input: "STDDEV(EMP.NUMBER"
  output:
   - "NAME: STDDEV"
   - "PARAMETER: EMP . NUMBER "
 -
  description: "COMPLETE FUNCTION WITH DISTINCT"
  input: "STDDEV(DISTINCT EMP.NUMBER)"
  output:
   - "NAME: STDDEV"
   - "PARAMETER: EMP . NUMBER "
 -
  description: "COMPLETE FUNCTION WITH ALL"
  input: "STDDEV(ALL EMP.NUMBER)"
  output:
   - "NAME: STDDEV"
   - "PARAMETER: EMP . NUMBER "
 -
  description: "COMPLETE FUNCTION WITH VALUE"
  input: "STDDEV(EMP.NUMBER)"
  output:
   - "NAME: STDDEV"
   - "PARAMETER: EMP . NUMBER "
 -
  description: "ONLY NAME"
  input: "STDDEV_POP"
  output: "FAILED TO PARSE"
 -
  description: "NAME WITH ALL"
  input: "STDDEV_POP(ALL "
  output: "NAME: STDDEV_POP"
 -
  description: "NAME WITH DISTINCT"
  input: "STDDEV_POP(DISTINCT "
  output: "NAME: STDDEV_POP"
 -
  description: "NAME WITH DISTINCT VALUE"
  input: "STDDEV_POP(DISTINCT EMP.NUMBER "
  output:
   - "NAME: STDDEV_POP"
   - "PARAMETER: EMP . NUMBER "
 -
  description: "NAME WITH ALL VALUE"
  input: "STDDEV_POP(ALL EMP.NUMBER "
  output:
   - "NAME: STDDEV_POP"
   - "PARAMETER: EMP . NUMBER "
 -
  description: "NAME WITH VALUE"
  input: "STDDEV_POP(EMP.NUMBER"
  output:
   - "NAME: STDDEV_POP"
   - "PARAMETER: EMP . NUMBER "
 -
  description: "COMPLETE FUNCTION WITH DISTINCT"
  input: "STDDEV_POP(DISTINCT EMP.NUMBER)"
  output:
   - "NAME: STDDEV_POP"
   - "PARAMETER: EMP . NUMBER "
 -
  description: "COMPLETE FUNCTION WITH ALL"
  input: "STDDEV_POP(ALL EMP.NUMBER)"
  output:
   - "NAME: STDDEV_POP"
   - "PARAMETER: EMP . NUMBER "
 -
  description: "COMPLETE FUNCTION WITH VALUE"
  input: "STDDEV_POP(EMP.NUMBER)"
  output:
   - "NAME: STDDEV_POP"
   - "PARAMETER: EMP . NUMBER "
 -
  description: "ONLY NAME"
  input: "STDDEV_SAMP"
  output: "FAILED TO PARSE"
 -
  description: "NAME WITH ALL"
  input: "STDDEV_SAMP(ALL "
  output: "NAME: STDDEV_SAMP"
 -
  description: "NAME WITH DISTINCT"
  input: "STDDEV_SAMP(DISTINCT "
  output: "NAME: STDDEV_SAMP"
 -
  description: "NAME WITH DISTINCT VALUE"
  input: "STDDEV_SAMP(DISTINCT EMP.NUMBER "
  output:
   - "NAME: STDDEV_SAMP"
   - "PARAMETER: EMP . NUMBER "
 -
  description: "NAME WITH ALL VALUE"
  input: "STDDEV_SAMP(ALL EMP.NUMBER "
  output:
   - "NAME: STDDEV_SAMP"
   - "PARAMETER: EMP . NUMBER "
 -
  description: "NAME WITH VALUE"
  input: "STDDEV_SAMP(EMP.NUMBER"
  output:
   - "NAME: STDDEV_SAMP"
   - "PARAMETER: EMP . NUMBER "
 -
  description: "COMPLETE FUNCTION WITH DISTINCT"
  input: "STDDEV_SAMP(DISTINCT EMP.NUMBER)"
  output:
   - "NAME: STDDEV_SAMP"
   - "PARAMETER: EMP . NUMBER "
 -
  description: "COMPLETE FUNCTION WITH ALL"
  input: "STDDEV_SAMP(ALL EMP.NUMBER)"
  output:
   - "NAME: STDDEV_SAMP"
   - "PARAMETER: EMP . NUMBER "
 -
  description: "COMPLETE FUNCTION WITH VALUE"
  input: "STDDEV_SAMP(EMP.NUMBER)"
  output:
   - "NAME: STDDEV_SAMP"
   - "PARAMETER: EMP . NUMBER "
 -
  description: "ONLY NAME"
  input: "SUM"
  output: "FAILED TO PARSE"
 -
  description: "NAME WITH ALL"
  input: "SUM(ALL "
  output: "NAME: SUM"
 -
  description: "NAME WITH DISTINCT"
  input: "SUM(DISTINCT "
  output: "NAME: SUM"
 -
  description: "NAME WITH DISTINCT VALUE"
  input: "SUM(DISTINCT EMP.NUMBER "
  output:
   - "NAME: SUM"
   - "PARAMETER: EMP . NUMBER "
 -
  description: "NAME WITH ALL VALUE"
  input: "SUM(ALL EMP.NUMBER "
  output:
   - "NAME: SUM"
   - "PARAMETER: EMP . NUMBER "
 -
  description: "NAME WITH VALUE"
  input: "SUM(EMP.NUMBER"
  output:
   - "NAME: SUM"
   - "PARAMETER: EMP . NUMBER "
 -
  description: "COMPLETE FUNCTION WITH DISTINCT"
  input: "SUM(DISTINCT EMP.NUMBER)"
  output:
   - "NAME: SUM"
   - "PARAMETER: EMP . NUMBER "
 -
  description: "COMPLETE FUNCTION WITH ALL"
  input: "SUM(ALL EMP.NUMBER)"
  output:
   - "NAME: SUM"
   - "PARAMETER: EMP . NUMBER "
 -
  description: "COMPLETE FUNCTION WITH VALUE"
  input: "SUM(EMP.NUMBER)"
  output:
   - "NAME: SUM"
   - "PARAMETER: EMP . NUMBER "
 -
  description: "ONLY NAME"
  input: "VAR_POP"
  output: "FAILED TO PARSE"
 -
  description: "NAME WITH ALL"
  input: "VAR_POP(ALL "
  output: "NAME: VAR_POP"
 -
  description: "NAME WITH DISTINCT"
  input: "VAR_POP(DISTINCT "
  output: "NAME: VAR_POP"
 -
  description: "NAME WITH DISTINCT VALUE"
  input: "VAR_POP(DISTINCT EMP.NUMBER "
  output:
   - "NAME: VAR_POP"
   - "PARAMETER: EMP . NUMBER "
 -
  description: "NAME WITH ALL VALUE"
  input: "VAR_POP(ALL EMP.NUMBER "
  output:
   - "NAME: VAR_POP"
   - "PARAMETER: EMP . NUMBER "
 -
  description: "NAME WITH VALUE"
  input: "VAR_POP(EMP.NUMBER"
  output:
   - "NAME: VAR_POP"
   - "PARAMETER: EMP . NUMBER "
 -
  description: "COMPLETE FUNCTION WITH DISTINCT"
  input: "VAR_POP(DISTINCT EMP.NUMBER)"
  output:
   - "NAME: VAR_POP"
   - "PARAMETER: EMP . NUMBER "
 -
  description: "COMPLETE FUNCTION WITH ALL"
  input: "VAR_POP(ALL EMP.NUMBER)"
  output:
   - "NAME: VAR_POP"
   - "PARAMETER: EMP . NUMBER "
 -
  description: "COMPLETE FUNCTION WITH VALUE"
  input: "VAR_POP(EMP.NUMBER)"
  output:
   - "NAME: VAR_POP"
   - "PARAMETER: EMP . NUMBER "
 -
  description: "ONLY NAME"
  input: "VAR_SAMP"
  output: "FAILED TO PARSE"
 -
  description: "NAME WITH ALL"
  input: "VAR_SAMP(ALL "
  output: "NAME: VAR_SAMP"
 -
  description: "NAME WITH DISTINCT"
  input: "VAR_SAMP(DISTINCT "
  output: "NAME: VAR_SAMP"
 -
  description: "NAME WITH DISTINCT VALUE"
  input: "VAR_SAMP(DISTINCT EMP.NUMBER "
  output:
   - "NAME: VAR_SAMP"
   - "PARAMETER: EMP . NUMBER "
 -
  description: "NAME WITH ALL VALUE"
  input: "VAR_SAMP(ALL EMP.NUMBER "
  output:
   - "NAME: VAR_SAMP"
   - "PARAMETER: EMP . NUMBER "
 -
  description: "NAME WITH VALUE"
  input: "VAR_SAMP(EMP.NUMBER"
  output:
   - "NAME: VAR_SAMP"
   - "PARAMETER: EMP . NUMBER "
 -
  description: "COMPLETE FUNCTION WITH DISTINCT"
  input: "VAR_SAMP(DISTINCT EMP.NUMBER)"
  output:
   - "NAME: VAR_SAMP"
   - "PARAMETER: EMP . NUMBER "
 -
  description: "COMPLETE FUNCTION WITH ALL"
  input: "VAR_SAMP(ALL EMP.NUMBER)"
  output:
   - "NAME: VAR_SAMP"
   - "PARAMETER: EMP . NUMBER "
 -
  description: "COMPLETE FUNCTION WITH VALUE"
  input: "VAR_SAMP(EMP.NUMBER)"
  output:
   - "NAME: VAR_SAMP"
   - "PARAMETER: EMP . NUMBER "
 -
  description: "ONLY NAME"
  input: "LISTAGG"
  output: "FAILED TO PARSE"
 -
  description: "NAME WITH ALL"
  input: "LISTAGG(ALL "
  output: "NAME: LISTAGG"
 -
  description: "NAME WITH DISTINCT"
  input: "LISTAGG(DISTINCT "
  output: "NAME: LISTAGG"
 -
  description: "NAME WITH DISTINCT VALUE"
  input: "LISTAGG(DISTINCT EMP.NUMBER "
  output:
   - "NAME: LISTAGG"
   - "PARAMETER: EMP . NUMBER "
 -
  description: "NAME WITH ALL VALUE"
  input: "LISTAGG(ALL EMP.NUMBER "
  output:
   - "NAME: LISTAGG"
   - "PARAMETER: EMP . NUMBER "
 -
  description: "NAME WITH VALUE"
  input: "LISTAGG(EMP.NUMBER"
  output:
   - "NAME: LISTAGG"
   - "PARAMETER: EMP . NUMBER "
 -
  description: "COMPLETE FUNCTION WITH DISTINCT"
  input: "LISTAGG(DISTINCT EMP.NUMBER)"
  output:
   - "NAME: LISTAGG"
   - "PARAMETER: EMP . NUMBER "
 -
  description: "COMPLETE FUNCTION WITH ALL"
  input: "LISTAGG(ALL EMP.NUMBER)"
  output:
   - "NAME: LISTAGG"
   - "PARAMETER: EMP . NUMBER "
 -
  description: "COMPLETE FUNCTION WITH VALUE"
  input: "LISTAGG(EMP.NUMBER)"
  output:
   - "NAME: LISTAGG"
   - "PARAMETER: EMP . NUMBER "
 -
  description: "COMMA SEPARATED NAME WITH ONE PARAMETER"
  input: "COVAR_POP(EMP.NUMERIC1"
  output:
   - "NAME: COVAR_POP"
   - "PARAMETER: EMP . NUMERIC1 "
 -
  description: "COMMA SEPARATED NAME WITH ONE PARAMETER COMMA"
  input: "COVAR_POP(EMP.NUMERIC1, "
  output:
   - "NAME: COVAR_POP"
   - "PARAMETER: EMP . NUMERIC1 "
 -
  description: "COMMA SEPARATED NAME WITH TWO PARAMETERS"
  input: "COVAR_POP(EMP.NUMERIC1, EMP.NUMERIC2"
  output:
   - "NAME: COVAR_POP"
   - "PARAMETER: EMP . NUMERIC1 "
   - "PARAMETER: EMP . NUMERIC2 "
 -
  description: "COMMA SEPARATED COMPLETE FUNCTION"
  input: "COVAR_POP(EMP.NUMERIC1, EMP.NUMERIC2"
  output:
   - "NAME: COVAR_POP"
   - "PARAMETER: EMP . NUMERIC1 "
   - "PARAMETER: EMP . NUMERIC2 "
 -
  description: "COMMA SEPARATED NAME WITH ONE PARAMETER"
  input: "COVAR_SAMP(EMP.NUMERIC1"
  output:
   - "NAME: COVAR_SAMP"
   - "PARAMETER: EMP . NUMERIC1 "
 -
  description: "COMMA SEPARATED NAME WITH ONE PARAMETER COMMA"
  input: "COVAR_SAMP(EMP.NUMERIC1, "
  output:
   - "NAME: COVAR_SAMP"
   - "PARAMETER: EMP . NUMERIC1 "
 -
  description: "COMMA SEPARATED NAME WITH TWO PARAMETERS"
  input: "COVAR_SAMP(EMP.NUMERIC1, EMP.NUMERIC2"
  output:
   - "NAME: COVAR_SAMP"
   - "PARAMETER: EMP . NUMERIC1 "
   - "PARAMETER: EMP . NUMERIC2 "
 -
  description: "COMMA SEPARATED COMPLETE FUNCTION"
  input: "COVAR_SAMP(EMP.NUMERIC1, EMP.NUMERIC2"
  output:
   - "NAME: COVAR_SAMP"
   - "PARAMETER: EMP . NUMERIC1 "
   - "PARAMETER: EMP . NUMERIC2 "
 -
  description: "COMMA SEPARATED NAME WITH ONE PARAMETER"
  input: "REGR_COUNT(EMP.NUMERIC1"
  output:
   - "NAME: REGR_COUNT"
   - "PARAMETER: EMP . NUMERIC1 "
 -
  description: "COMMA SEPARATED NAME WITH ONE PARAMETER COMMA"
  input: "REGR_COUNT(EMP.NUMERIC1, "
  output:
   - "NAME: REGR_COUNT"
   - "PARAMETER: EMP . NUMERIC1 "
 -
  description: "COMMA SEPARATED NAME WITH TWO PARAMETERS"
  input: "REGR_COUNT(EMP.NUMERIC1, EMP.NUMERIC2"
  output:
   - "NAME: REGR_COUNT"
   - "PARAMETER: EMP . NUMERIC1 "
   - "PARAMETER: EMP . NUMERIC2 "
 -
  description: "COMMA SEPARATED COMPLETE FUNCTION"
  input: "REGR_COUNT(EMP.NUMERIC1, EMP.NUMERIC2"
  output:
   - "NAME: REGR_COUNT"
   - "PARAMETER: EMP . NUMERIC1 "
   - "PARAMETER: EMP . NUMERIC2 "
 -
  description: "COMMA SEPARATED NAME WITH ONE PARAMETER"
  input: "REGR_SXX(EMP.NUMERIC1"
  output:
   - "NAME: REGR_SXX"
   - "PARAMETER: EMP . NUMERIC1 "
 -
  description: "COMMA SEPARATED NAME WITH ONE PARAMETER COMMA"
  input: "REGR_SXX(EMP.NUMERIC1, "
  output:
   - "NAME: REGR_SXX"
   - "PARAMETER: EMP . NUMERIC1 "
 -
  description: "COMMA SEPARATED NAME WITH TWO PARAMETERS"
  input: "REGR_SXX(EMP.NUMERIC1, EMP.NUMERIC2"
  output:
   - "NAME: REGR_SXX"
   - "PARAMETER: EMP . NUMERIC1 "
   - "PARAMETER: EMP . NUMERIC2 "
 -
  description: "COMMA SEPARATED COMPLETE FUNCTION"
  input: "REGR_SXX(EMP.NUMERIC1, EMP.NUMERIC2"
  output:
   - "NAME: REGR_SXX"
   - "PARAMETER: EMP . NUMERIC1 "
   - "PARAMETER: EMP . NUMERIC2 "
 -
  description: "COMMA SEPARATED NAME WITH ONE PARAMETER"
  input: "REGR_SYY(EMP.NUMERIC1"
  output:
   - "NAME: REGR_SYY"
   - "PARAMETER: EMP . NUMERIC1 "
 -
  description: "COMMA SEPARATED NAME WITH ONE PARAMETER COMMA"
  input: "REGR_SYY(EMP.NUMERIC1, "
  output:
   - "NAME: REGR_SYY"
   - "PARAMETER: EMP . NUMERIC1 "
 -
  description: "COMMA SEPARATED NAME WITH TWO PARAMETERS"
  input: "REGR_SYY(EMP.NUMERIC1, EMP.NUMERIC2"
  output:
   - "NAME: REGR_SYY"
   - "PARAMETER: EMP . NUMERIC1 "
   - "PARAMETER: EMP . NUMERIC2 "
 -
  description: "COMMA SEPARATED COMPLETE FUNCTION"
  input: "REGR_SYY(EMP.NUMERIC1, EMP.NUMERIC2"
  output:
   - "NAME: REGR_SYY"
   - "PARAMETER: EMP . NUMERIC1 "
   - "PARAMETER: EMP . NUMERIC2 "
 -
  description: "COMMA SEPARATED NAME WITH ONE PARAMETER"
  input: "APPROX_COUNT_DISTINCT(EMP.NUMERIC1"
  output:
   - "NAME: APPROX_COUNT_DISTINCT"
   - "PARAMETER: EMP . NUMERIC1 "
 -
  description: "COMMA SEPARATED NAME WITH ONE PARAMETER COMMA"
  input: "APPROX_COUNT_DISTINCT(EMP.NUMERIC1, "
  output:
   - "NAME: APPROX_COUNT_DISTINCT"
   - "PARAMETER: EMP . NUMERIC1 "
 -
  description: "COMMA SEPARATED NAME WITH TWO PARAMETERS"
  input: "APPROX_COUNT_DISTINCT(EMP.NUMERIC1, EMP.NUMERIC2"
  output:
   - "NAME: APPROX_COUNT_DISTINCT"
   - "PARAMETER: EMP . NUMERIC1 "
   - "PARAMETER: EMP . NUMERIC2 "
 -
  description: "COMMA SEPARATED COMPLETE FUNCTION"
  input: "APPROX_COUNT_DISTINCT(EMP.NUMERIC1, EMP.NUMERIC2"
  output:
   - "NAME: APPROX_COUNT_DISTINCT"
   - "PARAMETER: EMP . NUMERIC1 "
   - "PARAMETER: EMP . NUMERIC2 "
 -
  description: "CONDITIONED INCOMPLETE CONDITION"
  input: "EVERY(EMP.NUMBER"
  output:
   - "NAME: EVERY"
   - "PARAMETER: EMP . NUMBER "
 -
  description: "CONDITIONED WITH CONDITION"
  input: "EVERY(EMP.NUMBER < 0"
  output:
   - "NAME: EVERY"
   - "PARAMETER: EMP . NUMBER < 0 "
 -
  description: "CONDITIONED INCOMPLETE CONDITION"
  input: "SOME(EMP.NUMBER"
  output:
   - "NAME: SOME"
   - "PARAMETER: EMP . NUMBER "
 -
  description: "CONDITIONED WITH CONDITION"
  input: "SOME(EMP.NUMBER < 0"
  output:
   - "NAME: SOME"
   - "PARAMETER: EMP . NUMBER < 0 "
 -
  description: "MULTISET WITH INCOMPLETE PARAMETER"
  input: "FUSION(MULTISET(SELECT NAME "
  output:
   - "NAME: FUSION"
   - "PARAMETER: MULTISET ( SELECT NAME "
 -
  description: "MULTISET WITH PARAMETER"
  input: "FUSION(MULTISET(SELECT NAME FROM EMP)"
  output:
   - "NAME: FUSION"
   - "PARAMETER: MULTISET ( SELECT NAME FROM EMP ) "
 -
  description: "MULTISET COMPLETE FUNCTION"
  input: "FUSION(MULTISET(SELECT NAME FROM EMP))"
  output:
   - "NAME: FUSION"
   - "PARAMETER: MULTISET ( SELECT NAME FROM EMP ) "
 -
  description: "MULTISET WITH INCOMPLETE PARAMETER"
  input: "INTERSECTION(MULTISET(SELECT NAME "
  output:
   - "NAME: INTERSECTION"
   - "PARAMETER: MULTISET ( SELECT NAME "
 -
  description: "MULTISET WITH PARAMETER"
  input: "INTERSECTION(MULTISET(SELECT NAME FROM EMP)"
  output:
   - "NAME: INTERSECTION"
   - "PARAMETER: MULTISET ( SELECT NAME FROM EMP ) "
 -
  description: "MULTISET COMPLETE FUNCTION"
  input: "INTERSECTION(MULTISET(SELECT NAME FROM EMP))"
  output:
   - "NAME: INTERSECTION"
   - "PARAMETER: MULTISET ( SELECT NAME FROM EMP ) "
 -
  description: "COUNT WITH STAR"
  input: "COUNT(*"
  output: "NAME: COUNT"
 -
  description: "COMPLETE COUNT WITH STAR"
  input: "COUNT(* )"
  output: "NAME: COUNT"
 -
  description: "COUNT WITH ALL MULTIPLE PARAMETERS"
  input: "COUNT(ALL EMP.NUMBER, EMP.NAME, EMP.OFFICE"
  output:
   - "NAME: COUNT"
   - "PARAMETER: EMP . NUMBER "
   - "PARAMETER: EMP . NAME "
   - "PARAMETER: EMP . OFFICE "
 -
  description: "COUNT WITH DISTINCT MULTIPLE PARAMETERS"
  input: "COUNT(DISTINCT EMP.NUMBER, EMP.NAME, EMP.OFFICE"
  output:
   - "NAME: COUNT"
   - "PARAMETER: EMP . NUMBER "
   - "PARAMETER: EMP . NAME "
   - "PARAMETER: EMP . OFFICE "
 -
  description: "MODE NAME ONLY"
  input: "MODE( "
  output: "NAME: MODE"
 -
  description: "MODE WITH ONE PARAMETER"
  input: "MODE( EMP.NUMBER"
  output:
   - "NAME: MODE"
   - "PARAMETER: EMP . NUMBER "
 -
  description: "MODE COMPLETE"
  input: "MODE( EMP.NUMBER )"
  output:
   - "NAME: MODE"
   - "PARAMETER: EMP . NUMBER "
