#
# Copyright (C) 2017-2019 Dremio Corporation
#
# Licensed under the Apache License, Version 2.0 (the "License");
# you may not use this file except in compliance with the License.
# You may obtain a copy of the License at
#
#     http://www.apache.org/licenses/LICENSE-2.0
#
# Unless required by applicable law or agreed to in writing, software
# distributed under the License is distributed on an "AS IS" BASIS,
# WITHOUT WARRANTIES OR CONDITIONS OF ANY KIND, either express or implied.
# See the License for the specific language governing permissions and
# limitations under the License.
#

---
 -
  description: "SIMPLE"
  input: "SELECT ABS(^ FROM EMP"
  output:
    completions:
     -
      data:
        column:
          name: "COMM"
          type: "INTEGER"
        tableAlias: "EMP"
      detail: "column (INTEGER) in EMP"
      insertText: "EMP.COMM"
      kind: "Column"
      label: "COMM"
     -
      data:
        column:
          name: "DEPTNO"
          type: "INTEGER"
        tableAlias: "EMP"
      detail: "column (INTEGER) in EMP"
      insertText: "EMP.DEPTNO"
      kind: "Column"
      label: "DEPTNO"
     -
      data:
        column:
          name: "EMPNO"
          type: "INTEGER"
        tableAlias: "EMP"
      detail: "column (INTEGER) in EMP"
      insertText: "EMP.EMPNO"
      kind: "Column"
      label: "EMPNO"
     -
      data:
        column:
          name: "MGR"
          type: "INTEGER"
        tableAlias: "EMP"
      detail: "column (INTEGER) in EMP"
      insertText: "EMP.MGR"
      kind: "Column"
      label: "MGR"
     -
      data:
        column:
          name: "SAL"
          type: "INTEGER"
        tableAlias: "EMP"
      detail: "column (INTEGER) in EMP"
      insertText: "EMP.SAL"
      kind: "Column"
      label: "SAL"
    functionContext:
      function:
        description: "Computes the absolute value of a numeric expression.\n"
        dremioVersion: "1.0+"
        functionCategories:
         - "MATH"
        name: "ABS"
        signatures:
         -
          description: "Returns a numeric or NULL if the <numeric_expression> is NULL. (Same return type as the input)"
          parameters:
           -
            description: "BINARY, DECIMAL, DOUBLE, NUMERIC, INTEGER"
            kind: "REGULAR"
            name: "numeric_expression"
            type: "NUMERIC"
          returnType: "NUMERIC"
          sampleCodes:
           -
            call: "SELECT ABS(0.0)"
            result: "0.0"
           -
            call: "SELECT ABS(-2)"
            result: "2"
           -
            call: "SELECT ABS(NULL)"
            result: ""
      missingTypes:
       - "NUMERIC"
      signaturesMatched:
       -
        description: "Returns a numeric or NULL if the <numeric_expression> is NULL. (Same return type as the input)"
        parameters:
         -
          description: "BINARY, DECIMAL, DOUBLE, NUMERIC, INTEGER"
          kind: "REGULAR"
          name: "numeric_expression"
          type: "NUMERIC"
        returnType: "NUMERIC"
        sampleCodes:
         -
          call: "SELECT ABS(0.0)"
          result: "0.0"
         -
          call: "SELECT ABS(-2)"
          result: "2"
         -
          call: "SELECT ABS(NULL)"
          result: ""
      suppliedParameterTypes:
        afterCursor: []
        beforeCursor: []
    hasMoreResults: true
 -
  description: "FUNCTION No Source"
  input: "SELECT REPLACE('hello', ^"
  output:
    completions:
     -
      insertText: "CLASSIFIER()"
      kind: "Function"
      label: "CLASSIFIER()"
     -
      insertText: "CURRENT_CATALOG()"
      kind: "Function"
      label: "CURRENT_CATALOG()"
     -
      insertText: "CURRENT_PATH()"
      kind: "Function"
      label: "CURRENT_PATH()"
     -
      insertText: "CURRENT_ROLE()"
      kind: "Function"
      label: "CURRENT_ROLE()"
     -
      detail: "Returns the path/schema in use by the current session."
      insertText: "CURRENT_SCHEMA()"
      kind: "Function"
      label: "CURRENT_SCHEMA()"
    functionContext:
      function:
        description: "Removes all occurrences of a specified subSTRING and replaces them with another STRING."
        dremioVersion: "1.0+"
        functionCategories:
         - "CHARACTER"
        name: "REPLACE"
        signatures:
         -
          description: "Returns the string after the replacements have been made."
          parameters:
           -
            description: "String expression in which to do the replacements."
            kind: "REGULAR"
            name: "string_expression"
            type: "CHARACTERS"
           -
            description: "The pattern you want replace in the string_expression."
            kind: "REGULAR"
            name: "pattern"
            type: "CHARACTERS"
           -
            description: "The string to replace the occurrences of the pattern with."
            kind: "REGULAR"
            name: "replacement"
            type: "CHARACTERS"
          returnType: "CHARACTERS"
          sampleCodes:
           -
            call: "SELECT REPLACE('THE CATATONIC CAT', 'CAT', 'DOG')"
            result: "sample return 1"
      missingTypes:
       - "CHARACTERS"
      signaturesMatched:
       -
        description: "Returns the string after the replacements have been made."
        parameters:
         -
          description: "String expression in which to do the replacements."
          kind: "REGULAR"
          name: "string_expression"
          type: "CHARACTERS"
         -
          description: "The pattern you want replace in the string_expression."
          kind: "REGULAR"
          name: "pattern"
          type: "CHARACTERS"
         -
          description: "The string to replace the occurrences of the pattern with."
          kind: "REGULAR"
          name: "replacement"
          type: "CHARACTERS"
        returnType: "CHARACTERS"
        sampleCodes:
         -
          call: "SELECT REPLACE('THE CATATONIC CAT', 'CAT', 'DOG')"
          result: "sample return 1"
      suppliedParameterTypes:
        afterCursor: []
        beforeCursor:
         - "CHARACTERS"
    hasMoreResults: true
 -
  description: "FUNCTION ONE ARG"
  input: "SELECT REPLACE(EMP.ENAME ^ FROM EMP"
  output:
    completions:
     -
      kind: "Keyword"
      label: ")"
     -
      kind: "Keyword"
      label: "="
     -
      kind: "Keyword"
      label: "<"
     -
      kind: "Keyword"
      label: "AND"
     -
      kind: "Keyword"
      label: ">"
    functionContext: null
    hasMoreResults: true
 -
  description: "FUNCTION ONE ARG + COMMA "
  input: "SELECT REPLACE(EMP.ENAME, ^ FROM EMP"
  output:
    completions:
     -
      data:
        column:
          name: "ENAME"
          type: "VARCHAR"
        tableAlias: "EMP"
      detail: "column (VARCHAR) in EMP"
      insertText: "EMP.ENAME"
      kind: "Column"
      label: "ENAME"
     -
      data:
        column:
          name: "JOB"
          type: "VARCHAR"
        tableAlias: "EMP"
      detail: "column (VARCHAR) in EMP"
      insertText: "EMP.JOB"
      kind: "Column"
      label: "JOB"
     -
      insertText: "AES_DECRYPT(${1:CHARACTERS}, ${2:CHARACTERS})"
      kind: "Function"
      label: "AES_DECRYPT(???, ???)"
     -
      insertText: "AES_ENCRYPT(${1:CHARACTERS}, ${2:CHARACTERS})"
      kind: "Function"
      label: "AES_ENCRYPT(???, ???)"
     -
      insertText: "BIN(${1:INT})"
      kind: "Function"
      label: "BIN(???)"
    functionContext:
      function:
        description: "Removes all occurrences of a specified subSTRING and replaces them with another STRING."
        dremioVersion: "1.0+"
        functionCategories:
         - "CHARACTER"
        name: "REPLACE"
        signatures:
         -
          description: "Returns the string after the replacements have been made."
          parameters:
           -
            description: "String expression in which to do the replacements."
            kind: "REGULAR"
            name: "string_expression"
            type: "CHARACTERS"
           -
            description: "The pattern you want replace in the string_expression."
            kind: "REGULAR"
            name: "pattern"
            type: "CHARACTERS"
           -
            description: "The string to replace the occurrences of the pattern with."
            kind: "REGULAR"
            name: "replacement"
            type: "CHARACTERS"
          returnType: "CHARACTERS"
          sampleCodes:
           -
            call: "SELECT REPLACE('THE CATATONIC CAT', 'CAT', 'DOG')"
            result: "sample return 1"
      missingTypes:
       - "CHARACTERS"
      signaturesMatched:
       -
        description: "Returns the string after the replacements have been made."
        parameters:
         -
          description: "String expression in which to do the replacements."
          kind: "REGULAR"
          name: "string_expression"
          type: "CHARACTERS"
         -
          description: "The pattern you want replace in the string_expression."
          kind: "REGULAR"
          name: "pattern"
          type: "CHARACTERS"
         -
          description: "The string to replace the occurrences of the pattern with."
          kind: "REGULAR"
          name: "replacement"
          type: "CHARACTERS"
        returnType: "CHARACTERS"
        sampleCodes:
         -
          call: "SELECT REPLACE('THE CATATONIC CAT', 'CAT', 'DOG')"
          result: "sample return 1"
      suppliedParameterTypes:
        afterCursor: []
        beforeCursor:
         - "CHARACTERS"
    hasMoreResults: true
 -
  description: "FUNCTION ONE ARG + COMMA + ONE ARG"
  input: "SELECT REPLACE(EMP.ENAME, 'world'^ FROM EMP"
  output:
    completions:
     -
      kind: "Keyword"
      label: ","
     -
      kind: "Keyword"
      label: ")"
     -
      kind: "Keyword"
      label: "!="
     -
      kind: "Keyword"
      label: "%"
     -
      kind: "Keyword"
      label: "*"
    functionContext: null
    hasMoreResults: true
 -
  description: "FUNCTION LAST ARG + COMPLETE FUNCTION"
  input: "SELECT REPLACE(EMP.ENAME, EMP.ENAME, ^) FROM EMP"
  output:
    completions:
     -
      data:
        column:
          name: "ENAME"
          type: "VARCHAR"
        tableAlias: "EMP"
      detail: "column (VARCHAR) in EMP"
      insertText: "EMP.ENAME"
      kind: "Column"
      label: "ENAME"
     -
      data:
        column:
          name: "JOB"
          type: "VARCHAR"
        tableAlias: "EMP"
      detail: "column (VARCHAR) in EMP"
      insertText: "EMP.JOB"
      kind: "Column"
      label: "JOB"
     -
      insertText: "AES_DECRYPT(${1:CHARACTERS}, ${2:CHARACTERS})"
      kind: "Function"
      label: "AES_DECRYPT(???, ???)"
     -
      insertText: "AES_ENCRYPT(${1:CHARACTERS}, ${2:CHARACTERS})"
      kind: "Function"
      label: "AES_ENCRYPT(???, ???)"
     -
      insertText: "BIN(${1:INT})"
      kind: "Function"
      label: "BIN(???)"
    functionContext:
      function:
        description: "Removes all occurrences of a specified subSTRING and replaces them with another STRING."
        dremioVersion: "1.0+"
        functionCategories:
         - "CHARACTER"
        name: "REPLACE"
        signatures:
         -
          description: "Returns the string after the replacements have been made."
          parameters:
           -
            description: "String expression in which to do the replacements."
            kind: "REGULAR"
            name: "string_expression"
            type: "CHARACTERS"
           -
            description: "The pattern you want replace in the string_expression."
            kind: "REGULAR"
            name: "pattern"
            type: "CHARACTERS"
           -
            description: "The string to replace the occurrences of the pattern with."
            kind: "REGULAR"
            name: "replacement"
            type: "CHARACTERS"
          returnType: "CHARACTERS"
          sampleCodes:
           -
            call: "SELECT REPLACE('THE CATATONIC CAT', 'CAT', 'DOG')"
            result: "sample return 1"
      missingTypes:
       - "CHARACTERS"
      signaturesMatched:
       -
        description: "Returns the string after the replacements have been made."
        parameters:
         -
          description: "String expression in which to do the replacements."
          kind: "REGULAR"
          name: "string_expression"
          type: "CHARACTERS"
         -
          description: "The pattern you want replace in the string_expression."
          kind: "REGULAR"
          name: "pattern"
          type: "CHARACTERS"
         -
          description: "The string to replace the occurrences of the pattern with."
          kind: "REGULAR"
          name: "replacement"
          type: "CHARACTERS"
        returnType: "CHARACTERS"
        sampleCodes:
         -
          call: "SELECT REPLACE('THE CATATONIC CAT', 'CAT', 'DOG')"
          result: "sample return 1"
      suppliedParameterTypes:
        afterCursor: []
        beforeCursor:
         - "CHARACTERS"
         - "CHARACTERS"
    hasMoreResults: true
 -
  description: "FUNCTION MIDDLE ARG + COMPLETE FUNCTION"
  input: "SELECT REPLACE(EMP.ENAME, ^, EMP.ENAME) FROM EMP"
  output:
    completions:
     -
      data:
        column:
          name: "ENAME"
          type: "VARCHAR"
        tableAlias: "EMP"
      detail: "column (VARCHAR) in EMP"
      insertText: "EMP.ENAME"
      kind: "Column"
      label: "ENAME"
     -
      data:
        column:
          name: "JOB"
          type: "VARCHAR"
        tableAlias: "EMP"
      detail: "column (VARCHAR) in EMP"
      insertText: "EMP.JOB"
      kind: "Column"
      label: "JOB"
     -
      insertText: "AES_DECRYPT(${1:CHARACTERS}, ${2:CHARACTERS})"
      kind: "Function"
      label: "AES_DECRYPT(???, ???)"
     -
      insertText: "AES_ENCRYPT(${1:CHARACTERS}, ${2:CHARACTERS})"
      kind: "Function"
      label: "AES_ENCRYPT(???, ???)"
     -
      insertText: "BIN(${1:INT})"
      kind: "Function"
      label: "BIN(???)"
    functionContext:
      function:
        description: "Removes all occurrences of a specified subSTRING and replaces them with another STRING."
        dremioVersion: "1.0+"
        functionCategories:
         - "CHARACTER"
        name: "REPLACE"
        signatures:
         -
          description: "Returns the string after the replacements have been made."
          parameters:
           -
            description: "String expression in which to do the replacements."
            kind: "REGULAR"
            name: "string_expression"
            type: "CHARACTERS"
           -
            description: "The pattern you want replace in the string_expression."
            kind: "REGULAR"
            name: "pattern"
            type: "CHARACTERS"
           -
            description: "The string to replace the occurrences of the pattern with."
            kind: "REGULAR"
            name: "replacement"
            type: "CHARACTERS"
          returnType: "CHARACTERS"
          sampleCodes:
           -
            call: "SELECT REPLACE('THE CATATONIC CAT', 'CAT', 'DOG')"
            result: "sample return 1"
      missingTypes:
       - "CHARACTERS"
      signaturesMatched:
       -
        description: "Returns the string after the replacements have been made."
        parameters:
         -
          description: "String expression in which to do the replacements."
          kind: "REGULAR"
          name: "string_expression"
          type: "CHARACTERS"
         -
          description: "The pattern you want replace in the string_expression."
          kind: "REGULAR"
          name: "pattern"
          type: "CHARACTERS"
         -
          description: "The string to replace the occurrences of the pattern with."
          kind: "REGULAR"
          name: "replacement"
          type: "CHARACTERS"
        returnType: "CHARACTERS"
        sampleCodes:
         -
          call: "SELECT REPLACE('THE CATATONIC CAT', 'CAT', 'DOG')"
          result: "sample return 1"
      suppliedParameterTypes:
        afterCursor:
         - "CHARACTERS"
        beforeCursor:
         - "CHARACTERS"
    hasMoreResults: true
 -
  description: "COMPLEX ARG"
  input: "SELECT REPLACE(EMP.ENAME + EMP.ENAME, ^ FROM EMP"
  output:
    completions:
     -
      kind: "Keyword"
      label: "("
     -
      kind: "Keyword"
      label: "MULTISET"
     -
      kind: "Keyword"
      label: "+"
     -
      kind: "Keyword"
      label: "-"
     -
      kind: "Keyword"
      label: "?"
    functionContext:
      function:
        description: "Removes all occurrences of a specified subSTRING and replaces them with another STRING."
        dremioVersion: "1.0+"
        functionCategories:
         - "CHARACTER"
        name: "REPLACE"
        signatures:
         -
          description: "Returns the string after the replacements have been made."
          parameters:
           -
            description: "String expression in which to do the replacements."
            kind: "REGULAR"
            name: "string_expression"
            type: "CHARACTERS"
           -
            description: "The pattern you want replace in the string_expression."
            kind: "REGULAR"
            name: "pattern"
            type: "CHARACTERS"
           -
            description: "The string to replace the occurrences of the pattern with."
            kind: "REGULAR"
            name: "replacement"
            type: "CHARACTERS"
          returnType: "CHARACTERS"
          sampleCodes:
           -
            call: "SELECT REPLACE('THE CATATONIC CAT', 'CAT', 'DOG')"
            result: "sample return 1"
      missingTypes: []
      signaturesMatched: []
      suppliedParameterTypes:
        afterCursor: []
        beforeCursor:
         - "DECIMAL"
    hasMoreResults: true
