#
# Copyright (C) 2017-2019 Dremio Corporation
#
# Licensed under the Apache License, Version 2.0 (the "License");
# you may not use this file except in compliance with the License.
# You may obtain a copy of the License at
#
#     http://www.apache.org/licenses/LICENSE-2.0
#
# Unless required by applicable law or agreed to in writing, software
# distributed under the License is distributed on an "AS IS" BASIS,
# WITHOUT WARRANTIES OR CONDITIONS OF ANY KIND, either express or implied.
# See the License for the specific language governing permissions and
# limitations under the License.
#

---
 -
  description: "ONLY NAME"
  input: "myFunction"
  output: "FAILED TO PARSE"
 -
  description: "NAME AND OPEN PARENS"
  input: "myFunction("
  output: "NAME: myFunction"
 -
  description: "SINGLE PARAMETER"
  input: "myFunction(1"
  output:
   - "NAME: myFunction"
   - "PARAMETER: 1 "
 -
  description: "SINGLE PARAMETER AND COMMA"
  input: "myFunction(1, "
  output:
   - "NAME: myFunction"
   - "PARAMETER: 1 "
 -
  description: "TWO PARAMETERS"
  input: "myFunction(1, 2"
  output:
   - "NAME: myFunction"
   - "PARAMETER: 1 "
   - "PARAMETER: 2 "
 -
  description: "COMPLETE FUNCTION"
  input: "myFunction(1, 2)"
  output:
   - "NAME: myFunction"
   - "PARAMETER: 1 "
   - "PARAMETER: 2 "
 -
  description: "COMPLETE FUNCTION WITH TRAILING PARAMETERS"
  input: "myFunction(1, 2) this text is garbage and should not be parsed"
  output:
   - "NAME: myFunction"
   - "PARAMETER: 1 "
   - "PARAMETER: 2 "
 -
  description: "COMPLEX PARAMETER"
  input: "myFunction(1 + 1, "
  output:
   - "NAME: myFunction"
   - "PARAMETER: 1 + 1 "
 -
  description: "COMPLEX PARAMETER 2"
  input: "myFunction(1 + 1, 3"
  output:
   - "NAME: myFunction"
   - "PARAMETER: 1 + 1 "
   - "PARAMETER: 3 "
 -
  description: "SUBFUNCTION"
  input: "myFunction(subFunction(1, 2, 3), "
  output:
   - "NAME: myFunction"
   - "PARAMETER: subFunction ( 1 , 2 , 3 ) "
 -
  description: "SUBFUNCTION 2"
  input: "myFunction(subFunction(1, 2, 3), 4"
  output:
   - "NAME: myFunction"
   - "PARAMETER: subFunction ( 1 , 2 , 3 ) "
   - "PARAMETER: 4 "
 -
  description: "SUBFUNCTION 3"
  input: "myFunction(subFunction(1, 2, 3), 4)"
  output:
   - "NAME: myFunction"
   - "PARAMETER: subFunction ( 1 , 2 , 3 ) "
   - "PARAMETER: 4 "
