#
# Copyright (C) 2017-2019 Dremio Corporation
#
# Licensed under the Apache License, Version 2.0 (the "License");
# you may not use this file except in compliance with the License.
# You may obtain a copy of the License at
#
#     http://www.apache.org/licenses/LICENSE-2.0
#
# Unless required by applicable law or agreed to in writing, software
# distributed under the License is distributed on an "AS IS" BASIS,
# WITHOUT WARRANTIES OR CONDITIONS OF ANY KIND, either express or implied.
# See the License for the specific language governing permissions and
# limitations under the License.
#

---
 -
  description: "SUBSTRING PREFIX"
  input: "SELECT SUBSTRI^"
  output:
    completions:
     -
      detail: "Returns the part of a string."
      insertText: "SUBSTRING(${1:string} FROM ${2:fromIndex})"
      kind: "Function"
      label: "SUBSTRING(??? FROM ???)"
     -
      detail: "Returns the part of a string."
      insertText: "SUBSTRING(${1:string} FROM ${2:fromIndex} FOR ${3:forLength})"
      kind: "Function"
      label: "SUBSTRING(??? FROM ??? FOR ???)"
     -
      insertText: "SUBSTRING2(${1:CHARACTERS}, ${2:BIGINT}, ${3:BIGINT})"
      kind: "Function"
      label: "SUBSTRING2(???, ???, ???)"
    functionContext: null
    hasMoreResults: false
 -
  description: "SUBSTRING SIMPLE"
  input: "SELECT SUBSTRING(^ FROM EMP"
  output:
    completions:
     -
      data:
        column:
          name: "ENAME"
          type: "VARCHAR"
        tableAlias: "EMP"
      detail: "column (VARCHAR) in EMP"
      insertText: "EMP.ENAME"
      kind: "Column"
      label: "ENAME"
     -
      data:
        column:
          name: "JOB"
          type: "VARCHAR"
        tableAlias: "EMP"
      detail: "column (VARCHAR) in EMP"
      insertText: "EMP.JOB"
      kind: "Column"
      label: "JOB"
     -
      insertText: "$HISTOGRAM_FIRST_VALUE(${1:BYTES})"
      kind: "Function"
      label: "$HISTOGRAM_FIRST_VALUE(???)"
     -
      insertText: "$HISTOGRAM_LAST_VALUE(${1:BYTES})"
      kind: "Function"
      label: "$HISTOGRAM_LAST_VALUE(???)"
     -
      insertText: "$HISTOGRAM_MAX(${1:BYTES})"
      kind: "Function"
      label: "$HISTOGRAM_MAX(???)"
    functionContext:
      function:
        description: "Returns the part of a string."
        name: "SUBSTRING"
        signatures:
         - "(CHARACTERS[The string to take the substring of.], NUMERIC[The start index.]) -> CHARACTERS\n\tSUBSTRING(${1:string} FROM ${2:fromIndex})"
         - "(CHARACTERS[The string to take the substring of.], NUMERIC[The start index.], NUMERIC[The length.]) -> CHARACTERS\n\tSUBSTRING(${1:string} FROM ${2:fromIndex} FOR ${3:forLength})"
      missingTypes:
       - "CHARACTERS"
      signaturesMatched:
       - "(CHARACTERS[The string to take the substring of.], NUMERIC[The start index.]) -> CHARACTERS\n\tSUBSTRING(${1:string} FROM ${2:fromIndex})"
       - "(CHARACTERS[The string to take the substring of.], NUMERIC[The start index.], NUMERIC[The length.]) -> CHARACTERS\n\tSUBSTRING(${1:string} FROM ${2:fromIndex} FOR ${3:forLength})"
      suppliedParameterTypes:
        afterCursor: []
        beforeCursor: []
    hasMoreResults: true
 -
  description: "SUBSTRING STRING PARAMETER"
  input: "SELECT SUBSTRING(EMP.ENAME ^ FROM EMP"
  output:
    completions:
     -
      kind: "Keyword"
      label: "="
     -
      kind: "Keyword"
      label: "<"
     -
      kind: "Keyword"
      label: "AND"
     -
      kind: "Keyword"
      label: "FROM"
     -
      kind: "Keyword"
      label: ">"
    functionContext: null
    hasMoreResults: true
 -
  description: "SUBSTRING STRING PARAMETER FROM"
  input: "SELECT SUBSTRING(EMP.ENAME FROM ^ FROM EMP"
  output:
    completions:
     -
      data:
        column:
          name: "COMM"
          type: "INTEGER"
        tableAlias: "EMP"
      detail: "column (INTEGER) in EMP"
      insertText: "EMP.COMM"
      kind: "Column"
      label: "COMM"
     -
      data:
        column:
          name: "DEPTNO"
          type: "INTEGER"
        tableAlias: "EMP"
      detail: "column (INTEGER) in EMP"
      insertText: "EMP.DEPTNO"
      kind: "Column"
      label: "DEPTNO"
     -
      data:
        column:
          name: "EMPNO"
          type: "INTEGER"
        tableAlias: "EMP"
      detail: "column (INTEGER) in EMP"
      insertText: "EMP.EMPNO"
      kind: "Column"
      label: "EMPNO"
     -
      data:
        column:
          name: "MGR"
          type: "INTEGER"
        tableAlias: "EMP"
      detail: "column (INTEGER) in EMP"
      insertText: "EMP.MGR"
      kind: "Column"
      label: "MGR"
     -
      data:
        column:
          name: "SAL"
          type: "INTEGER"
        tableAlias: "EMP"
      detail: "column (INTEGER) in EMP"
      insertText: "EMP.SAL"
      kind: "Column"
      label: "SAL"
    functionContext:
      function:
        description: "Returns the part of a string."
        name: "SUBSTRING"
        signatures:
         - "(CHARACTERS[The string to take the substring of.], NUMERIC[The start index.]) -> CHARACTERS\n\tSUBSTRING(${1:string} FROM ${2:fromIndex})"
         - "(CHARACTERS[The string to take the substring of.], NUMERIC[The start index.], NUMERIC[The length.]) -> CHARACTERS\n\tSUBSTRING(${1:string} FROM ${2:fromIndex} FOR ${3:forLength})"
      missingTypes:
       - "NUMERIC"
      signaturesMatched:
       - "(CHARACTERS[The string to take the substring of.], NUMERIC[The start index.]) -> CHARACTERS\n\tSUBSTRING(${1:string} FROM ${2:fromIndex})"
       - "(CHARACTERS[The string to take the substring of.], NUMERIC[The start index.], NUMERIC[The length.]) -> CHARACTERS\n\tSUBSTRING(${1:string} FROM ${2:fromIndex} FOR ${3:forLength})"
      suppliedParameterTypes:
        afterCursor: []
        beforeCursor:
         - "CHARACTERS"
    hasMoreResults: true
 -
  description: "SUBSTRING STRING PARAMETER FROM INTEGER PARAMETER"
  input: "SELECT SUBSTRING(EMP.ENAME FROM 2 ^ FROM EMP"
  output:
    completions:
     -
      kind: "Keyword"
      label: "FOR"
     -
      kind: "Keyword"
      label: ","
     -
      kind: "Keyword"
      label: ")"
     -
      kind: "Keyword"
      label: "AND"
     -
      kind: "Keyword"
      label: "+"
    functionContext: null
    hasMoreResults: true
 -
  description: "SUBSTRING STRING PARAMETER FROM INTEGER PARAMETER FOR"
  input: "SELECT SUBSTRING(EMP.ENAME FROM 2 FOR ^ FROM EMP"
  output:
    completions:
     -
      data:
        column:
          name: "COMM"
          type: "INTEGER"
        tableAlias: "EMP"
      detail: "column (INTEGER) in EMP"
      insertText: "EMP.COMM"
      kind: "Column"
      label: "COMM"
     -
      data:
        column:
          name: "DEPTNO"
          type: "INTEGER"
        tableAlias: "EMP"
      detail: "column (INTEGER) in EMP"
      insertText: "EMP.DEPTNO"
      kind: "Column"
      label: "DEPTNO"
     -
      data:
        column:
          name: "EMPNO"
          type: "INTEGER"
        tableAlias: "EMP"
      detail: "column (INTEGER) in EMP"
      insertText: "EMP.EMPNO"
      kind: "Column"
      label: "EMPNO"
     -
      data:
        column:
          name: "MGR"
          type: "INTEGER"
        tableAlias: "EMP"
      detail: "column (INTEGER) in EMP"
      insertText: "EMP.MGR"
      kind: "Column"
      label: "MGR"
     -
      data:
        column:
          name: "SAL"
          type: "INTEGER"
        tableAlias: "EMP"
      detail: "column (INTEGER) in EMP"
      insertText: "EMP.SAL"
      kind: "Column"
      label: "SAL"
    functionContext:
      function:
        description: "Returns the part of a string."
        name: "SUBSTRING"
        signatures:
         - "(CHARACTERS[The string to take the substring of.], NUMERIC[The start index.]) -> CHARACTERS\n\tSUBSTRING(${1:string} FROM ${2:fromIndex})"
         - "(CHARACTERS[The string to take the substring of.], NUMERIC[The start index.], NUMERIC[The length.]) -> CHARACTERS\n\tSUBSTRING(${1:string} FROM ${2:fromIndex} FOR ${3:forLength})"
      missingTypes:
       - "NUMERIC"
      signaturesMatched:
       - "(CHARACTERS[The string to take the substring of.], NUMERIC[The start index.], NUMERIC[The length.]) -> CHARACTERS\n\tSUBSTRING(${1:string} FROM ${2:fromIndex} FOR ${3:forLength})"
      suppliedParameterTypes:
        afterCursor: []
        beforeCursor:
         - "CHARACTERS"
         - "DECIMAL"
    hasMoreResults: true
 -
  description: "SUBSTRING COMPLETE FUNCTION"
  input: "SELECT SUBSTRING(EMP.ENAME FROM 2 FOR 3 ^ FROM EMP"
  output:
    completions:
     -
      kind: "Keyword"
      label: ")"
     -
      kind: "Keyword"
      label: "AND"
     -
      kind: "Keyword"
      label: "+"
     -
      kind: "Keyword"
      label: "*"
     -
      kind: "Keyword"
      label: "="
    functionContext: null
    hasMoreResults: true
 -
  description: "SUBSTRING STRING PARAMETER FROM WITH COMMA"
  input: "SELECT SUBSTRING(EMP.ENAME, ^ FROM EMP"
  output:
    completions:
     -
      data:
        column:
          name: "COMM"
          type: "INTEGER"
        tableAlias: "EMP"
      detail: "column (INTEGER) in EMP"
      insertText: "EMP.COMM"
      kind: "Column"
      label: "COMM"
     -
      data:
        column:
          name: "DEPTNO"
          type: "INTEGER"
        tableAlias: "EMP"
      detail: "column (INTEGER) in EMP"
      insertText: "EMP.DEPTNO"
      kind: "Column"
      label: "DEPTNO"
     -
      data:
        column:
          name: "EMPNO"
          type: "INTEGER"
        tableAlias: "EMP"
      detail: "column (INTEGER) in EMP"
      insertText: "EMP.EMPNO"
      kind: "Column"
      label: "EMPNO"
     -
      data:
        column:
          name: "MGR"
          type: "INTEGER"
        tableAlias: "EMP"
      detail: "column (INTEGER) in EMP"
      insertText: "EMP.MGR"
      kind: "Column"
      label: "MGR"
     -
      data:
        column:
          name: "SAL"
          type: "INTEGER"
        tableAlias: "EMP"
      detail: "column (INTEGER) in EMP"
      insertText: "EMP.SAL"
      kind: "Column"
      label: "SAL"
    functionContext:
      function:
        description: "Returns the part of a string."
        name: "SUBSTRING"
        signatures:
         - "(CHARACTERS[The string to take the substring of.], NUMERIC[The start index.]) -> CHARACTERS\n\tSUBSTRING(${1:string} FROM ${2:fromIndex})"
         - "(CHARACTERS[The string to take the substring of.], NUMERIC[The start index.], NUMERIC[The length.]) -> CHARACTERS\n\tSUBSTRING(${1:string} FROM ${2:fromIndex} FOR ${3:forLength})"
      missingTypes:
       - "NUMERIC"
      signaturesMatched:
       - "(CHARACTERS[The string to take the substring of.], NUMERIC[The start index.]) -> CHARACTERS\n\tSUBSTRING(${1:string} FROM ${2:fromIndex})"
       - "(CHARACTERS[The string to take the substring of.], NUMERIC[The start index.], NUMERIC[The length.]) -> CHARACTERS\n\tSUBSTRING(${1:string} FROM ${2:fromIndex} FOR ${3:forLength})"
      suppliedParameterTypes:
        afterCursor: []
        beforeCursor:
         - "CHARACTERS"
    hasMoreResults: true
 -
  description: "SUBSTRING STRING PARAMETER FROM INTEGER PARAMETER WITH COMMA"
  input: "SELECT SUBSTRING(EMP.ENAME , 2 ^ FROM EMP"
  output:
    completions:
     -
      kind: "Keyword"
      label: "+"
     -
      kind: "Keyword"
      label: ")"
     -
      kind: "Keyword"
      label: ","
     -
      kind: "Keyword"
      label: "AND"
     -
      kind: "Keyword"
      label: "FOR"
    functionContext: null
    hasMoreResults: true
 -
  description: "SUBSTRING STRING PARAMETER FROM INTEGER PARAMETER FOR WITH COMMA"
  input: "SELECT SUBSTRING(EMP.ENAME , 2 , ^ FROM EMP"
  output:
    completions:
     -
      data:
        column:
          name: "COMM"
          type: "INTEGER"
        tableAlias: "EMP"
      detail: "column (INTEGER) in EMP"
      insertText: "EMP.COMM"
      kind: "Column"
      label: "COMM"
     -
      data:
        column:
          name: "DEPTNO"
          type: "INTEGER"
        tableAlias: "EMP"
      detail: "column (INTEGER) in EMP"
      insertText: "EMP.DEPTNO"
      kind: "Column"
      label: "DEPTNO"
     -
      data:
        column:
          name: "EMPNO"
          type: "INTEGER"
        tableAlias: "EMP"
      detail: "column (INTEGER) in EMP"
      insertText: "EMP.EMPNO"
      kind: "Column"
      label: "EMPNO"
     -
      data:
        column:
          name: "MGR"
          type: "INTEGER"
        tableAlias: "EMP"
      detail: "column (INTEGER) in EMP"
      insertText: "EMP.MGR"
      kind: "Column"
      label: "MGR"
     -
      data:
        column:
          name: "SAL"
          type: "INTEGER"
        tableAlias: "EMP"
      detail: "column (INTEGER) in EMP"
      insertText: "EMP.SAL"
      kind: "Column"
      label: "SAL"
    functionContext:
      function:
        description: "Returns the part of a string."
        name: "SUBSTRING"
        signatures:
         - "(CHARACTERS[The string to take the substring of.], NUMERIC[The start index.]) -> CHARACTERS\n\tSUBSTRING(${1:string} FROM ${2:fromIndex})"
         - "(CHARACTERS[The string to take the substring of.], NUMERIC[The start index.], NUMERIC[The length.]) -> CHARACTERS\n\tSUBSTRING(${1:string} FROM ${2:fromIndex} FOR ${3:forLength})"
      missingTypes:
       - "NUMERIC"
      signaturesMatched:
       - "(CHARACTERS[The string to take the substring of.], NUMERIC[The start index.], NUMERIC[The length.]) -> CHARACTERS\n\tSUBSTRING(${1:string} FROM ${2:fromIndex} FOR ${3:forLength})"
      suppliedParameterTypes:
        afterCursor: []
        beforeCursor:
         - "CHARACTERS"
         - "DECIMAL"
    hasMoreResults: true
 -
  description: "SUBSTRING COMPLETE FUNCTION WITH COMMA"
  input: "SELECT SUBSTRING(EMP.ENAME , 2 , 3 ^ FROM EMP"
  output:
    completions:
     -
      kind: "Keyword"
      label: ")"
     -
      kind: "Keyword"
      label: "+"
     -
      kind: "Keyword"
      label: "AND"
     -
      kind: "Keyword"
      label: "*"
     -
      kind: "Keyword"
      label: "="
    functionContext: null
    hasMoreResults: true
