#
# Copyright (C) 2017-2019 Dremio Corporation
#
# Licensed under the Apache License, Version 2.0 (the "License");
# you may not use this file except in compliance with the License.
# You may obtain a copy of the License at
#
#     http://www.apache.org/licenses/LICENSE-2.0
#
# Unless required by applicable law or agreed to in writing, software
# distributed under the License is distributed on an "AS IS" BASIS,
# WITHOUT WARRANTIES OR CONDITIONS OF ANY KIND, either express or implied.
# See the License for the specific language governing permissions and
# limitations under the License.
#

---
 -
  description: "MULTI SQL"
  input: "SELECT * FROM EMP; ^"
  output:
    completions:
     -
      data: "SELECT"
      detail: "Some SQL keyword"
      insertText: "SELECT"
      kind: "Keyword"
      label: "SELECT"
     -
      data: "UPDATE"
      detail: "Some SQL keyword"
      insertText: "UPDATE"
      kind: "Keyword"
      label: "UPDATE"
     -
      data: "WITH"
      detail: "Some SQL keyword"
      insertText: "WITH"
      kind: "Keyword"
      label: "WITH"
     -
      data: "DELETE"
      detail: "Some SQL keyword"
      insertText: "DELETE"
      kind: "Keyword"
      label: "DELETE"
     -
      data: "DROP"
      detail: "Some SQL keyword"
      insertText: "DROP"
      kind: "Keyword"
      label: "DROP"
    functionContext: null
    hasMoreResults: true
 -
  description: "MULTI SQL 2"
  input: "SELECT * FROM EMP; SELECT ^"
  output:
    completions:
     -
      data: "$HISTOGRAM"
      detail: "$HISTOGRAM"
      insertText: "$HISTOGRAM()"
      kind: "Function"
      label: "$HISTOGRAM"
     -
      data: "$HISTOGRAM_FIRST_VALUE"
      detail: "$HISTOGRAM_FIRST_VALUE"
      insertText: "$HISTOGRAM_FIRST_VALUE()"
      kind: "Function"
      label: "$HISTOGRAM_FIRST_VALUE"
     -
      data: "$HISTOGRAM_LAST_VALUE"
      detail: "$HISTOGRAM_LAST_VALUE"
      insertText: "$HISTOGRAM_LAST_VALUE()"
      kind: "Function"
      label: "$HISTOGRAM_LAST_VALUE"
     -
      data: "$HISTOGRAM_MAX"
      detail: "$HISTOGRAM_MAX"
      insertText: "$HISTOGRAM_MAX()"
      kind: "Function"
      label: "$HISTOGRAM_MAX"
     -
      data: "$HISTOGRAM_MIN"
      detail: "$HISTOGRAM_MIN"
      insertText: "$HISTOGRAM_MIN()"
      kind: "Function"
      label: "$HISTOGRAM_MIN"
    functionContext: null
    hasMoreResults: true
 -
  description: "MULTI SQL 3"
  input: "SELECT * FROM ^;SELECT * FROM EMP"
  output:
    completions:
     -
      data:
        name: "DEPT"
        type: "Physical Dataset"
      detail: "Some CatalogEntry"
      insertText: "DEPT"
      kind: "CatalogEntry"
      label: "DEPT"
     -
      data:
        name: "EMP"
        type: "Physical Dataset"
      detail: "Some CatalogEntry"
      insertText: "EMP"
      kind: "CatalogEntry"
      label: "EMP"
     -
      data:
        name: "physical dataset"
        type: "Physical Dataset"
      detail: "Some CatalogEntry"
      insertText: "\"physical dataset\""
      kind: "CatalogEntry"
      label: "physical dataset"
     -
      data:
        name: "SALGRADE"
        type: "Virtual Dataset"
      detail: "Some CatalogEntry"
      insertText: "SALGRADE"
      kind: "CatalogEntry"
      label: "SALGRADE"
     -
      data:
        name: "virtual dataset"
        type: "Virtual Dataset"
      detail: "Some CatalogEntry"
      insertText: "\"virtual dataset\""
      kind: "CatalogEntry"
      label: "virtual dataset"
    functionContext: null
    hasMoreResults: true
 -
  description: "MULTI SQL 4"
  input: "SELECT * FROM ^;"
  output:
    completions:
     -
      data:
        name: "DEPT"
        type: "Physical Dataset"
      detail: "Some CatalogEntry"
      insertText: "DEPT"
      kind: "CatalogEntry"
      label: "DEPT"
     -
      data:
        name: "EMP"
        type: "Physical Dataset"
      detail: "Some CatalogEntry"
      insertText: "EMP"
      kind: "CatalogEntry"
      label: "EMP"
     -
      data:
        name: "physical dataset"
        type: "Physical Dataset"
      detail: "Some CatalogEntry"
      insertText: "\"physical dataset\""
      kind: "CatalogEntry"
      label: "physical dataset"
     -
      data:
        name: "SALGRADE"
        type: "Virtual Dataset"
      detail: "Some CatalogEntry"
      insertText: "SALGRADE"
      kind: "CatalogEntry"
      label: "SALGRADE"
     -
      data:
        name: "virtual dataset"
        type: "Virtual Dataset"
      detail: "Some CatalogEntry"
      insertText: "\"virtual dataset\""
      kind: "CatalogEntry"
      label: "virtual dataset"
    functionContext: null
    hasMoreResults: true
