#
# Copyright (C) 2017-2019 Dremio Corporation
#
# Licensed under the Apache License, Version 2.0 (the "License");
# you may not use this file except in compliance with the License.
# You may obtain a copy of the License at
#
#     http://www.apache.org/licenses/LICENSE-2.0
#
# Unless required by applicable law or agreed to in writing, software
# distributed under the License is distributed on an "AS IS" BASIS,
# WITHOUT WARRANTIES OR CONDITIONS OF ANY KIND, either express or implied.
# See the License for the specific language governing permissions and
# limitations under the License.
#

---
 -
  description: "USING + DISPLAY + OPEN"
  input:
   - "ALTER TABLE EMP CREATE RAW REFLECTION myReflection"
   - "USING "
   - "DISPLAY(^"
  output:
    completions:
     -
      data:
        column:
          name: "COMM"
          type: "INTEGER"
        tableAlias: "EMP"
      detail: "Some Column"
      insertText: "EMP.COMM"
      kind: "Column"
      label: "COMM"
     -
      data:
        column:
          name: "DEPTNO"
          type: "INTEGER"
        tableAlias: "EMP"
      detail: "Some Column"
      insertText: "EMP.DEPTNO"
      kind: "Column"
      label: "DEPTNO"
     -
      data:
        column:
          name: "EMPNO"
          type: "INTEGER"
        tableAlias: "EMP"
      detail: "Some Column"
      insertText: "EMP.EMPNO"
      kind: "Column"
      label: "EMPNO"
     -
      data:
        column:
          name: "ENAME"
          type: "VARCHAR"
        tableAlias: "EMP"
      detail: "Some Column"
      insertText: "EMP.ENAME"
      kind: "Column"
      label: "ENAME"
     -
      data:
        column:
          name: "HIREDATE"
          type: "TIMESTAMP"
        tableAlias: "EMP"
      detail: "Some Column"
      insertText: "EMP.HIREDATE"
      kind: "Column"
      label: "HIREDATE"
    functionContext: null
    hasMoreResults: true
 -
  description: "USING + DISPLAY + DISPLAY FIELDS"
  input:
   - "ALTER TABLE EMP CREATE RAW REFLECTION myReflection"
   - "USING "
   - "DISPLAY(EMPNO, ^"
  output:
    completions:
     -
      data:
        column:
          name: "COMM"
          type: "INTEGER"
        tableAlias: "EMP"
      detail: "Some Column"
      insertText: "EMP.COMM"
      kind: "Column"
      label: "COMM"
     -
      data:
        column:
          name: "DEPTNO"
          type: "INTEGER"
        tableAlias: "EMP"
      detail: "Some Column"
      insertText: "EMP.DEPTNO"
      kind: "Column"
      label: "DEPTNO"
     -
      data:
        column:
          name: "EMPNO"
          type: "INTEGER"
        tableAlias: "EMP"
      detail: "Some Column"
      insertText: "EMP.EMPNO"
      kind: "Column"
      label: "EMPNO"
     -
      data:
        column:
          name: "ENAME"
          type: "VARCHAR"
        tableAlias: "EMP"
      detail: "Some Column"
      insertText: "EMP.ENAME"
      kind: "Column"
      label: "ENAME"
     -
      data:
        column:
          name: "HIREDATE"
          type: "TIMESTAMP"
        tableAlias: "EMP"
      detail: "Some Column"
      insertText: "EMP.HIREDATE"
      kind: "Column"
      label: "HIREDATE"
    functionContext: null
    hasMoreResults: true
 -
  description: "DISTRIBUTE"
  input:
   - "ALTER TABLE EMP CREATE RAW REFLECTION myReflection"
   - "USING "
   - "DISPLAY(EMPNO, ENAME) "
   - "DISTRIBUTE BY(^"
  output:
    completions:
     -
      data:
        column:
          name: "EMPNO"
          type: "INTEGER"
        tableAlias: "EMP"
      detail: "Some Column"
      insertText: "EMP.EMPNO"
      kind: "Column"
      label: "EMPNO"
     -
      data:
        column:
          name: "ENAME"
          type: "VARCHAR"
        tableAlias: "EMP"
      detail: "Some Column"
      insertText: "EMP.ENAME"
      kind: "Column"
      label: "ENAME"
    functionContext: null
    hasMoreResults: false
 -
  description: "PARTITION"
  input:
   - "ALTER TABLE EMP CREATE RAW REFLECTION myReflection"
   - "USING "
   - "DISPLAY(EMPNO, ENAME) "
   - "PARTITION BY(^"
  output:
    completions:
     -
      data:
        column:
          name: "EMPNO"
          type: "INTEGER"
        tableAlias: "EMP"
      detail: "Some Column"
      insertText: "EMP.EMPNO"
      kind: "Column"
      label: "EMPNO"
     -
      data:
        column:
          name: "ENAME"
          type: "VARCHAR"
        tableAlias: "EMP"
      detail: "Some Column"
      insertText: "EMP.ENAME"
      kind: "Column"
      label: "ENAME"
    functionContext: null
    hasMoreResults: false
 -
  description: "LOCALSORT"
  input:
   - "ALTER TABLE EMP CREATE RAW REFLECTION myReflection"
   - "USING "
   - "DISPLAY(EMPNO, ENAME) "
   - "LOCALSORT BY(^"
  output:
    completions:
     -
      data:
        column:
          name: "EMPNO"
          type: "INTEGER"
        tableAlias: "EMP"
      detail: "Some Column"
      insertText: "EMP.EMPNO"
      kind: "Column"
      label: "EMPNO"
     -
      data:
        column:
          name: "ENAME"
          type: "VARCHAR"
        tableAlias: "EMP"
      detail: "Some Column"
      insertText: "EMP.ENAME"
      kind: "Column"
      label: "ENAME"
    functionContext: null
    hasMoreResults: false
