#
# Copyright (C) 2017-2019 Dremio Corporation
#
# Licensed under the Apache License, Version 2.0 (the "License");
# you may not use this file except in compliance with the License.
# You may obtain a copy of the License at
#
#     http://www.apache.org/licenses/LICENSE-2.0
#
# Unless required by applicable law or agreed to in writing, software
# distributed under the License is distributed on an "AS IS" BASIS,
# WITHOUT WARRANTIES OR CONDITIONS OF ANY KIND, either express or implied.
# See the License for the specific language governing permissions and
# limitations under the License.
#

---
 -
  description: "DIMENSIONS FIELD"
  input:
   - "ALTER TABLE EMP CREATE AGGREGATE REFLECTION myReflection"
   - "USING "
   - "DIMENSIONS(^)"
   - "MEASURES(EMPNO)"
  output:
    completions:
     -
      data:
        column:
          name: "COMM"
          type: "INTEGER"
        tableAlias: "EMP"
      detail: "Some Column"
      insertText: "EMP.COMM"
      kind: "Column"
      label: "COMM"
     -
      data:
        column:
          name: "DEPTNO"
          type: "INTEGER"
        tableAlias: "EMP"
      detail: "Some Column"
      insertText: "EMP.DEPTNO"
      kind: "Column"
      label: "DEPTNO"
     -
      data:
        column:
          name: "EMPNO"
          type: "INTEGER"
        tableAlias: "EMP"
      detail: "Some Column"
      insertText: "EMP.EMPNO"
      kind: "Column"
      label: "EMPNO"
     -
      data:
        column:
          name: "ENAME"
          type: "VARCHAR"
        tableAlias: "EMP"
      detail: "Some Column"
      insertText: "EMP.ENAME"
      kind: "Column"
      label: "ENAME"
     -
      data:
        column:
          name: "HIREDATE"
          type: "TIMESTAMP"
        tableAlias: "EMP"
      detail: "Some Column"
      insertText: "EMP.HIREDATE"
      kind: "Column"
      label: "HIREDATE"
    functionContext: null
    hasMoreResults: true
 -
  description: "DIMENSIONS FIELD BY DAY"
  input:
   - "ALTER TABLE EMP CREATE AGGREGATE REFLECTION myReflection"
   - "USING "
   - "DIMENSIONS(^ BY DAY)"
   - "MEASURES(EMPNO)"
  output:
    completions:
     -
      data:
        column:
          name: "COMM"
          type: "INTEGER"
        tableAlias: "EMP"
      detail: "Some Column"
      insertText: "EMP.COMM"
      kind: "Column"
      label: "COMM"
     -
      data:
        column:
          name: "DEPTNO"
          type: "INTEGER"
        tableAlias: "EMP"
      detail: "Some Column"
      insertText: "EMP.DEPTNO"
      kind: "Column"
      label: "DEPTNO"
     -
      data:
        column:
          name: "EMPNO"
          type: "INTEGER"
        tableAlias: "EMP"
      detail: "Some Column"
      insertText: "EMP.EMPNO"
      kind: "Column"
      label: "EMPNO"
     -
      data:
        column:
          name: "ENAME"
          type: "VARCHAR"
        tableAlias: "EMP"
      detail: "Some Column"
      insertText: "EMP.ENAME"
      kind: "Column"
      label: "ENAME"
     -
      data:
        column:
          name: "HIREDATE"
          type: "TIMESTAMP"
        tableAlias: "EMP"
      detail: "Some Column"
      insertText: "EMP.HIREDATE"
      kind: "Column"
      label: "HIREDATE"
    functionContext: null
    hasMoreResults: true
 -
  description: "DIMENSIONS MIXED"
  input:
   - "ALTER TABLE EMP CREATE AGGREGATE REFLECTION myReflection"
   - "USING "
   - "DIMENSIONS(EMPNO BY DAY, ^)"
   - "MEASURES(EMPNO)"
  output:
    completions:
     -
      data:
        column:
          name: "COMM"
          type: "INTEGER"
        tableAlias: "EMP"
      detail: "Some Column"
      insertText: "EMP.COMM"
      kind: "Column"
      label: "COMM"
     -
      data:
        column:
          name: "DEPTNO"
          type: "INTEGER"
        tableAlias: "EMP"
      detail: "Some Column"
      insertText: "EMP.DEPTNO"
      kind: "Column"
      label: "DEPTNO"
     -
      data:
        column:
          name: "EMPNO"
          type: "INTEGER"
        tableAlias: "EMP"
      detail: "Some Column"
      insertText: "EMP.EMPNO"
      kind: "Column"
      label: "EMPNO"
     -
      data:
        column:
          name: "ENAME"
          type: "VARCHAR"
        tableAlias: "EMP"
      detail: "Some Column"
      insertText: "EMP.ENAME"
      kind: "Column"
      label: "ENAME"
     -
      data:
        column:
          name: "HIREDATE"
          type: "TIMESTAMP"
        tableAlias: "EMP"
      detail: "Some Column"
      insertText: "EMP.HIREDATE"
      kind: "Column"
      label: "HIREDATE"
    functionContext: null
    hasMoreResults: true
 -
  description: "MEASURES FIELD"
  input:
   - "ALTER TABLE EMP CREATE AGGREGATE REFLECTION myReflection"
   - "USING "
   - "DIMENSIONS(EMPNO)"
   - "MEASURES(^)"
  output:
    completions:
     -
      data:
        column:
          name: "COMM"
          type: "INTEGER"
        tableAlias: "EMP"
      detail: "Some Column"
      insertText: "EMP.COMM"
      kind: "Column"
      label: "COMM"
     -
      data:
        column:
          name: "DEPTNO"
          type: "INTEGER"
        tableAlias: "EMP"
      detail: "Some Column"
      insertText: "EMP.DEPTNO"
      kind: "Column"
      label: "DEPTNO"
     -
      data:
        column:
          name: "EMPNO"
          type: "INTEGER"
        tableAlias: "EMP"
      detail: "Some Column"
      insertText: "EMP.EMPNO"
      kind: "Column"
      label: "EMPNO"
     -
      data:
        column:
          name: "ENAME"
          type: "VARCHAR"
        tableAlias: "EMP"
      detail: "Some Column"
      insertText: "EMP.ENAME"
      kind: "Column"
      label: "ENAME"
     -
      data:
        column:
          name: "HIREDATE"
          type: "TIMESTAMP"
        tableAlias: "EMP"
      detail: "Some Column"
      insertText: "EMP.HIREDATE"
      kind: "Column"
      label: "HIREDATE"
    functionContext: null
    hasMoreResults: true
 -
  description: "MEASURES WITH ANNOTATIONS"
  input:
   - "ALTER TABLE EMP CREATE AGGREGATE REFLECTION myReflection"
   - "USING "
   - "DIMENSIONS(EMPNO)"
   - "MEASURES(^ (COUNT, MIN, MAX, SUM, APPROXIMATE COUNT DISTINCT))"
  output:
    completions:
     -
      data:
        column:
          name: "COMM"
          type: "INTEGER"
        tableAlias: "EMP"
      detail: "Some Column"
      insertText: "EMP.COMM"
      kind: "Column"
      label: "COMM"
     -
      data:
        column:
          name: "DEPTNO"
          type: "INTEGER"
        tableAlias: "EMP"
      detail: "Some Column"
      insertText: "EMP.DEPTNO"
      kind: "Column"
      label: "DEPTNO"
     -
      data:
        column:
          name: "EMPNO"
          type: "INTEGER"
        tableAlias: "EMP"
      detail: "Some Column"
      insertText: "EMP.EMPNO"
      kind: "Column"
      label: "EMPNO"
     -
      data:
        column:
          name: "ENAME"
          type: "VARCHAR"
        tableAlias: "EMP"
      detail: "Some Column"
      insertText: "EMP.ENAME"
      kind: "Column"
      label: "ENAME"
     -
      data:
        column:
          name: "HIREDATE"
          type: "TIMESTAMP"
        tableAlias: "EMP"
      detail: "Some Column"
      insertText: "EMP.HIREDATE"
      kind: "Column"
      label: "HIREDATE"
    functionContext: null
    hasMoreResults: true
 -
  description: "MEASURES WITH ANNOTATIONS2"
  input:
   - "ALTER TABLE EMP CREATE AGGREGATE REFLECTION myReflection"
   - "USING "
   - "DIMENSIONS(EMPNO)"
   - "MEASURES(EMPNO (COUNT, MIN, MAX, ^, APPROXIMATE COUNT DISTINCT))"
  output:
    completions:
     -
      data: "APPROX"
      detail: "Some SQL keyword"
      insertText: "APPROX"
      kind: "Keyword"
      label: "APPROX"
     -
      data: "APPROXIMATE"
      detail: "Some SQL keyword"
      insertText: "APPROXIMATE"
      kind: "Keyword"
      label: "APPROXIMATE"
     -
      data: "COUNT"
      detail: "Some SQL keyword"
      insertText: "COUNT"
      kind: "Keyword"
      label: "COUNT"
     -
      data: "MAX"
      detail: "Some SQL keyword"
      insertText: "MAX"
      kind: "Keyword"
      label: "MAX"
     -
      data: "MIN"
      detail: "Some SQL keyword"
      insertText: "MIN"
      kind: "Keyword"
      label: "MIN"
    functionContext: null
    hasMoreResults: true
 -
  description: "MEASURES MIXED"
  input:
   - "ALTER TABLE EMP CREATE AGGREGATE REFLECTION myReflection"
   - "USING "
   - "DIMENSIONS(EMPNO)"
   - "MEASURES(EMPNO (COUNT, MIN, MAX, SUM, APPROXIMATE COUNT DISTINCT), ^)"
  output:
    completions:
     -
      data:
        column:
          name: "COMM"
          type: "INTEGER"
        tableAlias: "EMP"
      detail: "Some Column"
      insertText: "EMP.COMM"
      kind: "Column"
      label: "COMM"
     -
      data:
        column:
          name: "DEPTNO"
          type: "INTEGER"
        tableAlias: "EMP"
      detail: "Some Column"
      insertText: "EMP.DEPTNO"
      kind: "Column"
      label: "DEPTNO"
     -
      data:
        column:
          name: "EMPNO"
          type: "INTEGER"
        tableAlias: "EMP"
      detail: "Some Column"
      insertText: "EMP.EMPNO"
      kind: "Column"
      label: "EMPNO"
     -
      data:
        column:
          name: "ENAME"
          type: "VARCHAR"
        tableAlias: "EMP"
      detail: "Some Column"
      insertText: "EMP.ENAME"
      kind: "Column"
      label: "ENAME"
     -
      data:
        column:
          name: "HIREDATE"
          type: "TIMESTAMP"
        tableAlias: "EMP"
      detail: "Some Column"
      insertText: "EMP.HIREDATE"
      kind: "Column"
      label: "HIREDATE"
    functionContext: null
    hasMoreResults: true
 -
  description: "EVERYTHING"
  input:
   - "ALTER TABLE EMP CREATE AGGREGATE REFLECTION myReflection"
   - "USING "
   - "DIMENSIONS(EMPNO BY DAY, ENAME)"
   - "MEASURES(EMPNO (COUNT, MIN, MAX, SUM, APPROXIMATE COUNT DISTINCT), ENAME)"
   - "DISTRIBUTE BY(EMPNO, ENAME)"
   - "PARTITION BY(^, ENAME)"
   - "LOCALSORT BY(EMPNO, ENAME)"
   - "ARROW CACHE true"
  output:
    completions:
     -
      data:
        column:
          name: "EMPNO"
          type: "INTEGER"
        tableAlias: "EMP"
      detail: "Some Column"
      insertText: "EMP.EMPNO"
      kind: "Column"
      label: "EMPNO"
    functionContext: null
    hasMoreResults: false
