#
# Copyright (C) 2017-2019 Dremio Corporation
#
# Licensed under the Apache License, Version 2.0 (the "License");
# you may not use this file except in compliance with the License.
# You may obtain a copy of the License at
#
#     http://www.apache.org/licenses/LICENSE-2.0
#
# Unless required by applicable law or agreed to in writing, software
# distributed under the License is distributed on an "AS IS" BASIS,
# WITHOUT WARRANTIES OR CONDITIONS OF ANY KIND, either express or implied.
# See the License for the specific language governing permissions and
# limitations under the License.
#

---
 -
  description: "FUNCTION NEEDING PARAMETER"
  input: "SELECT ONE_ARG_NUMERIC_FUNCTION(^ FROM EMP"
  output:
    completions:
     -
      data:
        column:
          name: "COMM"
          type: "INTEGER"
        tableAlias: "EMP"
      detail: "Some Column"
      insertText: "EMP.COMM"
      kind: "Column"
      label: "COMM"
     -
      data:
        column:
          name: "DEPTNO"
          type: "INTEGER"
        tableAlias: "EMP"
      detail: "Some Column"
      insertText: "EMP.DEPTNO"
      kind: "Column"
      label: "DEPTNO"
     -
      data:
        column:
          name: "EMPNO"
          type: "INTEGER"
        tableAlias: "EMP"
      detail: "Some Column"
      insertText: "EMP.EMPNO"
      kind: "Column"
      label: "EMPNO"
     -
      data:
        column:
          name: "MGR"
          type: "INTEGER"
        tableAlias: "EMP"
      detail: "Some Column"
      insertText: "EMP.MGR"
      kind: "Column"
      label: "MGR"
     -
      data:
        column:
          name: "SAL"
          type: "INTEGER"
        tableAlias: "EMP"
      detail: "Some Column"
      insertText: "EMP.SAL"
      kind: "Column"
      label: "SAL"
    functionContext:
      function:
        description: null
        name: "ONE_ARG_NUMERIC_FUNCTION"
        signatures:
         -
          operandTypes:
           - "INTEGER"
          returnType: "INTEGER"
          template: null
         -
          operandTypes:
           - "DECIMAL"
          returnType: "INTEGER"
          template: null
         -
          operandTypes:
           - "FLOAT"
          returnType: "DOUBLE"
          template: null
         -
          operandTypes:
           - "DOUBLE"
          returnType: "DOUBLE"
          template: null
        syntax: "<NUMERIC>"
      signaturesMatched:
       -
        operandTypes:
         - "INTEGER"
        returnType: "INTEGER"
        template: null
       -
        operandTypes:
         - "DECIMAL"
        returnType: "INTEGER"
        template: null
       -
        operandTypes:
         - "FLOAT"
        returnType: "DOUBLE"
        template: null
       -
        operandTypes:
         - "DOUBLE"
        returnType: "DOUBLE"
        template: null
      typesUsedSoFar: []
    hasMoreResults: true
 -
  description: "FUNCTION WITH SUBFUNCTION RECOMMENDATIONS"
  input: "SELECT ONE_ARG_BOOLEAN_FUNCTION(^ FROM EMP"
  output:
    completions:
     -
      data:
        column:
          name: "SLACKER"
          type: "BOOLEAN"
        tableAlias: "EMP"
      detail: "Some Column"
      insertText: "EMP.SLACKER"
      kind: "Column"
      label: "SLACKER"
     -
      data: "$SUM0_V2"
      detail: "$SUM0_V2"
      insertText: "$SUM0_V2()"
      kind: "Function"
      label: "$SUM0_V2"
     -
      data: "BINARY_STRING"
      detail: "BINARY_STRING"
      insertText: "BINARY_STRING([string] {giventext})"
      kind: "Function"
      label: "BINARY_STRING"
     -
      data: "BOOLEANAND"
      detail: "BOOLEANAND"
      insertText: "BOOLEANAND()"
      kind: "Function"
      label: "BOOLEANAND"
     -
      data: "BOOLEANOR"
      detail: "BOOLEANOR"
      insertText: "BOOLEANOR()"
      kind: "Function"
      label: "BOOLEANOR"
    functionContext:
      function:
        description: null
        name: "ONE_ARG_BOOLEAN_FUNCTION"
        signatures:
         -
          operandTypes:
           - "BOOLEAN"
          returnType: "BOOLEAN"
          template: null
        syntax: "<BOOLEAN>"
      signaturesMatched:
       -
        operandTypes:
         - "BOOLEAN"
        returnType: "BOOLEAN"
        template: null
      typesUsedSoFar: []
    hasMoreResults: true
 -
  description: "FUNCTION WITH SPECIAL SYNTAX 1"
  input: "SELECT SUBSTRING('HELLO' ^ FROM EMP"
  output:
    completions:
     -
      data: "!="
      detail: "Some SQL keyword"
      insertText: "!="
      kind: "Keyword"
      label: "!="
     -
      data: "%"
      detail: "Some SQL keyword"
      insertText: "%"
      kind: "Keyword"
      label: "%"
     -
      data: "*"
      detail: "Some SQL keyword"
      insertText: "*"
      kind: "Keyword"
      label: "*"
     -
      data: "+"
      detail: "Some SQL keyword"
      insertText: "+"
      kind: "Keyword"
      label: "+"
     -
      data: ","
      detail: "Some SQL keyword"
      insertText: ","
      kind: "Keyword"
      label: ","
    functionContext: null
    hasMoreResults: true
 -
  description: "FUNCTION WITH SPECIAL SYNTAX 2"
  input: "SELECT SUBSTRING('HELLO' FROM ^ EMP"
  output:
    completions:
     -
      data: "("
      detail: "Some SQL keyword"
      insertText: "("
      kind: "Keyword"
      label: "("
     -
      data: "+"
      detail: "Some SQL keyword"
      insertText: "+"
      kind: "Keyword"
      label: "+"
     -
      data: "-"
      detail: "Some SQL keyword"
      insertText: "-"
      kind: "Keyword"
      label: "-"
     -
      data: "?"
      detail: "Some SQL keyword"
      insertText: "?"
      kind: "Keyword"
      label: "?"
     -
      data: "ARRAY"
      detail: "Some SQL keyword"
      insertText: "ARRAY"
      kind: "Keyword"
      label: "ARRAY"
    functionContext: null
    hasMoreResults: true
