#
# Copyright (C) 2017-2019 Dremio Corporation
#
# Licensed under the Apache License, Version 2.0 (the "License");
# you may not use this file except in compliance with the License.
# You may obtain a copy of the License at
#
#     http://www.apache.org/licenses/LICENSE-2.0
#
# Unless required by applicable law or agreed to in writing, software
# distributed under the License is distributed on an "AS IS" BASIS,
# WITHOUT WARRANTIES OR CONDITIONS OF ANY KIND, either express or implied.
# See the License for the specific language governing permissions and
# limitations under the License.
#

---
 -
  description: "START OF SUBQUERY"
  input: "SELECT (^"
  output:
    completions:
     -
      detail: "Computes the absolute value of a numeric expression.\n"
      insertText: "ABS(${1:NUMERIC})"
      kind: "Function"
      label: "ABS(???)"
     -
      detail: "Computes the arcccosine (inverse cosine) of a value in radians\n"
      insertText: "ACOS(${1:NUMERIC})"
      kind: "Function"
      label: "ACOS(???)"
     -
      insertText: "AES_DECRYPT(${1:CHARACTERS}, ${2:CHARACTERS})"
      kind: "Function"
      label: "AES_DECRYPT(???, ???)"
     -
      insertText: "AES_ENCRYPT(${1:CHARACTERS}, ${2:CHARACTERS})"
      kind: "Function"
      label: "AES_ENCRYPT(???, ???)"
     -
      insertText: "ALTERNATE()"
      kind: "Function"
      label: "ALTERNATE()"
    functionContext: null
    hasMoreResults: true
 -
  description: "START OF SUBQUERY WITHOUT SOURCE"
  input: "SELECT * FROM (^"
  output:
    completions:
     -
      data:
        name: "DEPT"
        type: "Physical Dataset"
      insertText: "DEPT"
      kind: "CatalogEntry"
      label: "DEPT"
     -
      data:
        name: "EMP"
        type: "Physical Dataset"
      insertText: "EMP"
      kind: "CatalogEntry"
      label: "EMP"
     -
      data:
        name: "physical dataset"
        type: "Physical Dataset"
      insertText: "\"physical dataset\""
      kind: "CatalogEntry"
      label: "physical dataset"
     -
      data:
        name: "SALGRADE"
        type: "Virtual Dataset"
      insertText: "SALGRADE"
      kind: "CatalogEntry"
      label: "SALGRADE"
     -
      data:
        name: "virtual dataset"
        type: "Virtual Dataset"
      insertText: "\"virtual dataset\""
      kind: "CatalogEntry"
      label: "virtual dataset"
    functionContext: null
    hasMoreResults: true
 -
  description: "COLUMN in INNER query"
  input:
   - "SELECT DEPTNO, ("
   - " SELECT MAX(EMP.SAL), ^ "
   - " FROM EMP"
   - ")"
   - "FROM DEPT"
  output:
    completions:
     -
      data:
        column:
          name: "DEPTNO"
          type: "INTEGER"
        tableAlias: "DEPT"
      detail: "column (INTEGER) in DEPT"
      insertText: "DEPT.DEPTNO"
      kind: "Column"
      label: "DEPTNO"
     -
      data:
        column:
          name: "NAME"
          type: "VARCHAR"
        tableAlias: "DEPT"
      detail: "column (VARCHAR) in DEPT"
      insertText: "DEPT.NAME"
      kind: "Column"
      label: "NAME"
     -
      data:
        column:
          name: "COMM"
          type: "INTEGER"
        tableAlias: "EMP"
      detail: "column (INTEGER) in EMP"
      insertText: "EMP.COMM"
      kind: "Column"
      label: "COMM"
     -
      data:
        column:
          name: "DEPTNO"
          type: "INTEGER"
        tableAlias: "EMP"
      detail: "column (INTEGER) in EMP"
      insertText: "EMP.DEPTNO"
      kind: "Column"
      label: "DEPTNO"
     -
      data:
        column:
          name: "EMPNO"
          type: "INTEGER"
        tableAlias: "EMP"
      detail: "column (INTEGER) in EMP"
      insertText: "EMP.EMPNO"
      kind: "Column"
      label: "EMPNO"
    functionContext: null
    hasMoreResults: true
 -
  description: "COLUMN in OUTER query"
  input:
   - "SELECT DEPTNO, ^, ("
   - " SELECT MAX(EMP.SAL) "
   - " FROM EMP"
   - ")"
   - "FROM DEPT"
  output:
    completions:
     -
      data:
        column:
          name: "DEPTNO"
          type: "INTEGER"
        tableAlias: "DEPT"
      detail: "column (INTEGER) in DEPT"
      insertText: "DEPT.DEPTNO"
      kind: "Column"
      label: "DEPTNO"
     -
      data:
        column:
          name: "NAME"
          type: "VARCHAR"
        tableAlias: "DEPT"
      detail: "column (VARCHAR) in DEPT"
      insertText: "DEPT.NAME"
      kind: "Column"
      label: "NAME"
     -
      detail: "Computes the absolute value of a numeric expression.\n"
      insertText: "ABS(${1:NUMERIC})"
      kind: "Function"
      label: "ABS(???)"
     -
      detail: "Computes the arcccosine (inverse cosine) of a value in radians\n"
      insertText: "ACOS(${1:NUMERIC})"
      kind: "Function"
      label: "ACOS(???)"
     -
      insertText: "AES_DECRYPT(${1:CHARACTERS}, ${2:CHARACTERS})"
      kind: "Function"
      label: "AES_DECRYPT(???, ???)"
    functionContext: null
    hasMoreResults: true
 -
  description: "CATALOGENTRY in INNER query"
  input:
   - "SELECT DEPTNO, ("
   - " SELECT * "
   - " FROM ^)"
   - "FROM DEPT"
  output:
    completions:
     -
      data:
        name: "DEPT"
        type: "Physical Dataset"
      insertText: "DEPT"
      kind: "CatalogEntry"
      label: "DEPT"
     -
      data:
        name: "EMP"
        type: "Physical Dataset"
      insertText: "EMP"
      kind: "CatalogEntry"
      label: "EMP"
     -
      data:
        name: "physical dataset"
        type: "Physical Dataset"
      insertText: "\"physical dataset\""
      kind: "CatalogEntry"
      label: "physical dataset"
     -
      data:
        name: "SALGRADE"
        type: "Virtual Dataset"
      insertText: "SALGRADE"
      kind: "CatalogEntry"
      label: "SALGRADE"
     -
      data:
        name: "virtual dataset"
        type: "Virtual Dataset"
      insertText: "\"virtual dataset\""
      kind: "CatalogEntry"
      label: "virtual dataset"
    functionContext: null
    hasMoreResults: true
 -
  description: "CATALOGENTRY in OUTER query"
  input:
   - "SELECT ("
   - " SELECT * "
   - " FROM EMP"
   - ")"
   - "FROM ^"
  output:
    completions:
     -
      data:
        name: "DEPT"
        type: "Physical Dataset"
      insertText: "DEPT"
      kind: "CatalogEntry"
      label: "DEPT"
     -
      data:
        name: "EMP"
        type: "Physical Dataset"
      insertText: "EMP"
      kind: "CatalogEntry"
      label: "EMP"
     -
      data:
        name: "physical dataset"
        type: "Physical Dataset"
      insertText: "\"physical dataset\""
      kind: "CatalogEntry"
      label: "physical dataset"
     -
      data:
        name: "SALGRADE"
        type: "Virtual Dataset"
      insertText: "SALGRADE"
      kind: "CatalogEntry"
      label: "SALGRADE"
     -
      data:
        name: "virtual dataset"
        type: "Virtual Dataset"
      insertText: "\"virtual dataset\""
      kind: "CatalogEntry"
      label: "virtual dataset"
    functionContext: null
    hasMoreResults: true
