#
# Copyright (C) 2017-2019 Dremio Corporation
#
# Licensed under the Apache License, Version 2.0 (the "License");
# you may not use this file except in compliance with the License.
# You may obtain a copy of the License at
#
#     http://www.apache.org/licenses/LICENSE-2.0
#
# Unless required by applicable law or agreed to in writing, software
# distributed under the License is distributed on an "AS IS" BASIS,
# WITHOUT WARRANTIES OR CONDITIONS OF ANY KIND, either express or implied.
# See the License for the specific language governing permissions and
# limitations under the License.
#

---
 -
  description: "EMPTY FROM"
  input: "SELECT * FROM ^"
  output:
    completions:
     -
      data:
        name: "@space"
        type: "Space"
      insertText: "\"@space\""
      kind: "CatalogEntry"
      label: "@space"
     -
      data:
        name: "space"
        type: "Space"
      insertText: "space"
      kind: "CatalogEntry"
      label: "space"
     -
      data:
        name: "space with a space in the name"
        type: "Space"
      insertText: "\"space with a space in the name\""
      kind: "CatalogEntry"
      label: "space with a space in the name"
     -
      kind: "Keyword"
      label: "("
     -
      kind: "Keyword"
      label: "LATERAL"
    functionContext: null
    hasMoreResults: true
 -
  description: "BASIC COMPLETION"
  input: "SELECT * FROM \"space\".^"
  output:
    completions:
     -
      data:
        name: "folder"
        type: "Folder"
      insertText: "folder"
      kind: "CatalogEntry"
      label: "folder"
     -
      kind: "Keyword"
      label: "*"
    functionContext: null
    hasMoreResults: false
 -
  description: "COMPLETION WITH A SPACE IN NAME"
  input: "SELECT * FROM \"space with a space in the name\".^"
  output:
    completions:
     -
      data:
        name: "folder with a space in the name"
        type: "Folder"
      insertText: "\"folder with a space in the name\""
      kind: "CatalogEntry"
      label: "folder with a space in the name"
     -
      kind: "Keyword"
      label: "*"
    functionContext: null
    hasMoreResults: false
 -
  description: "PATH WITH MANY CHILDREN"
  input: "SELECT * FROM \"space\".\"folder\".^"
  output:
    completions:
     -
      data:
        name: "DEPT"
        type: "Physical Dataset"
      insertText: "DEPT"
      kind: "CatalogEntry"
      label: "DEPT"
     -
      data:
        name: "EMP"
        type: "Physical Dataset"
      insertText: "EMP"
      kind: "CatalogEntry"
      label: "EMP"
     -
      data:
        name: "physical dataset"
        type: "Physical Dataset"
      insertText: "\"physical dataset\""
      kind: "CatalogEntry"
      label: "physical dataset"
     -
      data:
        name: "SALGRADE"
        type: "Virtual Dataset"
      insertText: "SALGRADE"
      kind: "CatalogEntry"
      label: "SALGRADE"
     -
      data:
        name: "virtual dataset"
        type: "Virtual Dataset"
      insertText: "\"virtual dataset\""
      kind: "CatalogEntry"
      label: "virtual dataset"
    functionContext: null
    hasMoreResults: true
 -
  description: "PATH WITH NO CHILDREN"
  input: "SELECT * FROM \"space\".\"folder\".\"file\".^"
  output:
    completions:
     -
      kind: "Keyword"
      label: "*"
    functionContext: null
    hasMoreResults: false
 -
  description: "INVALID PATH"
  input: "SELECT * FROM \"path\".\"that\".\"does\".\"not\".\"exist\".^"
  output:
    completions:
     -
      kind: "Keyword"
      label: "*"
    functionContext: null
    hasMoreResults: false
 -
  description: "MULTIPLE TABLES"
  input: "SELECT * FROM \"space\".\"folder\".\"physical dataset\", \"space\".\"folder\".^"
  output:
    completions:
     -
      data:
        name: "DEPT"
        type: "Physical Dataset"
      insertText: "DEPT"
      kind: "CatalogEntry"
      label: "DEPT"
     -
      data:
        name: "EMP"
        type: "Physical Dataset"
      insertText: "EMP"
      kind: "CatalogEntry"
      label: "EMP"
     -
      data:
        name: "physical dataset"
        type: "Physical Dataset"
      insertText: "\"physical dataset\""
      kind: "CatalogEntry"
      label: "physical dataset"
     -
      data:
        name: "SALGRADE"
        type: "Virtual Dataset"
      insertText: "SALGRADE"
      kind: "CatalogEntry"
      label: "SALGRADE"
     -
      data:
        name: "virtual dataset"
        type: "Virtual Dataset"
      insertText: "\"virtual dataset\""
      kind: "CatalogEntry"
      label: "virtual dataset"
    functionContext: null
    hasMoreResults: true
 -
  description: "JOIN empty path"
  input: "SELECT * FROM \"space\".\"folder\".\"physical dataset\" JOIN ^"
  output:
    completions:
     -
      data:
        name: "@space"
        type: "Space"
      insertText: "\"@space\""
      kind: "CatalogEntry"
      label: "@space"
     -
      data:
        name: "space"
        type: "Space"
      insertText: "space"
      kind: "CatalogEntry"
      label: "space"
     -
      data:
        name: "space with a space in the name"
        type: "Space"
      insertText: "\"space with a space in the name\""
      kind: "CatalogEntry"
      label: "space with a space in the name"
     -
      kind: "Keyword"
      label: "("
     -
      kind: "Keyword"
      label: "LATERAL"
    functionContext: null
    hasMoreResults: true
 -
  description: "JOIN mid path"
  input: "SELECT * FROM \"space\".\"folder\".\"physical dataset\" JOIN \"space\".\"folder\".^"
  output:
    completions:
     -
      data:
        name: "DEPT"
        type: "Physical Dataset"
      insertText: "DEPT"
      kind: "CatalogEntry"
      label: "DEPT"
     -
      data:
        name: "EMP"
        type: "Physical Dataset"
      insertText: "EMP"
      kind: "CatalogEntry"
      label: "EMP"
     -
      data:
        name: "physical dataset"
        type: "Physical Dataset"
      insertText: "\"physical dataset\""
      kind: "CatalogEntry"
      label: "physical dataset"
     -
      data:
        name: "SALGRADE"
        type: "Virtual Dataset"
      insertText: "SALGRADE"
      kind: "CatalogEntry"
      label: "SALGRADE"
     -
      data:
        name: "virtual dataset"
        type: "Virtual Dataset"
      insertText: "\"virtual dataset\""
      kind: "CatalogEntry"
      label: "virtual dataset"
    functionContext: null
    hasMoreResults: true
 -
  description: "APPLY empty path"
  input: "SELECT * FROM \"space\".\"folder\".\"physical dataset\" APPLY ^"
  output:
    completions:
     -
      kind: "Keyword"
      label: "("
     -
      kind: "Keyword"
      label: ","
     -
      kind: "Keyword"
      label: ";"
     -
      kind: "Keyword"
      label: "CROSS"
     -
      kind: "Keyword"
      label: "EXCEPT"
    functionContext: null
    hasMoreResults: true
 -
  description: "APPLY mid path"
  input: "SELECT * FROM \"space\".\"folder\".\"physical dataset\" APPLY \"space\".\"folder\".^"
  output:
    completions:
     -
      kind: "Keyword"
      label: "("
     -
      kind: "Keyword"
      label: ","
     -
      kind: "Keyword"
      label: ";"
     -
      kind: "Keyword"
      label: "CROSS"
     -
      kind: "Keyword"
      label: "EXCEPT"
    functionContext: null
    hasMoreResults: true
 -
  description: "Path with special character incorrect."
  input: "SELECT * FROM @^"
  output:
    completions: []
    functionContext: null
    hasMoreResults: false
 -
  description: "Path with special character correct."
  input: "SELECT * FROM \"@^"
  output:
    completions:
     -
      data:
        name: "@space"
        type: "Space"
      insertText: "\"@space\""
      kind: "CatalogEntry"
      label: "@space"
    functionContext: null
    hasMoreResults: false
