#
# Copyright (C) 2017-2019 Dremio Corporation
#
# Licensed under the Apache License, Version 2.0 (the "License");
# you may not use this file except in compliance with the License.
# You may obtain a copy of the License at
#
#     http://www.apache.org/licenses/LICENSE-2.0
#
# Unless required by applicable law or agreed to in writing, software
# distributed under the License is distributed on an "AS IS" BASIS,
# WITHOUT WARRANTIES OR CONDITIONS OF ANY KIND, either express or implied.
# See the License for the specific language governing permissions and
# limitations under the License.
#

---
 -
  description: "JUST FINISHED TABLE NAME"
  input: "SELECT * FROM EMP ^"
  output:
    completions:
     -
      kind: "Keyword"
      label: "WHERE"
     -
      kind: "Keyword"
      label: "JOIN"
     -
      kind: "Keyword"
      label: "ORDER"
     -
      kind: "Keyword"
      label: ","
     -
      kind: "Keyword"
      label: "NATURAL"
    functionContext: null
    hasMoreResults: true
 -
  description: "JUST FINISHED TABLE NAME WITH AT"
  input: "SELECT * FROM EMP AT ^"
  output:
    completions:
     -
      kind: "Keyword"
      label: "BRANCH"
     -
      kind: "Keyword"
      label: "COMMIT"
     -
      kind: "Keyword"
      label: "TAG"
     -
      kind: "Keyword"
      label: "REF"
     -
      kind: "Keyword"
      label: "REFERENCE"
    functionContext: null
    hasMoreResults: true
 -
  description: "JUST FINISHED TABLE NAME WITH AT"
  input: "SELECT * FROM EMP AT B^"
  output:
    completions:
     -
      kind: "Keyword"
      label: "BRANCH"
    functionContext: null
    hasMoreResults: false
 -
  description: "JUST FINISHED TABLE NAME WITH AT"
  input: "SELECT * FROM EMP AT C^"
  output:
    completions:
     -
      kind: "Keyword"
      label: "COMMIT"
    functionContext: null
    hasMoreResults: false
 -
  description: "JUST FINISHED TABLE NAME WITH AT"
  input: "SELECT * FROM EMP AT T^"
  output:
    completions:
     -
      kind: "Keyword"
      label: "TAG"
    functionContext: null
    hasMoreResults: false
 -
  description: "BRANCH"
  input: "SELECT * FROM EMP AT BRANCH ^"
  output:
    completions:
     -
      data:
        hash:
          value: "DEADBEEF"
        name: "Branch A"
        type: "BRANCH"
      kind: "NessieElement"
      label: "Branch A"
     -
      data:
        hash:
          value: "CAFEBABE"
        name: "Branch B"
        type: "BRANCH"
      kind: "NessieElement"
      label: "Branch B"
     -
      data:
        hash:
          value: "B0BACAFE"
        name: "Branch C"
        type: "BRANCH"
      kind: "NessieElement"
      label: "Branch C"
    functionContext: null
    hasMoreResults: false
 -
  description: "COMMIT"
  input: "SELECT * FROM EMP AT COMMIT ^"
  output:
    completions:
     -
      data:
        authorName: "Alice"
        hash:
          value: "DEADBEEF"
        message: "Adding first commit"
        timestamp: "1970-01-01T00:00:00Z"
        type: "COMMIT"
      kind: "NessieElement"
      label: "DEADBEEF"
     -
      data:
        authorName: "Bob"
        hash:
          value: "CAFEBABE"
        message: "Fixing bug introduced by Alice."
        timestamp: "1970-01-01T00:00:01Z"
        type: "COMMIT"
      kind: "NessieElement"
      label: "CAFEBABE"
     -
      data:
        authorName: "Alice"
        hash:
          value: "B0BACAFE"
        message: "Bob really doesn't know what he is doing"
        timestamp: "1970-01-01T00:00:02Z"
        type: "COMMIT"
      kind: "NessieElement"
      label: "B0BACAFE"
    functionContext: null
    hasMoreResults: false
 -
  description: "TAG"
  input: "SELECT * FROM EMP AT TAG ^"
  output:
    completions:
     -
      data:
        hash:
          value: "DEADBEEF"
        name: "Tag A"
        type: "TAG"
      kind: "NessieElement"
      label: "Tag A"
     -
      data:
        hash:
          value: "CAFEBABE"
        name: "Tag B"
        type: "TAG"
      kind: "NessieElement"
      label: "Tag B"
     -
      data:
        hash:
          value: "B0BACAFE"
        name: "Tag C"
        type: "TAG"
      kind: "NessieElement"
      label: "Tag C"
    functionContext: null
    hasMoreResults: false
 -
  description: "Column With Reference"
  input: "SELECT ^ FROM EMP AT BRANCH \"Branch A\""
  output:
    completions:
     -
      data:
        column:
          name: "COMM"
          type: "INTEGER"
        tableAlias: "EMP"
      detail: "column (INTEGER) in EMP"
      insertText: "EMP.COMM"
      kind: "Column"
      label: "COMM"
     -
      data:
        column:
          name: "DEPTNO"
          type: "INTEGER"
        tableAlias: "EMP"
      detail: "column (INTEGER) in EMP"
      insertText: "EMP.DEPTNO"
      kind: "Column"
      label: "DEPTNO"
     -
      data:
        column:
          name: "EMPNO"
          type: "INTEGER"
        tableAlias: "EMP"
      detail: "column (INTEGER) in EMP"
      insertText: "EMP.EMPNO"
      kind: "Column"
      label: "EMPNO"
     -
      data:
        column:
          name: "ENAME"
          type: "VARCHAR"
        tableAlias: "EMP"
      detail: "column (VARCHAR) in EMP"
      insertText: "EMP.ENAME"
      kind: "Column"
      label: "ENAME"
     -
      data:
        column:
          name: "HIREDATE"
          type: "TIMESTAMP"
        tableAlias: "EMP"
      detail: "column (TIMESTAMP) in EMP"
      insertText: "EMP.HIREDATE"
      kind: "Column"
      label: "HIREDATE"
    functionContext: null
    hasMoreResults: true
 -
  description: "Set branch"
  input: "USE BRANCH branchA; SELECT * FROM ^"
  output:
    completions:
     -
      data:
        name: "DEPT"
        type: "Physical Dataset"
      insertText: "DEPT"
      kind: "CatalogEntry"
      label: "DEPT"
     -
      data:
        name: "EMP"
        type: "Physical Dataset"
      insertText: "EMP"
      kind: "CatalogEntry"
      label: "EMP"
     -
      data:
        name: "physical dataset"
        type: "Physical Dataset"
      insertText: "\"physical dataset\""
      kind: "CatalogEntry"
      label: "physical dataset"
     -
      data:
        name: "SALGRADE"
        type: "Virtual Dataset"
      insertText: "SALGRADE"
      kind: "CatalogEntry"
      label: "SALGRADE"
     -
      data:
        name: "virtual dataset"
        type: "Virtual Dataset"
      insertText: "\"virtual dataset\""
      kind: "CatalogEntry"
      label: "virtual dataset"
    functionContext: null
    hasMoreResults: true
