#
# Copyright (C) 2017-2019 Dremio Corporation
#
# Licensed under the Apache License, Version 2.0 (the "License");
# you may not use this file except in compliance with the License.
# You may obtain a copy of the License at
#
#     http://www.apache.org/licenses/LICENSE-2.0
#
# Unless required by applicable law or agreed to in writing, software
# distributed under the License is distributed on an "AS IS" BASIS,
# WITHOUT WARRANTIES OR CONDITIONS OF ANY KIND, either express or implied.
# See the License for the specific language governing permissions and
# limitations under the License.
#

---
 -
  description: "CLOSED DOUBLE QUOTE"
  input: "SELECT * FROM \"EMP\""
  output:
    tokens:
     - "SELECT"
     - "*"
     - "FROM"
     - "EMP"
    untokenized: "SELECT * FROM EMP "
 -
  description: "SINGLE QUOTES INSIDE DOUBLE QUOTES"
  input: "SELECT * FROM \"TEST 'ME' HERE\""
  output:
    tokens:
     - "SELECT"
     - "*"
     - "FROM"
     - "TEST 'ME' HERE"
    untokenized: "SELECT * FROM \"TEST 'ME' HERE\" "
 -
  description: "UNCLOSED DOUBLE QUOTE"
  input: "SELECT * FROM \"EMP WHERE 1 = 1"
  output:
    tokens:
     - "SELECT"
     - "*"
     - "FROM"
     - "EMP WHERE 1 = 1"
    untokenized: "SELECT * FROM \"EMP WHERE 1 = 1\" "
 -
  description: "UNEVEN NUMBER OF DOUBLE QUOTES"
  input: "SELECT \"name FROM \"EMP\""
  output:
    tokens:
     - "SELECT"
     - "name FROM "
     - "EMP"
     - ""
    untokenized: "SELECT \"name FROM \" EMP  "
 -
  description: "CURSOR AT THE END OF THE QUOTES"
  input: "SELECT * FROM \"EMP\a\" WHERE 1 = 1"
  output:
    tokens:
     - "SELECT"
     - "*"
     - "FROM"
     - "EMP\a"
     - "WHERE"
     - "1"
     - "="
     - "1"
    untokenized: "SELECT * FROM \"EMP\a\" WHERE 1 = 1 "
 -
  description: "CURSOR IN THE MIDDLE DISCARDS THE REST OF THE IDENTIFIER"
  input: "SELECT * FROM \"EMP\aLO BOOOM\" WHERE 1 = 1"
  output:
    tokens:
     - "SELECT"
     - "*"
     - "FROM"
     - "EMP\a"
     - "WHERE"
     - "1"
     - "="
     - "1"
    untokenized: "SELECT * FROM \"EMP\a\" WHERE 1 = 1 "
 -
  description: "CURSOR IN EMPTY STRING BETWEEN QUOTES"
  input: "SELECT * FROM \"\a\""
  output:
    tokens:
     - "SELECT"
     - "*"
     - "FROM"
     - "\a"
    untokenized: "SELECT * FROM \"\a\" "
