#
# Copyright (C) 2017-2019 Dremio Corporation
#
# Licensed under the Apache License, Version 2.0 (the "License");
# you may not use this file except in compliance with the License.
# You may obtain a copy of the License at
#
#     http://www.apache.org/licenses/LICENSE-2.0
#
# Unless required by applicable law or agreed to in writing, software
# distributed under the License is distributed on an "AS IS" BASIS,
# WITHOUT WARRANTIES OR CONDITIONS OF ANY KIND, either express or implied.
# See the License for the specific language governing permissions and
# limitations under the License.
#

---
 -
  description: "CLOSED SINGLE QUOTE"
  input: "SELECT '123' FROM EMP"
  output:
    tokens:
     - "SELECT"
     - "'123'"
     - "FROM"
     - "EMP"
    untokenized: "SELECT '123' FROM EMP "
 -
  description: "DOUBLE QUOTES INSIDE SINGLE QUOTES"
  input: "SELECT 'TEST \"ME\" HERE' FROM EMP"
  output:
    tokens:
     - "SELECT"
     - "'TEST \"ME\" HERE'"
     - "FROM"
     - "EMP"
    untokenized: "SELECT 'TEST \"ME\" HERE' FROM EMP "
 -
  description: "UNCLOSED SINGLE QUOTE"
  input: "SELECT '123 FROM EMP"
  output:
    tokens:
     - "SELECT"
     - "'123 FROM EMP'"
    untokenized: "SELECT '123 FROM EMP' "
 -
  description: "UNEVEN NUMBER OF SINGLE QUOTES"
  input: "SELECT '123 FROM EMP WHERE x = 'test'"
  output:
    tokens:
     - "SELECT"
     - "'123 FROM EMP WHERE x = '"
     - "test"
     - "''"
    untokenized: "SELECT '123 FROM EMP WHERE x = ' test '' "
