#
# Copyright (C) 2017-2019 Dremio Corporation
#
# Licensed under the Apache License, Version 2.0 (the "License");
# you may not use this file except in compliance with the License.
# You may obtain a copy of the License at
#
#     http://www.apache.org/licenses/LICENSE-2.0
#
# Unless required by applicable law or agreed to in writing, software
# distributed under the License is distributed on an "AS IS" BASIS,
# WITHOUT WARRANTIES OR CONDITIONS OF ANY KIND, either express or implied.
# See the License for the specific language governing permissions and
# limitations under the License.
#

---
 -
  description: "USING"
  input:
   - "ALTER TABLE EMP CREATE EXTERNAL REFLECTION myReflection"
   - "USING"
  output:
   - "ALTER: ALTER TABLE EMP CREATE EXTERNAL REFLECTION myReflection USING^ "
   - "  EXTERNAL REFLECTION CREATE: "
   - "    CATALOG PATH: EMP."
   - "    NAME: myReflection"
   - "    CATALOG PATH: "
   - "  TYPE: TABLE"
   - "  CATALOG PATH: EMP."
 -
  description: "USING + PATH"
  input:
   - "ALTER TABLE EMP CREATE EXTERNAL REFLECTION myReflection"
   - "USING "
   - "\"External\".EMP"
  output:
   - "ALTER: ALTER TABLE EMP CREATE EXTERNAL REFLECTION myReflection USING External . EMP^ "
   - "  EXTERNAL REFLECTION CREATE: External . EMP^ "
   - "    CATALOG PATH: EMP."
   - "    NAME: myReflection"
   - "    CATALOG PATH: External.EMP^."
   - "  TYPE: TABLE"
   - "  CATALOG PATH: EMP."
