#
# Copyright (C) 2017-2019 Dremio Corporation
#
# Licensed under the Apache License, Version 2.0 (the "License");
# you may not use this file except in compliance with the License.
# You may obtain a copy of the License at
#
#     http://www.apache.org/licenses/LICENSE-2.0
#
# Unless required by applicable law or agreed to in writing, software
# distributed under the License is distributed on an "AS IS" BASIS,
# WITHOUT WARRANTIES OR CONDITIONS OF ANY KIND, either express or implied.
# See the License for the specific language governing permissions and
# limitations under the License.
#

---
 -
  description: "Basic"
  input: "SELECT * FROM EMP^"
  output:
   - "SelectQueryStatement: SELECT * FROM EMP^ "
   - "  SelectClause: SELECT * "
   - "    SelectList: * "
   - "      SELECT ITEM: * "
   - "  FromClause: FROM EMP^ "
   - "    TABLE REFERENCE: EMP^ "
   - "      CatalogPath: EMP^ "
 -
  description: "With Alias"
  input: "SELECT * FROM EMP as emp^"
  output:
   - "SelectQueryStatement: SELECT * FROM EMP as emp^ "
   - "  SelectClause: SELECT * "
   - "    SelectList: * "
   - "      SELECT ITEM: * "
   - "  FromClause: FROM EMP as emp^ "
   - "    TABLE REFERENCE: EMP as emp^ "
   - "      CatalogPath: EMP "
   - "      Alias: as emp^ "
 -
  description: "With Alias no as"
  input: "SELECT * FROM EMP emp^"
  output:
   - "SelectQueryStatement: SELECT * FROM EMP emp^ "
   - "  SelectClause: SELECT * "
   - "    SelectList: * "
   - "      SELECT ITEM: * "
   - "  FromClause: FROM EMP emp^ "
   - "    TABLE REFERENCE: EMP emp^ "
   - "      CatalogPath: EMP "
   - "      Alias: emp^ "
 -
  description: "With Nessie"
  input: "SELECT * FROM EMP AT BRANCH ^"
  output:
   - "SelectQueryStatement: SELECT * FROM EMP AT BRANCH ^ "
   - "  SelectClause: SELECT * "
   - "    SelectList: * "
   - "      SELECT ITEM: * "
   - "  FromClause: FROM EMP AT BRANCH ^ "
   - "    TABLE REFERENCE: EMP AT BRANCH ^ "
   - "      CatalogPath: EMP "
   - "      NESSIE VERSION: AT BRANCH ^ "
   - "        TYPE: BRANCH"
 -
  description: "With Nessie incomplete type"
  input: "SELECT * FROM EMP AT B^"
  output:
   - "SelectQueryStatement: SELECT * FROM EMP AT B^ "
   - "  SelectClause: SELECT * "
   - "    SelectList: * "
   - "      SELECT ITEM: * "
   - "  FromClause: FROM EMP AT B^ "
   - "    TABLE REFERENCE: EMP AT B^ "
   - "      CatalogPath: EMP "
   - "      NESSIE VERSION: AT B^ "
 -
  description: "With alias and nessie"
  input: "SELECT * FROM EMP as emp AT BRANCH ^"
  output:
   - "SelectQueryStatement: SELECT * FROM EMP as emp AT BRANCH ^ "
   - "  SelectClause: SELECT * "
   - "    SelectList: * "
   - "      SELECT ITEM: * "
   - "  FromClause: FROM EMP as emp AT BRANCH ^ "
   - "    TABLE REFERENCE: EMP as emp AT BRANCH ^ "
   - "      CatalogPath: EMP "
   - "      Alias: as emp "
   - "      NESSIE VERSION: AT BRANCH ^ "
   - "        TYPE: BRANCH"
