#
# Copyright (C) 2017-2019 Dremio Corporation
#
# Licensed under the Apache License, Version 2.0 (the "License");
# you may not use this file except in compliance with the License.
# You may obtain a copy of the License at
#
#     http://www.apache.org/licenses/LICENSE-2.0
#
# Unless required by applicable law or agreed to in writing, software
# distributed under the License is distributed on an "AS IS" BASIS,
# WITHOUT WARRANTIES OR CONDITIONS OF ANY KIND, either express or implied.
# See the License for the specific language governing permissions and
# limitations under the License.
#

---
 -
  description: "JUST SELECT"
  input: "SELECT "
  output:
   - "SelectQueryStatement: SELECT ^ "
   - "  SelectClause: SELECT ^ "
   - "    SelectList: ^ "
   - "      SELECT ITEM: ^ "
 -
  description: "SELECT *"
  input: "SELECT *"
  output:
   - "SelectQueryStatement: SELECT * ^ "
   - "  SelectClause: SELECT * ^ "
   - "    SelectList: * ^ "
   - "      SELECT ITEM: * ^ "
 -
  description: "SELECT item"
  input: "SELECT 1 + 1"
  output:
   - "SelectQueryStatement: SELECT 1 + 1^ "
   - "  SelectClause: SELECT 1 + 1^ "
   - "    SelectList: 1 + 1^ "
   - "      SELECT ITEM: 1 + 1^ "
 -
  description: "SELECT item + AS"
  input: "SELECT 1 + 1 AS"
  output:
   - "SelectQueryStatement: SELECT 1 + 1 AS^ "
   - "  SelectClause: SELECT 1 + 1 AS^ "
   - "    SelectList: 1 + 1 AS^ "
   - "      SELECT ITEM: 1 + 1 AS^ "
 -
  description: "SELECT item + AS + alias"
  input: "SELECT 1 + 1 as myAlias"
  output:
   - "SelectQueryStatement: SELECT 1 + 1 as myAlias^ "
   - "  SelectClause: SELECT 1 + 1 as myAlias^ "
   - "    SelectList: 1 + 1 as myAlias^ "
   - "      SELECT ITEM: 1 + 1 as myAlias^ "
   - "        ALIAS: myAlias\a"
 -
  description: "SELECT item + No AS + alias"
  input: "SELECT 1 + 1 myAlias"
  output:
   - "SelectQueryStatement: SELECT 1 + 1 myAlias^ "
   - "  SelectClause: SELECT 1 + 1 myAlias^ "
   - "    SelectList: 1 + 1 myAlias^ "
   - "      SELECT ITEM: 1 + 1 myAlias^ "
 -
  description: "SELECT item + comma"
  input: "SELECT 1, "
  output:
   - "SelectQueryStatement: SELECT 1 , ^ "
   - "  SelectClause: SELECT 1 , ^ "
   - "    SelectList: 1 , ^ "
   - "      SELECT ITEM: 1 "
   - "      SELECT ITEM: ^ "
 -
  description: "SELECT two items"
  input: "SELECT 1, 2"
  output:
   - "SelectQueryStatement: SELECT 1 , 2^ "
   - "  SelectClause: SELECT 1 , 2^ "
   - "    SelectList: 1 , 2^ "
   - "      SELECT ITEM: 1 "
   - "      SELECT ITEM: 2^ "
 -
  description: "SELECT three items"
  input: "SELECT 1, 2, 3"
  output:
   - "SelectQueryStatement: SELECT 1 , 2 , 3^ "
   - "  SelectClause: SELECT 1 , 2 , 3^ "
   - "    SelectList: 1 , 2 , 3^ "
   - "      SELECT ITEM: 1 "
   - "      SELECT ITEM: 2 "
   - "      SELECT ITEM: 3^ "
 -
  description: "SELECT * insert"
  input: "SELECT * ^ FROM emp"
  output:
   - "SelectQueryStatement: SELECT * ^ FROM emp "
   - "  SelectClause: SELECT * ^ "
   - "    SelectList: * ^ "
   - "      SELECT ITEM: * ^ "
   - "  FromClause: FROM emp "
   - "    TABLE REFERENCE: emp "
   - "      CatalogPath: emp "
 -
  description: "Inside Function call with commas"
  input: "SELECT FOO(123, ^ FROM emp"
  output:
   - "SelectQueryStatement: SELECT FOO ( 123 , ^ FROM emp "
   - "  SelectClause: SELECT FOO ( 123 , ^ "
   - "    SelectList: FOO ( 123 , ^ "
   - "      SELECT ITEM: FOO ( 123 , ^ "
   - "  FromClause: FROM emp "
   - "    TABLE REFERENCE: emp "
   - "      CatalogPath: emp "
 -
  description: "Inside Function call with commas"
  input: "SELECT FOO(1, 2, 3 ^ FROM emp"
  output:
   - "SelectQueryStatement: SELECT FOO ( 1 , 2 , 3 ^ FROM emp "
   - "  SelectClause: SELECT FOO ( 1 , 2 , 3 ^ "
   - "    SelectList: FOO ( 1 , 2 , 3 ^ "
   - "      SELECT ITEM: FOO ( 1 , 2 , 3 ^ "
   - "  FromClause: FROM emp "
   - "    TABLE REFERENCE: emp "
   - "      CatalogPath: emp "
