#
# Copyright (C) 2017-2019 Dremio Corporation
#
# Licensed under the Apache License, Version 2.0 (the "License");
# you may not use this file except in compliance with the License.
# You may obtain a copy of the License at
#
#     http://www.apache.org/licenses/LICENSE-2.0
#
# Unless required by applicable law or agreed to in writing, software
# distributed under the License is distributed on an "AS IS" BASIS,
# WITHOUT WARRANTIES OR CONDITIONS OF ANY KIND, either express or implied.
# See the License for the specific language governing permissions and
# limitations under the License.
#

---
 -
  description: "UPDATE"
  input: "UPDATE ^"
  output:
   - "UPDATE: UPDATE ^ "
   - "  TABLE PRIMARY: ^ "
 -
  description: "UPDATE + TABLE"
  input: "UPDATE EMP ^"
  output:
   - "UPDATE: UPDATE EMP ^ "
   - "  TABLE PRIMARY: EMP ^ "
 -
  description: "UPDATE + TABLE + SET"
  input: "UPDATE EMP SET ^"
  output:
   - "UPDATE: UPDATE EMP SET ^ "
   - "  TABLE PRIMARY: EMP "
   - "  ASSIGN TOKENS: ^ "
 -
  description: "UPDATE + TABLE + SET + ASSIGN"
  input: "UPDATE EMP SET NAME = 'Brandon' ^"
  output:
   - "UPDATE: UPDATE EMP SET NAME = 'Brandon' ^ "
   - "  TABLE PRIMARY: EMP "
   - "  ASSIGN TOKENS: NAME = 'Brandon' ^ "
 -
  description: "UPDATE + TABLE + SET + ASSIGN LIST"
  input: "UPDATE EMP SET NAME = 'Brandon', AGE = 27 ^"
  output:
   - "UPDATE: UPDATE EMP SET NAME = 'Brandon' , AGE = 27 ^ "
   - "  TABLE PRIMARY: EMP "
   - "  ASSIGN TOKENS: NAME = 'Brandon' , AGE = 27 ^ "
 -
  description: "UPDATE + TABLE + SET + ASSIGN LIST + WHERE"
  input: "UPDATE EMP SET NAME = 'Brandon', AGE = 27 WHERE ^"
  output:
   - "UPDATE: UPDATE EMP SET NAME = 'Brandon' , AGE = 27 WHERE ^ "
   - "  TABLE PRIMARY: EMP "
   - "  ASSIGN TOKENS: NAME = 'Brandon' , AGE = 27 "
   - "  BOOLEAN EXPRESSION: ^ "
 -
  description: "UPDATE + TABLE + SET + ASSIGN LIST + WHERE + BOOLEAN EXPRESSION"
  input: "UPDATE EMP SET NAME = 'Brandon', AGE = 27 WHERE NAME != 'Brandon' ^"
  output:
   - "UPDATE: UPDATE EMP SET NAME = 'Brandon' , AGE = 27 WHERE NAME != 'Brandon' ^ "
   - "  TABLE PRIMARY: EMP "
   - "  ASSIGN TOKENS: NAME = 'Brandon' , AGE = 27 "
   - "  BOOLEAN EXPRESSION: NAME != 'Brandon' ^ "
