#
# Copyright (C) 2017-2019 Dremio Corporation
#
# Licensed under the Apache License, Version 2.0 (the "License");
# you may not use this file except in compliance with the License.
# You may obtain a copy of the License at
#
#     http://www.apache.org/licenses/LICENSE-2.0
#
# Unless required by applicable law or agreed to in writing, software
# distributed under the License is distributed on an "AS IS" BASIS,
# WITHOUT WARRANTIES OR CONDITIONS OF ANY KIND, either express or implied.
# See the License for the specific language governing permissions and
# limitations under the License.
#

---
 -
  description: "DELETE"
  input: "DELETE^"
  output: "DeleteStatement: DELETE^ "
 -
  description: "DELETE + PARTIAL FROM"
  exceptionMessage: "Unexpected token: {FR\a}, Expected {FROM}"
  input: "DELETE FR^"
 -
  description: "DELETE + FROM"
  input: "DELETE FROM^"
  output:
   - "DeleteStatement: DELETE FROM^ "
   - "  FromClause: FROM^ "
 -
  description: "DELETE + FROM + TABLE"
  input: "DELETE FROM EMP^"
  output:
   - "DeleteStatement: DELETE FROM EMP^ "
   - "  FromClause: FROM EMP^ "
   - "    TABLE REFERENCE: EMP^ "
   - "      CatalogPath: EMP^ "
 -
  description: "DELETE + FROM + TABLE + AS"
  input: "DELETE FROM EMP AS^"
  output:
   - "DeleteStatement: DELETE FROM EMP AS^ "
   - "  FromClause: FROM EMP AS^ "
   - "    TABLE REFERENCE: EMP AS^ "
   - "      CatalogPath: EMP "
   - "      Alias: AS^ "
 -
  description: "DELETE + FROM + TABLE + AS + ALIAS"
  input: "DELETE FROM EMP AS e^"
  output:
   - "DeleteStatement: DELETE FROM EMP AS e^ "
   - "  FromClause: FROM EMP AS e^ "
   - "    TABLE REFERENCE: EMP AS e^ "
   - "      CatalogPath: EMP "
   - "      Alias: AS e^ "
 -
  description: "DELETE + FROM + TABLE + WHERE"
  input: "DELETE FROM EMP WHERE^"
  output:
   - "DeleteStatement: DELETE FROM EMP WHERE^ "
   - "  FromClause: FROM EMP "
   - "    TABLE REFERENCE: EMP "
   - "      CatalogPath: EMP "
 -
  description: "DELETE + FROM + TABLE + WHERE + CONDITION"
  input: "DELETE FROM EMP WHERE EMP.NAME = 'Brandon'^"
  output:
   - "DeleteStatement: DELETE FROM EMP WHERE EMP . NAME = 'Brandon' ^ "
   - "  FromClause: FROM EMP "
   - "    TABLE REFERENCE: EMP "
   - "      CatalogPath: EMP "
   - "  EXPRESSION: EMP . NAME = 'Brandon' ^ "
   - "    TABLE REFERENCE: EMP "
   - "      CatalogPath: EMP "
