#
# Copyright (C) 2017-2019 Dremio Corporation
#
# Licensed under the Apache License, Version 2.0 (the "License");
# you may not use this file except in compliance with the License.
# You may obtain a copy of the License at
#
#     http://www.apache.org/licenses/LICENSE-2.0
#
# Unless required by applicable law or agreed to in writing, software
# distributed under the License is distributed on an "AS IS" BASIS,
# WITHOUT WARRANTIES OR CONDITIONS OF ANY KIND, either express or implied.
# See the License for the specific language governing permissions and
# limitations under the License.
#

---
 -
  description: "MULTISET CONSTRUCTION"
  input: "SELECT MULTISET"
  output:
    hasIdentifier: false
    hasMoreResults: false
    tokens:
     - "("
     - "["
 -
  description: "MULTISET CONSTRUCTION SUBQUERY"
  input: "SELECT MULTISET("
  output:
    hasIdentifier: true
    hasMoreResults: true
    tokens:
     - "SELECT"
     - "VALUES"
     - "CASE"
     - "("
     - "MULTISET"
 -
  description: "MULTISET CONSTRUCTION ARRAY"
  input: "SELECT MULTISET["
  output:
    hasIdentifier: true
    hasMoreResults: true
    tokens:
     - "("
     - "+"
     - "-"
     - "?"
     - "ARRAY"
 -
  description: "ELEMENT"
  input: "SELECT ELEMENT"
  output:
    hasIdentifier: false
    hasMoreResults: true
    tokens:
     - "("
     - "!="
     - "%"
     - "*"
     - "+"
 -
  description: "ELEMENT"
  input: "SELECT ELEMENT("
  output:
    hasIdentifier: true
    hasMoreResults: true
    tokens:
     - "MULTISET"
     - "SELECT"
     - ")"
     - "VALUES"
     - "*"
 -
  description: "CARDINALITY"
  input: "SELECT CARDINALITY"
  output:
    hasIdentifier: false
    hasMoreResults: true
    tokens:
     - "("
     - "!="
     - "%"
     - "*"
     - "+"
 -
  description: "CARDINALITY"
  input: "SELECT CARDINALITY("
  output:
    hasIdentifier: true
    hasMoreResults: true
    tokens:
     - "MULTISET"
     - "SELECT"
     - ")"
     - "VALUES"
     - "*"
 -
  description: "myValue"
  input: "SELECT myValue"
  output:
    hasIdentifier: true
    hasMoreResults: true
    tokens:
     - "FROM"
     - ","
     - "."
     - "+"
     - "AS"
 -
  description: "myValue MEMBER"
  input: "SELECT myValue MEMBER"
  output:
    hasIdentifier: false
    hasMoreResults: false
    tokens:
     - "OF"
 -
  description: "myValue MEMBER OF"
  input: "SELECT myValue MEMBER OF"
  output:
    hasIdentifier: true
    hasMoreResults: true
    tokens:
     - "MULTISET"
     - "("
     - "+"
     - "-"
     - "?"
 -
  description: "myValue MEMBER OF myMultiset"
  input: "SELECT myValue MEMBER OF myMultiset"
  output:
    hasIdentifier: true
    hasMoreResults: true
    tokens:
     - "."
     - ","
     - "FROM"
     - "="
     - "+"
 -
  description: "multiset"
  input: "SELECT myMultiset"
  output:
    hasIdentifier: true
    hasMoreResults: true
    tokens:
     - "FROM"
     - ","
     - "."
     - "+"
     - "AS"
 -
  description: "multiset IS"
  input: "SELECT myMultiset IS"
  output:
    hasIdentifier: false
    hasMoreResults: true
    tokens:
     - "NOT"
     - "A"
     - "DISTINCT"
     - "EMPTY"
     - "FALSE"
 -
  description: "multiset IS A"
  input: "SELECT myMultiset IS A"
  output:
    hasIdentifier: false
    hasMoreResults: false
    tokens:
     - "SET"
 -
  description: "multiset IS A SET"
  input: "SELECT myMultiset IS A SET"
  output:
    hasIdentifier: true
    hasMoreResults: true
    tokens:
     - "!="
     - "%"
     - "*"
     - "+"
     - ","
 -
  description: "multiset"
  input: "SELECT myMultiset"
  output:
    hasIdentifier: true
    hasMoreResults: true
    tokens:
     - "FROM"
     - ","
     - "."
     - "+"
     - "AS"
 -
  description: "multiset IS"
  input: "SELECT myMultiset IS"
  output:
    hasIdentifier: false
    hasMoreResults: true
    tokens:
     - "NOT"
     - "A"
     - "DISTINCT"
     - "EMPTY"
     - "FALSE"
 -
  description: "multiset IS NOT"
  input: "SELECT myMultiset IS NOT "
  output:
    hasIdentifier: false
    hasMoreResults: true
    tokens:
     - "A"
     - "NULL"
     - "DISTINCT"
     - "EMPTY"
     - "FALSE"
 -
  description: "multiset IS NOT A"
  input: "SELECT myMultiset IS NOT A"
  output:
    hasIdentifier: false
    hasMoreResults: false
    tokens:
     - "SET"
 -
  description: "multiset IS NOT A SET"
  input: "SELECT myMultiset IS NOT A SET"
  output:
    hasIdentifier: true
    hasMoreResults: true
    tokens:
     - "!="
     - "%"
     - "*"
     - "+"
     - ","
 -
  description: "multiset"
  input: "SELECT myMultiset"
  output:
    hasIdentifier: true
    hasMoreResults: true
    tokens:
     - "FROM"
     - ","
     - "."
     - "+"
     - "AS"
 -
  description: "multiset IS"
  input: "SELECT myMultiset IS"
  output:
    hasIdentifier: false
    hasMoreResults: true
    tokens:
     - "NOT"
     - "A"
     - "DISTINCT"
     - "EMPTY"
     - "FALSE"
 -
  description: "multiset IS EMPTY"
  input: "SELECT myMultiset IS EMPTY"
  output:
    hasIdentifier: true
    hasMoreResults: true
    tokens:
     - "!="
     - "%"
     - "*"
     - "+"
     - ","
 -
  description: "multiset"
  input: "SELECT myMultiset"
  output:
    hasIdentifier: true
    hasMoreResults: true
    tokens:
     - "FROM"
     - ","
     - "."
     - "+"
     - "AS"
 -
  description: "multiset IS"
  input: "SELECT myMultiset IS"
  output:
    hasIdentifier: false
    hasMoreResults: true
    tokens:
     - "NOT"
     - "A"
     - "DISTINCT"
     - "EMPTY"
     - "FALSE"
 -
  description: "multiset IS NOT"
  input: "SELECT myMultiset IS NOT"
  output:
    hasIdentifier: false
    hasMoreResults: true
    tokens:
     - "A"
     - "NULL"
     - "DISTINCT"
     - "EMPTY"
     - "FALSE"
 -
  description: "multiset IS NOT EMPTY"
  input: "SELECT myMultiset IS NOT EMPTY"
  output:
    hasIdentifier: true
    hasMoreResults: true
    tokens:
     - "!="
     - "%"
     - "*"
     - "+"
     - ","
 -
  description: "multiset"
  input: "SELECT myMultiset"
  output:
    hasIdentifier: true
    hasMoreResults: true
    tokens:
     - "FROM"
     - ","
     - "."
     - "+"
     - "AS"
 -
  description: "multiset SUBMULTISET"
  input: "SELECT myMultiset SUBMULTISET"
  output:
    hasIdentifier: false
    hasMoreResults: false
    tokens:
     - "OF"
 -
  description: "multiset SUBMULTISET OF"
  input: "SELECT myMultiset SUBMULTISET OF"
  output:
    hasIdentifier: true
    hasMoreResults: true
    tokens:
     - "MULTISET"
     - "("
     - "+"
     - "-"
     - "?"
 -
  description: "multiset SUBMULTISET OF multiset2"
  input: "SELECT myMultiset SUBMULTISET OF myMultiset2"
  output:
    hasIdentifier: true
    hasMoreResults: true
    tokens:
     - "."
     - ","
     - "FROM"
     - "="
     - "+"
 -
  description: "multiset"
  input: "SELECT myMultiset"
  output:
    hasIdentifier: true
    hasMoreResults: true
    tokens:
     - "FROM"
     - ","
     - "."
     - "+"
     - "AS"
 -
  description: "multiset NOT"
  input: "SELECT myMultiset NOT"
  output:
    hasIdentifier: false
    hasMoreResults: false
    tokens:
     - "IN"
     - "SUBMULTISET"
     - "BETWEEN"
     - "LIKE"
 -
  description: "multiset NOT SUBMULTISET"
  input: "SELECT myMultiset NOT SUBMULTISET"
  output:
    hasIdentifier: false
    hasMoreResults: false
    tokens:
     - "OF"
 -
  description: "multiset NOT SUBMULTISET OF"
  input: "SELECT myMultiset NOT SUBMULTISET OF"
  output:
    hasIdentifier: true
    hasMoreResults: true
    tokens:
     - "MULTISET"
     - "("
     - "+"
     - "-"
     - "?"
 -
  description: "multiset NOT SUBMULTISET OF multiset2"
  input: "SELECT myMultiset NOT SUBMULTISET OF myMultiset2"
  output:
    hasIdentifier: true
    hasMoreResults: true
    tokens:
     - "."
     - ","
     - "FROM"
     - "="
     - "+"
 -
  description: "multiset"
  input: "SELECT myMultiset"
  output:
    hasIdentifier: true
    hasMoreResults: true
    tokens:
     - "FROM"
     - ","
     - "."
     - "+"
     - "AS"
 -
  description: "multiset MULTISET"
  input: "SELECT myMultiset MULTISET"
  output:
    hasIdentifier: false
    hasMoreResults: false
    tokens:
     - "EXCEPT"
     - "INTERSECT"
     - "UNION"
 -
  description: "multiset MULTISET UNION "
  input: "SELECT myMultiset MULTISET UNION"
  output:
    hasIdentifier: true
    hasMoreResults: true
    tokens:
     - "ALL"
     - "DISTINCT"
     - "MULTISET"
     - "("
     - "+"
 -
  description: "multiset MULTISET UNION multiset2"
  input: "SELECT myMultiset MULTISET UNION myMultiset2"
  output:
    hasIdentifier: true
    hasMoreResults: true
    tokens:
     - "."
     - ","
     - "FROM"
     - "="
     - "+"
 -
  description: "multiset MULTISET UNION ALL"
  input: "SELECT myMultiset MULTISET UNION ALL"
  output:
    hasIdentifier: true
    hasMoreResults: true
    tokens:
     - "MULTISET"
     - "("
     - "+"
     - "-"
     - "?"
 -
  description: "multiset MULTISET UNION ALL multiset2"
  input: "SELECT myMultiset MULTISET UNION ALL myMultiset2"
  output:
    hasIdentifier: true
    hasMoreResults: true
    tokens:
     - "."
     - ","
     - "FROM"
     - "="
     - "+"
 -
  description: "multiset MULTISET UNION DISTINCT multiset2"
  input: "SELECT myMultiset MULTISET UNION DISTINCT"
  output:
    hasIdentifier: true
    hasMoreResults: true
    tokens:
     - "MULTISET"
     - "("
     - "+"
     - "-"
     - "?"
 -
  description: "multiset MULTISET UNION DISTINCT multiset2"
  input: "SELECT myMultiset MULTISET UNION DISTINCT myMultiset2"
  output:
    hasIdentifier: true
    hasMoreResults: true
    tokens:
     - "+"
     - ","
     - "."
     - "FROM"
     - "="
 -
  description: "multiset"
  input: "SELECT myMultiset"
  output:
    hasIdentifier: true
    hasMoreResults: true
    tokens:
     - "FROM"
     - ","
     - "."
     - "+"
     - "AS"
 -
  description: "multiset MULTISET"
  input: "SELECT myMultiset MULTISET"
  output:
    hasIdentifier: false
    hasMoreResults: false
    tokens:
     - "EXCEPT"
     - "INTERSECT"
     - "UNION"
 -
  description: "multiset MULTISET INTERSECT"
  input: "SELECT myMultiset MULTISET INTERSECT"
  output:
    hasIdentifier: true
    hasMoreResults: true
    tokens:
     - "ALL"
     - "DISTINCT"
     - "MULTISET"
     - "("
     - "+"
 -
  description: "multiset MULTISET INTERSECT multiset2"
  input: "SELECT myMultiset MULTISET INTERSECT myMultiset2"
  output:
    hasIdentifier: true
    hasMoreResults: true
    tokens:
     - "."
     - ","
     - "FROM"
     - "="
     - "+"
 -
  description: "multiset MULTISET INTERSECT ALL"
  input: "SELECT myMultiset MULTISET INTERSECT ALL"
  output:
    hasIdentifier: true
    hasMoreResults: true
    tokens:
     - "MULTISET"
     - "("
     - "+"
     - "-"
     - "?"
 -
  description: "multiset MULTISET INTERSECT ALL multiset2"
  input: "SELECT myMultiset MULTISET INTERSECT ALL myMultiset2"
  output:
    hasIdentifier: true
    hasMoreResults: true
    tokens:
     - "."
     - ","
     - "FROM"
     - "="
     - "+"
 -
  description: "multiset MULTISET INTERSECT DISTINCT"
  input: "SELECT myMultiset MULTISET INTERSECT DISTINCT"
  output:
    hasIdentifier: true
    hasMoreResults: true
    tokens:
     - "MULTISET"
     - "("
     - "+"
     - "-"
     - "?"
 -
  description: "multiset MULTISET INTERSECT DISTINCT multiset2"
  input: "SELECT myMultiset MULTISET INTERSECT DISTINCT myMultiset2"
  output:
    hasIdentifier: true
    hasMoreResults: true
    tokens:
     - "+"
     - ","
     - "."
     - "FROM"
     - "="
 -
  description: "multiset"
  input: "SELECT myMultiset"
  output:
    hasIdentifier: true
    hasMoreResults: true
    tokens:
     - "FROM"
     - ","
     - "."
     - "+"
     - "AS"
 -
  description: "multiset MULTISET"
  input: "SELECT myMultiset MULTISET"
  output:
    hasIdentifier: false
    hasMoreResults: false
    tokens:
     - "EXCEPT"
     - "INTERSECT"
     - "UNION"
 -
  description: "multiset MULTISET EXCEPT"
  input: "SELECT myMultiset MULTISET EXCEPT"
  output:
    hasIdentifier: true
    hasMoreResults: true
    tokens:
     - "ALL"
     - "DISTINCT"
     - "MULTISET"
     - "("
     - "+"
 -
  description: "multiset MULTISET EXCEPT multiset2"
  input: "SELECT myMultiset MULTISET EXCEPT myMultiset2"
  output:
    hasIdentifier: true
    hasMoreResults: true
    tokens:
     - "."
     - ","
     - "FROM"
     - "="
     - "+"
 -
  description: "multiset MULTISET EXCEPT ALL"
  input: "SELECT myMultiset MULTISET EXCEPT ALL"
  output:
    hasIdentifier: true
    hasMoreResults: true
    tokens:
     - "MULTISET"
     - "("
     - "+"
     - "-"
     - "?"
 -
  description: "multiset MULTISET EXCEPT ALL multiset2"
  input: "SELECT myMultiset MULTISET EXCEPT ALL myMultiset2"
  output:
    hasIdentifier: true
    hasMoreResults: true
    tokens:
     - "."
     - ","
     - "FROM"
     - "="
     - "+"
 -
  description: "multiset MULTISET EXCEPT DISTINCT"
  input: "SELECT myMultiset MULTISET EXCEPT DISTINCT"
  output:
    hasIdentifier: true
    hasMoreResults: true
    tokens:
     - "MULTISET"
     - "("
     - "+"
     - "-"
     - "?"
 -
  description: "multiset MULTISET EXCEPT DISTINCT multiset2"
  input: "SELECT myMultiset MULTISET EXCEPT DISTINCT myMultiset2"
  output:
    hasIdentifier: true
    hasMoreResults: true
    tokens:
     - "+"
     - ","
     - "."
     - "FROM"
     - "="
