#
# Copyright (C) 2017-2019 Dremio Corporation
#
# Licensed under the Apache License, Version 2.0 (the "License");
# you may not use this file except in compliance with the License.
# You may obtain a copy of the License at
#
#     http://www.apache.org/licenses/LICENSE-2.0
#
# Unless required by applicable law or agreed to in writing, software
# distributed under the License is distributed on an "AS IS" BASIS,
# WITHOUT WARRANTIES OR CONDITIONS OF ANY KIND, either express or implied.
# See the License for the specific language governing permissions and
# limitations under the License.
#

---
 -
  description: "MULTI SQL"
  input: "SELECT * FROM EMP; ^"
  output:
    hasIdentifier: true
    hasMoreResults: true
    tokens:
     - "SELECT"
     - "("
     - "+"
     - "-"
     - "?"
 -
  description: "MULTI SQL 2"
  input: "SELECT * FROM EMP; SELECT ^"
  output:
    hasIdentifier: true
    hasMoreResults: true
    tokens:
     - "*"
     - "CASE"
     - "DISTINCT"
     - "("
     - "ROW"
 -
  description: "MULTI SQL 3"
  input: "SELECT * FROM ^;SELECT * FROM EMP"
  output:
    hasIdentifier: true
    hasMoreResults: false
    tokens:
     - "("
     - "LATERAL"
     - "TABLE"
     - "UNNEST"
 -
  description: "MULTI SQL 4"
  input: "SELECT * FROM ^;"
  output:
    hasIdentifier: true
    hasMoreResults: false
    tokens:
     - "("
     - "LATERAL"
     - "TABLE"
     - "UNNEST"
