#
# Copyright (C) 2017-2019 Dremio Corporation
#
# Licensed under the Apache License, Version 2.0 (the "License");
# you may not use this file except in compliance with the License.
# You may obtain a copy of the License at
#
#     http://www.apache.org/licenses/LICENSE-2.0
#
# Unless required by applicable law or agreed to in writing, software
# distributed under the License is distributed on an "AS IS" BASIS,
# WITHOUT WARRANTIES OR CONDITIONS OF ANY KIND, either express or implied.
# See the License for the specific language governing permissions and
# limitations under the License.
#

---
 -
  description: "JUST FINISHED TABLE NAME"
  input: "SELECT * FROM EMP "
  output:
    hasIdentifier: false
    hasMoreResults: true
    tokens:
     - "WHERE"
     - "JOIN"
     - "ORDER"
     - ","
     - "NATURAL"
 -
  description: "JUST FINISHED TABLE NAME WITH AT"
  input: "SELECT * FROM EMP AT "
  output:
    hasIdentifier: false
    hasMoreResults: true
    tokens:
     - "BRANCH"
     - "COMMIT"
     - "TAG"
     - "REF"
     - "REFERENCE"
 -
  description: "BRANCH"
  input: "SELECT * FROM EMP AT BRANCH "
  output:
    hasIdentifier: true
    hasMoreResults: false
    tokens: []
 -
  description: "COMMIT"
  input: "SELECT * FROM EMP AT COMMIT "
  output:
    hasIdentifier: true
    hasMoreResults: false
    tokens: []
 -
  description: "TAG"
  input: "SELECT * FROM EMP AT TAG "
  output:
    hasIdentifier: true
    hasMoreResults: false
    tokens: []
