#
# Copyright (C) 2017-2019 Dremio Corporation
#
# Licensed under the Apache License, Version 2.0 (the "License");
# you may not use this file except in compliance with the License.
# You may obtain a copy of the License at
#
#     http://www.apache.org/licenses/LICENSE-2.0
#
# Unless required by applicable law or agreed to in writing, software
# distributed under the License is distributed on an "AS IS" BASIS,
# WITHOUT WARRANTIES OR CONDITIONS OF ANY KIND, either express or implied.
# See the License for the specific language governing permissions and
# limitations under the License.
#

---
 -
  description: "AFTER OPEN PARENS"
  input: "SELECT ( "
  output:
    hasIdentifier: true
    hasMoreResults: true
    tokens:
     - "WITH"
     - "CASE"
     - "SELECT"
     - "VALUES"
     - "("
 -
  description: "IN"
  input: "SELECT * FROM EMP WHERE EMP.age IN ("
  output:
    hasIdentifier: true
    hasMoreResults: true
    tokens:
     - "SELECT"
     - "VALUES"
     - "CASE"
     - "WITH"
     - "("
 -
  description: "NOT IN"
  input: "SELECT * FROM EMP WHERE EMP.age NOT IN ( "
  output:
    hasIdentifier: true
    hasMoreResults: true
    tokens:
     - "SELECT"
     - "VALUES"
     - "CASE"
     - "WITH"
     - "("
 -
  description: "DML"
  input: "UPDATE EMP SET age = age * 2 WHERE id IN ("
  output:
    hasIdentifier: true
    hasMoreResults: true
    tokens:
     - "SELECT"
     - "VALUES"
     - "CASE"
     - "WITH"
     - "("
 -
  description: "COMPARISON ="
  input: "SELECT CustomerID FROM Sales.Customer WHERE TerritoryID = ("
  output:
    hasIdentifier: true
    hasMoreResults: true
    tokens:
     - "SELECT"
     - "VALUES"
     - "CASE"
     - "WITH"
     - "("
 -
  description: "COMPARISON >"
  input: "SELECT Name FROM Production.Product WHERE ListPrice > ("
  output:
    hasIdentifier: true
    hasMoreResults: true
    tokens:
     - "SELECT"
     - "VALUES"
     - "CASE"
     - "WITH"
     - "("
 -
  description: "ANY"
  input: "SELECT Name FROM Production.Product WHERE ListPrice >= ANY "
  output:
    hasIdentifier: false
    hasMoreResults: false
    tokens:
     - "("
 -
  description: "ANY("
  input: "SELECT Name FROM Production.Product WHERE ListPrice >= ANY("
  output:
    hasIdentifier: true
    hasMoreResults: true
    tokens:
     - "SELECT"
     - "VALUES"
     - "CASE"
     - "WITH"
     - "("
 -
  description: "SOME"
  input: "SELECT Name FROM Production.Product WHERE ListPrice >= SOME "
  output:
    hasIdentifier: false
    hasMoreResults: false
    tokens:
     - "("
 -
  description: "SOME("
  input: "SELECT Name FROM Production.Product WHERE ListPrice >= SOME("
  output:
    hasIdentifier: true
    hasMoreResults: true
    tokens:
     - "SELECT"
     - "VALUES"
     - "CASE"
     - "WITH"
     - "("
 -
  description: "ALL"
  input: "SELECT Name FROM Production.Product WHERE ListPrice >= ALL "
  output:
    hasIdentifier: false
    hasMoreResults: false
    tokens:
     - "("
 -
  description: "ALL("
  input: "SELECT Name FROM Production.Product WHERE ListPrice >= ALL("
  output:
    hasIdentifier: true
    hasMoreResults: true
    tokens:
     - "SELECT"
     - "VALUES"
     - "CASE"
     - "WITH"
     - "("
 -
  description: "EXISTS"
  input: "SELECT Name FROM Production.Product WHERE EXISTS "
  output:
    hasIdentifier: true
    hasMoreResults: true
    tokens:
     - "("
     - "+"
     - "-"
     - "?"
     - "ARRAY"
 -
  description: "EXISTS("
  input: "SELECT Name FROM Production.Product WHERE EXISTS("
  output:
    hasIdentifier: true
    hasMoreResults: true
    tokens:
     - "SELECT"
     - "WITH"
     - "VALUES"
     - "CASE"
     - "("
 -
  description: "NOT EXISTS"
  input: "SELECT Name FROM Production.Product WHERE NOT EXISTS "
  output:
    hasIdentifier: true
    hasMoreResults: true
    tokens:
     - "("
     - "+"
     - "-"
     - "?"
     - "ARRAY"
 -
  description: "NOT EXISTS"
  input: "SELECT Name FROM Production.Product WHERE NOT EXISTS("
  output:
    hasIdentifier: true
    hasMoreResults: true
    tokens:
     - "SELECT"
     - "WITH"
     - "VALUES"
     - "CASE"
     - "("
 -
  description: "UNIQUE"
  input: "SELECT Name FROM Production.Product WHERE UNIQUE "
  output:
    hasIdentifier: true
    hasMoreResults: true
    tokens:
     - "("
     - "+"
     - "-"
     - "?"
     - "ARRAY"
 -
  description: "UNIQUE("
  input: "SELECT Name FROM Production.Product WHERE UNIQUE("
  output:
    hasIdentifier: true
    hasMoreResults: true
    tokens:
     - "CASE"
     - "("
     - "MULTISET"
     - "INTERVAL"
     - "NULL"
 -
  description: "ALIAS"
  input: "SELECT Name, ListPrice, (SELECT AVG(ListPrice) FROM Production.Product) "
  output:
    hasIdentifier: false
    hasMoreResults: true
    tokens:
     - ","
     - "FROM"
     - "ORDER"
     - ";"
     - "EXCEPT"
