#
# Copyright (C) 2017-2019 Dremio Corporation
#
# Licensed under the Apache License, Version 2.0 (the "License");
# you may not use this file except in compliance with the License.
# You may obtain a copy of the License at
#
#     http://www.apache.org/licenses/LICENSE-2.0
#
# Unless required by applicable law or agreed to in writing, software
# distributed under the License is distributed on an "AS IS" BASIS,
# WITHOUT WARRANTIES OR CONDITIONS OF ANY KIND, either express or implied.
# See the License for the specific language governing permissions and
# limitations under the License.
#

---
 -
  description: "OR"
  input: "SELECT * FROM EMP WHERE EMP.age = 5 OR "
  output:
    hasIdentifier: true
    hasMoreResults: true
    tokens:
     - "("
     - "+"
     - "-"
     - "?"
     - "ARRAY"
 -
  description: "AND"
  input: "SELECT * FROM EMP WHERE EMP.age = 5 AND  "
  output:
    hasIdentifier: true
    hasMoreResults: true
    tokens:
     - "EXISTS"
     - "("
     - "NOT"
     - "+"
     - "-"
 -
  description: "NOT"
  input: "SELECT * FROM EMP WHERE NOT "
  output:
    hasIdentifier: true
    hasMoreResults: true
    tokens:
     - "CASE"
     - "EXISTS"
     - "("
     - "NULL"
     - "+"
 -
  description: "IS"
  input: "SELECT * FROM EMP WHERE EMP.blah IS "
  output:
    hasIdentifier: false
    hasMoreResults: true
    tokens:
     - "NOT"
     - "A"
     - "DISTINCT"
     - "EMPTY"
     - "FALSE"
 -
  description: "IS FALSE"
  input: "SELECT * FROM EMP WHERE EMP.blah IS FALSE "
  output:
    hasIdentifier: false
    hasMoreResults: true
    tokens:
     - "!="
     - "%"
     - "*"
     - "+"
     - "-"
 -
  description: "IS NOT"
  input: "SELECT * FROM EMP WHERE EMP.blah IS NOT "
  output:
    hasIdentifier: false
    hasMoreResults: true
    tokens:
     - "A"
     - "NULL"
     - "DISTINCT"
     - "EMPTY"
     - "FALSE"
 -
  description: "IS NOT FALSE"
  input: "SELECT * FROM EMP WHERE EMP.blah IS NOT FALSE "
  output:
    hasIdentifier: false
    hasMoreResults: true
    tokens:
     - "!="
     - "%"
     - "*"
     - "+"
     - "-"
 -
  description: "IS TRUE"
  input: "SELECT * FROM EMP WHERE EMP.blah IS TRUE "
  output:
    hasIdentifier: false
    hasMoreResults: true
    tokens:
     - "!="
     - "%"
     - "*"
     - "+"
     - "-"
 -
  description: "IS NOT TRUE"
  input: "SELECT * FROM EMP WHERE EMP.blah IS NOT TRUE "
  output:
    hasIdentifier: false
    hasMoreResults: true
    tokens:
     - "!="
     - "%"
     - "*"
     - "+"
     - "-"
 -
  description: "IS UNKNOWN"
  input: "SELECT * FROM EMP WHERE EMP.blah IS UNKNOWN "
  output:
    hasIdentifier: false
    hasMoreResults: true
    tokens:
     - "!="
     - "%"
     - "*"
     - "+"
     - "-"
 -
  description: "IS NOT UNKNOWN"
  input: "SELECT * FROM EMP WHERE EMP.blah IS NOT UNKNOWN "
  output:
    hasIdentifier: false
    hasMoreResults: true
    tokens:
     - "!="
     - "%"
     - "*"
     - "+"
     - "-"
