#
# Copyright (C) 2017-2019 Dremio Corporation
#
# Licensed under the Apache License, Version 2.0 (the "License");
# you may not use this file except in compliance with the License.
# You may obtain a copy of the License at
#
#     http://www.apache.org/licenses/LICENSE-2.0
#
# Unless required by applicable law or agreed to in writing, software
# distributed under the License is distributed on an "AS IS" BASIS,
# WITHOUT WARRANTIES OR CONDITIONS OF ANY KIND, either express or implied.
# See the License for the specific language governing permissions and
# limitations under the License.
#

---
 -
  description: "SHOW"
  input: "SHOW "
  output:
    hasIdentifier: false
    hasMoreResults: true
    tokens:
     - "BRANCHES"
     - "DATABASES"
     - "FILES"
     - "FUNCTIONS"
     - "LOGS"
 -
  description: "EXPLAIN"
  input: "EXPLAIN "
  output:
    hasIdentifier: false
    hasMoreResults: false
    tokens:
     - "JSON"
     - "PLAN"
 -
  description: "DROP"
  input: "DROP "
  output:
    hasIdentifier: false
    hasMoreResults: true
    tokens:
     - "ROLE"
     - "TABLE"
     - "VDS"
     - "VIEW"
     - "BRANCH"
 -
  description: "TRUNCATE"
  input: "TRUNCATE "
  output:
    hasIdentifier: true
    hasMoreResults: false
    tokens:
     - "IF"
     - "TABLE"
 -
  description: "CREATE"
  input: "CREATE "
  output:
    hasIdentifier: false
    hasMoreResults: true
    tokens:
     - "BRANCH"
     - "FOLDER"
     - "FUNCTION"
     - "OR"
     - "ROLE"
 -
  description: "CREATE TABLE"
  input: "CREATE TABLE "
  output:
    hasIdentifier: true
    hasMoreResults: false
    tokens:
     - "IF"
 -
  description: "CREATE VIEW"
  input: "CREATE VIEW "
  output:
    hasIdentifier: true
    hasMoreResults: false
    tokens: []
