#
# Copyright (C) 2017-2019 Dremio Corporation
#
# Licensed under the Apache License, Version 2.0 (the "License");
# you may not use this file except in compliance with the License.
# You may obtain a copy of the License at
#
#     http://www.apache.org/licenses/LICENSE-2.0
#
# Unless required by applicable law or agreed to in writing, software
# distributed under the License is distributed on an "AS IS" BASIS,
# WITHOUT WARRANTIES OR CONDITIONS OF ANY KIND, either express or implied.
# See the License for the specific language governing permissions and
# limitations under the License.
#

---
 -
  description: "ALTER + CREATE"
  input: "ALTER DATASET blah CREATE "
  output:
    hasIdentifier: false
    hasMoreResults: false
    tokens:
     - "AGGREGATE"
     - "EXTERNAL"
     - "RAW"
 -
  description: "RAW REFLECTION"
  input: "ALTER DATASET blah CREATE RAW REFLECTION "
  output:
    hasIdentifier: true
    hasMoreResults: false
    tokens: []
 -
  description: "USING"
  input: "ALTER DATASET blah CREATE RAW REFLECTION myReflection USING "
  output:
    hasIdentifier: false
    hasMoreResults: false
    tokens:
     - "DISPLAY"
 -
  description: "DISPLAY"
  input: "ALTER DATASET blah CREATE RAW REFLECTION myReflection USING DISPLAY"
  output:
    hasIdentifier: false
    hasMoreResults: true
    tokens:
     - "("
     - ";"
     - "ARROW"
     - "CONSOLIDATED"
     - "DISTRIBUTE"
 -
  description: "DISPLAY("
  input: "ALTER DATASET blah CREATE RAW REFLECTION myReflection USING DISPLAY("
  output:
    hasIdentifier: true
    hasMoreResults: false
    tokens: []
 -
  description: "DISPLAY(FIELD"
  input: "ALTER DATASET blah CREATE RAW REFLECTION myReflection USING DISPLAY(FIELD"
  output:
    hasIdentifier: false
    hasMoreResults: false
    tokens:
     - ")"
     - ","
 -
  description: "USING DISPLAY(FIELD,"
  input: "ALTER DATASET blah CREATE RAW REFLECTION myReflection USING DISPLAY(FIELD,"
  output:
    hasIdentifier: true
    hasMoreResults: false
    tokens: []
 -
  description: "DISTRIBUTE"
  input: "ALTER DATASET blah CREATE RAW REFLECTION myReflection USING DISPLAY(FIELD) DISTRIBUTE"
  output:
    hasIdentifier: false
    hasMoreResults: false
    tokens:
     - "BY"
 -
  description: "DISTRIBUTE BY"
  input: "ALTER DATASET blah CREATE RAW REFLECTION myReflection USING DISPLAY(FIELD) DISTRIBUTE BY"
  output:
    hasIdentifier: false
    hasMoreResults: false
    tokens:
     - "("
 -
  description: "PARTITION"
  input: "ALTER DATASET blah CREATE RAW REFLECTION myReflection USING DISPLAY(FIELD) PARTITION"
  output:
    hasIdentifier: false
    hasMoreResults: false
    tokens:
     - "BY"
 -
  description: "PARTITION BY"
  input: "ALTER DATASET blah CREATE RAW REFLECTION myReflection USING DISPLAY(FIELD) PARTITION BY"
  output:
    hasIdentifier: false
    hasMoreResults: false
    tokens:
     - "("
 -
  description: "LOCALSORT"
  input: "ALTER DATASET blah CREATE RAW REFLECTION myReflection USING DISPLAY(FIELD) LOCALSORT"
  output:
    hasIdentifier: false
    hasMoreResults: false
    tokens:
     - "BY"
 -
  description: "LOCALSORT BY"
  input: "ALTER DATASET blah CREATE RAW REFLECTION myReflection USING DISPLAY(FIELD) LOCALSORT BY"
  output:
    hasIdentifier: false
    hasMoreResults: false
    tokens:
     - "("
 -
  description: "DIMENSION"
  input: "ALTER TABLE BLAH \n CREATE AGGREGATE REFLECTION BLAH \n USING \n DIMENSIONS (x "
  output:
    hasIdentifier: false
    hasMoreResults: false
    tokens:
     - ","
     - ")"
     - "BY"
 -
  description: "MEASURES"
  input: "ALTER TABLE BLAH \n CREATE AGGREGATE REFLECTION BLAH \n USING \n DIMENSIONS (x by day, y) \n MEASURES (b ("
  output:
    hasIdentifier: false
    hasMoreResults: true
    tokens:
     - "SUM"
     - "APPROX"
     - "APPROXIMATE"
     - "COUNT"
     - "MAX"
