#
# Copyright (C) 2017-2019 Dremio Corporation
#
# Licensed under the Apache License, Version 2.0 (the "License");
# you may not use this file except in compliance with the License.
# You may obtain a copy of the License at
#
#     http://www.apache.org/licenses/LICENSE-2.0
#
# Unless required by applicable law or agreed to in writing, software
# distributed under the License is distributed on an "AS IS" BASIS,
# WITHOUT WARRANTIES OR CONDITIONS OF ANY KIND, either express or implied.
# See the License for the specific language governing permissions and
# limitations under the License.
#

---
 -
  description: "Equals"
  input: "SELECT * FROM EMP WHERE EMP.age = "
  output:
    hasIdentifier: true
    hasMoreResults: true
    tokens:
     - "("
     - "+"
     - "-"
     - "?"
     - "ALL"
 -
  description: "Not equal"
  input: "SELECT * FROM EMP WHERE EMP.age <> "
  output:
    hasIdentifier: true
    hasMoreResults: true
    tokens:
     - "("
     - "+"
     - "-"
     - "?"
     - "ALL"
 -
  description: "Not equal"
  input: "SELECT * FROM EMP WHERE EMP.age != "
  output:
    hasIdentifier: true
    hasMoreResults: true
    tokens:
     - "("
     - "+"
     - "-"
     - "?"
     - "ALL"
 -
  description: "Greater than"
  input: "SELECT * FROM EMP WHERE EMP.age > "
  output:
    hasIdentifier: true
    hasMoreResults: true
    tokens:
     - "("
     - "+"
     - "-"
     - "?"
     - "ALL"
 -
  description: "Greater than or equal"
  input: "SELECT * FROM EMP WHERE EMP.age >= "
  output:
    hasIdentifier: true
    hasMoreResults: true
    tokens:
     - "("
     - "+"
     - "-"
     - "?"
     - "ALL"
 -
  description: "Less than"
  input: "SELECT * FROM EMP WHERE EMP.age < "
  output:
    hasIdentifier: true
    hasMoreResults: true
    tokens:
     - "("
     - "+"
     - "-"
     - "?"
     - "ALL"
 -
  description: "Less than or equal"
  input: "SELECT * FROM EMP WHERE EMP.age <= "
  output:
    hasIdentifier: true
    hasMoreResults: true
    tokens:
     - "("
     - "+"
     - "-"
     - "?"
     - "ALL"
 -
  description: "Whether two values are equal, treating null values as the same"
  input: "SELECT * FROM EMP WHERE EMP.age <=> "
  output:
    hasIdentifier: true
    hasMoreResults: true
    tokens:
     - "("
     - "+"
     - "-"
     - "?"
     - "ALL"
 -
  description: "IS"
  input: "SELECT * FROM EMP WHERE EMP.age IS "
  output:
    hasIdentifier: false
    hasMoreResults: true
    tokens:
     - "A"
     - "DISTINCT"
     - "EMPTY"
     - "FALSE"
     - "NOT"
 -
  description: "IS NULL"
  input: "SELECT * FROM EMP WHERE EMP.age IS NULL"
  output:
    hasIdentifier: false
    hasMoreResults: true
    tokens:
     - "!="
     - "%"
     - "*"
     - "+"
     - "-"
 -
  description: "IS NOT"
  input: "SELECT * FROM EMP WHERE EMP.age IS NOT"
  output:
    hasIdentifier: false
    hasMoreResults: true
    tokens:
     - "NULL"
     - "A"
     - "DISTINCT"
     - "EMPTY"
     - "FALSE"
 -
  description: "IS NOT NULL"
  input: "SELECT * FROM EMP WHERE EMP.age IS NOT NULL"
  output:
    hasIdentifier: false
    hasMoreResults: true
    tokens:
     - "!="
     - "%"
     - "*"
     - "+"
     - "-"
 -
  description: "IS DISTINCT"
  input: "SELECT * FROM EMP WHERE EMP.age IS DISTINCT"
  output:
    hasIdentifier: false
    hasMoreResults: false
    tokens:
     - "FROM"
 -
  description: "IS DISTINCT FROM"
  input: "SELECT * FROM EMP WHERE EMP.age IS DISTINCT FROM "
  output:
    hasIdentifier: true
    hasMoreResults: true
    tokens:
     - "("
     - "+"
     - "-"
     - "?"
     - "ARRAY"
 -
  description: "IS NOT DISTINCT"
  input: "SELECT * FROM EMP WHERE EMP.age IS NOT DISTINCT "
  output:
    hasIdentifier: false
    hasMoreResults: false
    tokens:
     - "FROM"
 -
  description: "IS NOT DISTINCT FROM "
  input: "SELECT * FROM EMP WHERE EMP.age IS NOT DISTINCT FROM "
  output:
    hasIdentifier: true
    hasMoreResults: true
    tokens:
     - "("
     - "+"
     - "-"
     - "?"
     - "ARRAY"
 -
  description: "BETWEEN"
  input: "SELECT * FROM EMP WHERE EMP.age BETWEEN"
  output:
    hasIdentifier: true
    hasMoreResults: true
    tokens:
     - "("
     - "+"
     - "-"
     - "?"
     - "ARRAY"
 -
  description: "BETWEEN value2"
  input: "SELECT * FROM EMP WHERE EMP.age BETWEEN 25 "
  output:
    hasIdentifier: false
    hasMoreResults: false
    tokens:
     - "AND"
 -
  description: "BETWEEN value2 AND"
  input: "SELECT * FROM EMP WHERE EMP.age BETWEEN 25 AND "
  output:
    hasIdentifier: true
    hasMoreResults: false
    tokens: []
 -
  description: "NOT BETWEEN"
  input: "SELECT * FROM EMP WHERE EMP.age NOT BETWEEN"
  output:
    hasIdentifier: true
    hasMoreResults: true
    tokens:
     - "("
     - "+"
     - "-"
     - "?"
     - "ARRAY"
 -
  description: "NOT BETWEEN value2"
  input: "SELECT * FROM EMP WHERE EMP.age NOT BETWEEN 25 "
  output:
    hasIdentifier: false
    hasMoreResults: false
    tokens:
     - "AND"
 -
  description: "NOT BETWEEN value2 AND"
  input: "SELECT * FROM EMP WHERE EMP.age NOT BETWEEN 25 AND "
  output:
    hasIdentifier: true
    hasMoreResults: false
    tokens: []
 -
  description: "LIKE"
  input: "SELECT * FROM EMP WHERE EMP.age LIKE "
  output:
    hasIdentifier: true
    hasMoreResults: true
    tokens:
     - "("
     - "+"
     - "-"
     - "?"
     - "ARRAY"
 -
  description: "LIKE string 2"
  input: "SELECT * FROM EMP WHERE EMP.name LIKE 'asdf*'"
  output:
    hasIdentifier: false
    hasMoreResults: true
    tokens:
     - "!="
     - "%"
     - "*"
     - "+"
     - "-"
 -
  description: "NOT LIKE"
  input: "SELECT * FROM EMP WHERE EMP.age NOT LIKE "
  output:
    hasIdentifier: true
    hasMoreResults: true
    tokens:
     - "("
     - "+"
     - "-"
     - "?"
     - "ARRAY"
 -
  description: "NOT LIKE string 2"
  input: "SELECT * FROM EMP WHERE EMP.name NOT LIKE 'asdf*'"
  output:
    hasIdentifier: false
    hasMoreResults: true
    tokens:
     - "!="
     - "%"
     - "*"
     - "+"
     - "-"
 -
  description: "SIMILAR "
  input: "SELECT * FROM EMP WHERE EMP.name SIMILAR "
  output:
    hasIdentifier: false
    hasMoreResults: false
    tokens:
     - "TO"
 -
  description: "SIMILAR TO"
  input: "SELECT * FROM EMP WHERE EMP.name SIMILAR TO "
  output:
    hasIdentifier: true
    hasMoreResults: true
    tokens:
     - "("
     - "+"
     - "-"
     - "?"
     - "ARRAY"
 -
  description: "SIMILAR TO string2"
  input: "SELECT * FROM EMP WHERE EMP.name SIMILAR TO 'asdf*'"
  output:
    hasIdentifier: false
    hasMoreResults: true
    tokens:
     - "!="
     - "%"
     - "*"
     - "+"
     - "-"
 -
  description: "NOT SIMILAR "
  input: "SELECT * FROM EMP WHERE EMP.name NOT SIMILAR "
  output:
    hasIdentifier: false
    hasMoreResults: false
    tokens:
     - "TO"
 -
  description: "NOT SIMILAR TO"
  input: "SELECT * FROM EMP WHERE EMP.name NOT SIMILAR TO "
  output:
    hasIdentifier: true
    hasMoreResults: true
    tokens:
     - "("
     - "+"
     - "-"
     - "?"
     - "ARRAY"
 -
  description: "NOT SIMILAR TO string2"
  input: "SELECT * FROM EMP WHERE EMP.name NOT SIMILAR TO 'asdf*'"
  output:
    hasIdentifier: false
    hasMoreResults: true
    tokens:
     - "!="
     - "%"
     - "*"
     - "+"
     - "-"
 -
  description: "IN"
  input: "SELECT * FROM EMP WHERE EMP.name IN "
  output:
    hasIdentifier: false
    hasMoreResults: false
    tokens:
     - "("
 -
  description: "IN("
  input: "SELECT * FROM EMP WHERE EMP.name IN("
  output:
    hasIdentifier: true
    hasMoreResults: true
    tokens:
     - "("
     - "+"
     - "-"
     - "?"
     - "ARRAY"
 -
  description: "IN(value"
  input: "SELECT * FROM EMP WHERE EMP.name IN('alice'"
  output:
    hasIdentifier: false
    hasMoreResults: true
    tokens:
     - "!="
     - "%"
     - ")"
     - "*"
     - "+"
 -
  description: "IN(value,"
  input: "SELECT * FROM EMP WHERE EMP.name IN('alice', "
  output:
    hasIdentifier: true
    hasMoreResults: true
    tokens:
     - "("
     - "+"
     - "-"
     - "?"
     - "ARRAY"
 -
  description: "IN(value)"
  input: "SELECT * FROM EMP WHERE EMP.name IN('alice')"
  output:
    hasIdentifier: false
    hasMoreResults: true
    tokens:
     - "!="
     - "%"
     - "*"
     - "+"
     - "-"
 -
  description: "NOT IN"
  input: "SELECT * FROM EMP WHERE EMP.name NOT IN "
  output:
    hasIdentifier: false
    hasMoreResults: false
    tokens:
     - "("
 -
  description: "NOT IN("
  input: "SELECT * FROM EMP WHERE EMP.name NOT IN("
  output:
    hasIdentifier: true
    hasMoreResults: true
    tokens:
     - "SELECT"
     - "("
     - "+"
     - "-"
     - "?"
 -
  description: "NOT IN(value"
  input: "SELECT * FROM EMP WHERE EMP.name NOT IN('alice'"
  output:
    hasIdentifier: false
    hasMoreResults: true
    tokens:
     - "!="
     - "%"
     - ")"
     - "*"
     - "+"
 -
  description: "NOT IN(value,"
  input: "SELECT * FROM EMP WHERE EMP.name NOT IN('alice', "
  output:
    hasIdentifier: true
    hasMoreResults: true
    tokens:
     - "("
     - "+"
     - "-"
     - "?"
     - "ARRAY"
 -
  description: "NOT IN(value)"
  input: "SELECT * FROM EMP WHERE EMP.name NOT IN('alice')"
  output:
    hasIdentifier: false
    hasMoreResults: true
    tokens:
     - "!="
     - "%"
     - "*"
     - "+"
     - "-"
