#
# Copyright (C) 2017-2019 Dremio Corporation
#
# Licensed under the Apache License, Version 2.0 (the "License");
# you may not use this file except in compliance with the License.
# You may obtain a copy of the License at
#
#     http://www.apache.org/licenses/LICENSE-2.0
#
# Unless required by applicable law or agreed to in writing, software
# distributed under the License is distributed on an "AS IS" BASIS,
# WITHOUT WARRANTIES OR CONDITIONS OF ANY KIND, either express or implied.
# See the License for the specific language governing permissions and
# limitations under the License.
#

---
 -
  description: "EMPTY STRING"
  input: ""
  output:
    hasIdentifier: true
    hasMoreResults: true
    tokens:
     - "SELECT"
     - "MULTISET"
     - "("
     - "PERIOD"
     - "UPDATE"
 -
  description: "SELECT"
  input: "SELECT "
  output:
    hasIdentifier: true
    hasMoreResults: true
    tokens:
     - "*"
     - "DISTINCT"
     - "("
     - "CASE"
     - "ROW"
 -
  description: "SELECT STAR"
  input: "SELECT * "
  output:
    hasIdentifier: false
    hasMoreResults: true
    tokens:
     - "FROM"
     - ","
     - ";"
     - "EXCEPT"
     - "FETCH"
 -
  description: "SELECT STAR FROM"
  input: "SELECT * FROM "
  output:
    hasIdentifier: true
    hasMoreResults: false
    tokens:
     - "("
     - "LATERAL"
     - "TABLE"
     - "UNNEST"
 -
  description: "SELECT STAR FROM IDENTIFIER"
  input: "SELECT * FROM emp "
  output:
    hasIdentifier: false
    hasMoreResults: true
    tokens:
     - "WHERE"
     - "JOIN"
     - "ORDER"
     - ","
     - "NATURAL"
 -
  description: "SELECT STAR FROM IDENTIFIER WHERE"
  input: "SELECT * FROM emp WHERE "
  output:
    hasIdentifier: true
    hasMoreResults: true
    tokens:
     - "EXISTS"
     - "NOT"
     - "("
     - "+"
     - "-"
 -
  description: "SELECT STAR FROM IDENTIFIER WHERE IDENTIFIER"
  input: "SELECT * FROM emp WHERE age "
  output:
    hasIdentifier: false
    hasMoreResults: true
    tokens:
     - "."
     - "="
     - ">"
     - "IN"
     - "<"
 -
  description: "FUNCTION"
  input: "SELECT ABS("
  output:
    hasIdentifier: true
    hasMoreResults: true
    tokens:
     - "SELECT"
     - ")"
     - "VALUES"
     - "*"
     - "CASE"
 -
  description: "JOIN ON "
  input: "SELECT * FROM EMP JOIN DEPT ON "
  output:
    hasIdentifier: true
    hasMoreResults: true
    tokens:
     - "("
     - "+"
     - "-"
     - "?"
     - "ARRAY"
