#
# Copyright (C) 2017-2019 Dremio Corporation
#
# Licensed under the Apache License, Version 2.0 (the "License");
# you may not use this file except in compliance with the License.
# You may obtain a copy of the License at
#
#     http://www.apache.org/licenses/LICENSE-2.0
#
# Unless required by applicable law or agreed to in writing, software
# distributed under the License is distributed on an "AS IS" BASIS,
# WITHOUT WARRANTIES OR CONDITIONS OF ANY KIND, either express or implied.
# See the License for the specific language governing permissions and
# limitations under the License.
#

---
 -
  description: "UPDATE"
  input: "UPDATE ^"
  output:
    completions:
     -
      data:
        name: "DEPT"
        type: "Physical Dataset"
      detail: "Some CatalogEntry"
      insertText: "DEPT"
      kind: "CatalogEntry"
      label: "DEPT"
     -
      data:
        name: "EMP"
        type: "Physical Dataset"
      detail: "Some CatalogEntry"
      insertText: "EMP"
      kind: "CatalogEntry"
      label: "EMP"
     -
      data:
        name: "physical dataset"
        type: "Physical Dataset"
      detail: "Some CatalogEntry"
      insertText: "\"physical dataset\""
      kind: "CatalogEntry"
      label: "physical dataset"
     -
      data:
        name: "SALGRADE"
        type: "Virtual Dataset"
      detail: "Some CatalogEntry"
      insertText: "SALGRADE"
      kind: "CatalogEntry"
      label: "SALGRADE"
     -
      data:
        name: "virtual dataset"
        type: "Virtual Dataset"
      detail: "Some CatalogEntry"
      insertText: "\"virtual dataset\""
      kind: "CatalogEntry"
      label: "virtual dataset"
    functionContext: null
    hasMoreResults: true
 -
  description: "UPDATE + TABLE"
  input: "UPDATE EMP ^"
  output:
    completions:
     -
      data: "SET"
      detail: "Some SQL keyword"
      insertText: "SET"
      kind: "Keyword"
      label: "SET"
     -
      data: "."
      detail: "Some SQL keyword"
      insertText: "."
      kind: "Keyword"
      label: "."
     -
       data: "AS"
       detail: "Some SQL keyword"
       insertText: "AS"
       kind: "Keyword"
       label: "AS"
     -
      data: "["
      detail: "Some SQL keyword"
      insertText: "["
      kind: "Keyword"
      label: "["
    functionContext: null
    hasMoreResults: false
 -
  description: "UPDATE + TABLE + SET"
  input: "UPDATE EMP SET ^"
  output:
    completions:
     -
      data:
        column:
          name: "COMM"
          type: "INTEGER"
        tableAlias: "EMP"
      detail: "Some Column"
      insertText: "EMP.COMM"
      kind: "Column"
      label: "COMM"
     -
      data:
        column:
          name: "DEPTNO"
          type: "INTEGER"
        tableAlias: "EMP"
      detail: "Some Column"
      insertText: "EMP.DEPTNO"
      kind: "Column"
      label: "DEPTNO"
     -
      data:
        column:
          name: "EMPNO"
          type: "INTEGER"
        tableAlias: "EMP"
      detail: "Some Column"
      insertText: "EMP.EMPNO"
      kind: "Column"
      label: "EMPNO"
     -
      data:
        column:
          name: "ENAME"
          type: "VARCHAR"
        tableAlias: "EMP"
      detail: "Some Column"
      insertText: "EMP.ENAME"
      kind: "Column"
      label: "ENAME"
     -
      data:
        column:
          name: "HIREDATE"
          type: "TIMESTAMP"
        tableAlias: "EMP"
      detail: "Some Column"
      insertText: "EMP.HIREDATE"
      kind: "Column"
      label: "HIREDATE"
    functionContext: null
    hasMoreResults: true
 -
  description: "UPDATE + TABLE + SET + PARTIAL ASSIGN"
  input: "UPDATE EMP SET NAME = ^"
  output:
    completions:
     -
      data:
        column:
          name: "COMM"
          type: "INTEGER"
        tableAlias: "EMP"
      detail: "Some Column"
      insertText: "EMP.COMM"
      kind: "Column"
      label: "COMM"
     -
      data:
        column:
          name: "DEPTNO"
          type: "INTEGER"
        tableAlias: "EMP"
      detail: "Some Column"
      insertText: "EMP.DEPTNO"
      kind: "Column"
      label: "DEPTNO"
     -
      data:
        column:
          name: "EMPNO"
          type: "INTEGER"
        tableAlias: "EMP"
      detail: "Some Column"
      insertText: "EMP.EMPNO"
      kind: "Column"
      label: "EMPNO"
     -
      data:
        column:
          name: "ENAME"
          type: "VARCHAR"
        tableAlias: "EMP"
      detail: "Some Column"
      insertText: "EMP.ENAME"
      kind: "Column"
      label: "ENAME"
     -
      data:
        column:
          name: "HIREDATE"
          type: "TIMESTAMP"
        tableAlias: "EMP"
      detail: "Some Column"
      insertText: "EMP.HIREDATE"
      kind: "Column"
      label: "HIREDATE"
    functionContext: null
    hasMoreResults: true
 -
  description: "UPDATE + TABLE + SET + ASSIGN"
  input: "UPDATE EMP SET NAME = 'Brandon' ^"
  output:
    completions:
     -
      data: "!="
      detail: "Some SQL keyword"
      insertText: "!="
      kind: "Keyword"
      label: "!="
     -
      data: "%"
      detail: "Some SQL keyword"
      insertText: "%"
      kind: "Keyword"
      label: "%"
     -
      data: "*"
      detail: "Some SQL keyword"
      insertText: "*"
      kind: "Keyword"
      label: "*"
     -
      data: "+"
      detail: "Some SQL keyword"
      insertText: "+"
      kind: "Keyword"
      label: "+"
     -
      data: ","
      detail: "Some SQL keyword"
      insertText: ","
      kind: "Keyword"
      label: ","
    functionContext: null
    hasMoreResults: true
 -
  description: "UPDATE + TABLE + SET + PARTIAL ASSIGN LIST"
  input: "UPDATE EMP SET NAME = 'Brandon', ^"
  output:
    completions:
     -
      data:
        column:
          name: "COMM"
          type: "INTEGER"
        tableAlias: "EMP"
      detail: "Some Column"
      insertText: "EMP.COMM"
      kind: "Column"
      label: "COMM"
     -
      data:
        column:
          name: "DEPTNO"
          type: "INTEGER"
        tableAlias: "EMP"
      detail: "Some Column"
      insertText: "EMP.DEPTNO"
      kind: "Column"
      label: "DEPTNO"
     -
      data:
        column:
          name: "EMPNO"
          type: "INTEGER"
        tableAlias: "EMP"
      detail: "Some Column"
      insertText: "EMP.EMPNO"
      kind: "Column"
      label: "EMPNO"
     -
      data:
        column:
          name: "ENAME"
          type: "VARCHAR"
        tableAlias: "EMP"
      detail: "Some Column"
      insertText: "EMP.ENAME"
      kind: "Column"
      label: "ENAME"
     -
      data:
        column:
          name: "HIREDATE"
          type: "TIMESTAMP"
        tableAlias: "EMP"
      detail: "Some Column"
      insertText: "EMP.HIREDATE"
      kind: "Column"
      label: "HIREDATE"
    functionContext: null
    hasMoreResults: true
 -
  description: "UPDATE + TABLE + SET + ASSIGN LIST"
  input: "UPDATE EMP SET NAME = 'Brandon', AGE = 27 ^"
  output:
    completions:
     -
      data: ","
      detail: "Some SQL keyword"
      insertText: ","
      kind: "Keyword"
      label: ","
     -
      data: "OR"
      detail: "Some SQL keyword"
      insertText: "OR"
      kind: "Keyword"
      label: "OR"
     -
      data: "WHERE"
      detail: "Some SQL keyword"
      insertText: "WHERE"
      kind: "Keyword"
      label: "WHERE"
     -
      data: "!="
      detail: "Some SQL keyword"
      insertText: "!="
      kind: "Keyword"
      label: "!="
     -
      data: "%"
      detail: "Some SQL keyword"
      insertText: "%"
      kind: "Keyword"
      label: "%"
    functionContext: null
    hasMoreResults: true
 -
  description: "UPDATE + TABLE + SET + ASSIGN LIST + WHERE"
  input: "UPDATE EMP SET NAME = 'Brandon', AGE = 27 WHERE ^"
  output:
    completions:
     -
      data:
        column:
          name: "COMM"
          type: "INTEGER"
        tableAlias: "EMP"
      detail: "Some Column"
      insertText: "EMP.COMM"
      kind: "Column"
      label: "COMM"
     -
      data:
        column:
          name: "DEPTNO"
          type: "INTEGER"
        tableAlias: "EMP"
      detail: "Some Column"
      insertText: "EMP.DEPTNO"
      kind: "Column"
      label: "DEPTNO"
     -
      data:
        column:
          name: "EMPNO"
          type: "INTEGER"
        tableAlias: "EMP"
      detail: "Some Column"
      insertText: "EMP.EMPNO"
      kind: "Column"
      label: "EMPNO"
     -
      data:
        column:
          name: "ENAME"
          type: "VARCHAR"
        tableAlias: "EMP"
      detail: "Some Column"
      insertText: "EMP.ENAME"
      kind: "Column"
      label: "ENAME"
     -
      data:
        column:
          name: "HIREDATE"
          type: "TIMESTAMP"
        tableAlias: "EMP"
      detail: "Some Column"
      insertText: "EMP.HIREDATE"
      kind: "Column"
      label: "HIREDATE"
    functionContext: null
    hasMoreResults: true
 -
  description: "UPDATE + TABLE + SET + ASSIGN LIST + WHERE + BOOLEAN EXPRESSION"
  input: "UPDATE EMP SET NAME = 'Brandon', AGE = 27 WHERE NAME != 'Brandon' ^"
  output:
    completions:
     -
      data: "!="
      detail: "Some SQL keyword"
      insertText: "!="
      kind: "Keyword"
      label: "!="
     -
      data: "%"
      detail: "Some SQL keyword"
      insertText: "%"
      kind: "Keyword"
      label: "%"
     -
      data: "*"
      detail: "Some SQL keyword"
      insertText: "*"
      kind: "Keyword"
      label: "*"
     -
      data: "+"
      detail: "Some SQL keyword"
      insertText: "+"
      kind: "Keyword"
      label: "+"
     -
      data: "-"
      detail: "Some SQL keyword"
      insertText: "-"
      kind: "Keyword"
      label: "-"
    functionContext: null
    hasMoreResults: true
