#
# Copyright (C) 2017-2019 Dremio Corporation
#
# Licensed under the Apache License, Version 2.0 (the "License");
# you may not use this file except in compliance with the License.
# You may obtain a copy of the License at
#
#     http://www.apache.org/licenses/LICENSE-2.0
#
# Unless required by applicable law or agreed to in writing, software
# distributed under the License is distributed on an "AS IS" BASIS,
# WITHOUT WARRANTIES OR CONDITIONS OF ANY KIND, either express or implied.
# See the License for the specific language governing permissions and
# limitations under the License.
#


---
 -
  description: "No args"
  input:
    fullPath:
      - "dir"
      - "space"
    createdAt: null
    functionArgsList: []
    functionSql: "SELECT 1"
    modifiedAt: null
    name: "foo"
    returnType: !!binary |-
      EAAAAAAACgAMAAAACAAEAAoAAAAIAAAACAAAAAAAAAABAAAAGAAAAAAAEgAYABQAEwASAAwAAAAI
      AAQAEgAAABQAAAAUAAAAHAAAAAAAAgEgAAAAAAAAAAAAAAAIAAwACAAHAAgAAAAAAAABIAAAAAEA
      AABmAAAA
  output:
    createdAt: null
    fullPathList:
      - "dir"
      - "space"
    functionDefinitionsList:
      -
        functionArgList: []
        functionBody:
          rawBody: "SELECT 1"
    id: null
    lastModified: null
    name: "foo"
    returnType:
      rawDataType:
        empty: false
    tag: null
 -
  description: "1 arg"
  input:
    createdAt: null
    fullPath: null
    functionArgsList:
     -
      dataType: !!binary |-
        EAAAAAAACgAMAAAACAAEAAoAAAAIAAAACAAAAAAAAAABAAAAGAAAAAAAEgAYABQAEwASAAwAAAAI
        AAQAEgAAABQAAAAUAAAAGAAAAAAABQEUAAAAAAAAAAAAAAAEAAQABAAAAAEAAABmAAAA
      name: "bar"
    functionSql: "SELECT 1"
    modifiedAt: null
    name: "foo"
    returnType: !!binary |-
      EAAAAAAACgAMAAAACAAEAAoAAAAIAAAACAAAAAAAAAABAAAAGAAAAAAAEgAYABQAEwASAAwAAAAI
      AAQAEgAAABQAAAAUAAAAHAAAAAAAAgEgAAAAAAAAAAAAAAAIAAwACAAHAAgAAAAAAAABIAAAAAEA
      AABmAAAA
  output:
    createdAt: null
    fullPathList: null
    id: null
    functionDefinitionsList:
      - functionArgList:
          - name: "bar"
            rawDataType:
              empty: false
        functionBody:
          rawBody: "SELECT 1"
    lastModified: null
    name: "foo"
    returnType:
      rawDataType:
        empty: false
    tag: null
